MPLINK 5.09, LINKER
Linker Map File - Created Tue Feb 22 11:17:18 2022

                                 Section Info
                  Section       Type    Address   Location Size(Bytes)
                ---------  ---------  ---------  ---------  ---------
                   .org_0       code   0x000000    program   0x000004
                   .cinit    romdata   0x000004    program   0x000002
                   .org_1       code   0x000008    program   0x000004
                   .org_2       code   0x000018    program   0x000442
                    dbgP0       code   0x001dc0    program   0x000240
.config_300001_BUILD/DEFAULT/DEBUG/NEWPIC_8B_GE    romdata   0x300001    program   0x000001
.config_300003_BUILD/DEFAULT/DEBUG/NEWPIC_8B_GE    romdata   0x300003    program   0x000001
.config_300005_BUILD/DEFAULT/DEBUG/NEWPIC_8B_GE    romdata   0x300005    program   0x000001
.config_300006_BUILD/DEFAULT/DEBUG/NEWPIC_8B_GE    romdata   0x300006    program   0x000001
                    dbgD0      udata   0x0001f4       data   0x00000c



                              Program Memory Usage 
                               Start         End      
                           ---------   ---------      
                            0x000000    0x000005      
                            0x000008    0x00000b      
                            0x000018    0x000459      
                            0x001dc0    0x001fff      
                            0x300001    0x300001      
                            0x300003    0x300003      
                            0x300005    0x300006      
            1680 out of 8472 program addresses used, program memory utilization is 19%



                              Symbols - Sorted by Name
                     Name    Address   Location    Storage File                     
                ---------  ---------  ---------  --------- ---------                
               ACTION_TMR   0x0000b4    program     static C:\Users\gerar\Documents\Uni\3r Telecos\Compus P2_FaseA\LS-SDM-P1-2022\LS-SDM-P1-2022.X\newpic_8b_general.asm
               BUCLE2_D_1   0x00041e    program     static C:\Users\gerar\Documents\Uni\3r Telecos\Compus P2_FaseA\LS-SDM-P1-2022\LS-SDM-P1-2022.X\newpic_8b_general.asm
                BUCLE_D_1   0x00041c    program     static C:\Users\gerar\Documents\Uni\3r Telecos\Compus P2_FaseA\LS-SDM-P1-2022\LS-SDM-P1-2022.X\newpic_8b_general.asm
                  BUCLE_T   0x000222    program     static C:\Users\gerar\Documents\Uni\3r Telecos\Compus P2_FaseA\LS-SDM-P1-2022\LS-SDM-P1-2022.X\newpic_8b_general.asm
            CARREGA_TIMER   0x0000a2    program     static C:\Users\gerar\Documents\Uni\3r Telecos\Compus P2_FaseA\LS-SDM-P1-2022\LS-SDM-P1-2022.X\newpic_8b_general.asm
               CONFIG_ADC   0x000086    program     static C:\Users\gerar\Documents\Uni\3r Telecos\Compus P2_FaseA\LS-SDM-P1-2022\LS-SDM-P1-2022.X\newpic_8b_general.asm
        CONFIG_INTERRUPTS   0x0000ac    program     static C:\Users\gerar\Documents\Uni\3r Telecos\Compus P2_FaseA\LS-SDM-P1-2022\LS-SDM-P1-2022.X\newpic_8b_general.asm
             CONFIG_PORTS   0x000022    program     static C:\Users\gerar\Documents\Uni\3r Telecos\Compus P2_FaseA\LS-SDM-P1-2022\LS-SDM-P1-2022.X\newpic_8b_general.asm
             CONFIG_TIMER   0x000098    program     static C:\Users\gerar\Documents\Uni\3r Telecos\Compus P2_FaseA\LS-SDM-P1-2022\LS-SDM-P1-2022.X\newpic_8b_general.asm
                 CORREGIR   0x000264    program     static C:\Users\gerar\Documents\Uni\3r Telecos\Compus P2_FaseA\LS-SDM-P1-2022\LS-SDM-P1-2022.X\newpic_8b_general.asm
         DECREMENT_ANALOG   0x0001e4    program     static C:\Users\gerar\Documents\Uni\3r Telecos\Compus P2_FaseA\LS-SDM-P1-2022\LS-SDM-P1-2022.X\newpic_8b_general.asm
            END_LOOP_MAIN   0x00044e    program     static C:\Users\gerar\Documents\Uni\3r Telecos\Compus P2_FaseA\LS-SDM-P1-2022\LS-SDM-P1-2022.X\newpic_8b_general.asm
         ESPERA_CONVERSIO   0x000218    program     static C:\Users\gerar\Documents\Uni\3r Telecos\Compus P2_FaseA\LS-SDM-P1-2022\LS-SDM-P1-2022.X\newpic_8b_general.asm
ESPERA_DESCLICAR_CANVI_A_AUTO   0x00017e    program     static C:\Users\gerar\Documents\Uni\3r Telecos\Compus P2_FaseA\LS-SDM-P1-2022\LS-SDM-P1-2022.X\newpic_8b_general.asm
ESPERA_DESCLICAR_CANVI_A_MANUAL   0x000194    program     static C:\Users\gerar\Documents\Uni\3r Telecos\Compus P2_FaseA\LS-SDM-P1-2022\LS-SDM-P1-2022.X\newpic_8b_general.asm
ESPERA_DESCLICAR_MODE_TOCAR   0x00030a    program     static C:\Users\gerar\Documents\Uni\3r Telecos\Compus P2_FaseA\LS-SDM-P1-2022\LS-SDM-P1-2022.X\newpic_8b_general.asm
             ESPERA_GRAUS   0x0000f8    program     static C:\Users\gerar\Documents\Uni\3r Telecos\Compus P2_FaseA\LS-SDM-P1-2022\LS-SDM-P1-2022.X\newpic_8b_general.asm
            ESPERA_GRAUS2   0x00011c    program     static C:\Users\gerar\Documents\Uni\3r Telecos\Compus P2_FaseA\LS-SDM-P1-2022\LS-SDM-P1-2022.X\newpic_8b_general.asm
                ESPERA_TX   0x000322    program     static C:\Users\gerar\Documents\Uni\3r Telecos\Compus P2_FaseA\LS-SDM-P1-2022\LS-SDM-P1-2022.X\newpic_8b_general.asm
            ESPERA_meitat   0x00041a    program     static C:\Users\gerar\Documents\Uni\3r Telecos\Compus P2_FaseA\LS-SDM-P1-2022\LS-SDM-P1-2022.X\newpic_8b_general.asm
                  FINAL_T   0x00025c    program     static C:\Users\gerar\Documents\Uni\3r Telecos\Compus P2_FaseA\LS-SDM-P1-2022\LS-SDM-P1-2022.X\newpic_8b_general.asm
    FUNCIO_MODE_AUTOMATIC   0x0003e0    program     static C:\Users\gerar\Documents\Uni\3r Telecos\Compus P2_FaseA\LS-SDM-P1-2022\LS-SDM-P1-2022.X\newpic_8b_general.asm
       FUNCIO_MODE_MANUAL   0x000128    program     static C:\Users\gerar\Documents\Uni\3r Telecos\Compus P2_FaseA\LS-SDM-P1-2022\LS-SDM-P1-2022.X\newpic_8b_general.asm
                 HIGH_RSI   0x00001a    program     static C:\Users\gerar\Documents\Uni\3r Telecos\Compus P2_FaseA\LS-SDM-P1-2022\LS-SDM-P1-2022.X\newpic_8b_general.asm
           INCREMENTA_VAR   0x0000d0    program     static C:\Users\gerar\Documents\Uni\3r Telecos\Compus P2_FaseA\LS-SDM-P1-2022\LS-SDM-P1-2022.X\newpic_8b_general.asm
         INCREMENT_ANALOG   0x0001c2    program     static C:\Users\gerar\Documents\Uni\3r Telecos\Compus P2_FaseA\LS-SDM-P1-2022\LS-SDM-P1-2022.X\newpic_8b_general.asm
              INIT_EUSART   0x000072    program     static C:\Users\gerar\Documents\Uni\3r Telecos\Compus P2_FaseA\LS-SDM-P1-2022\LS-SDM-P1-2022.X\newpic_8b_general.asm
                INIT_VARS   0x000046    program     static C:\Users\gerar\Documents\Uni\3r Telecos\Compus P2_FaseA\LS-SDM-P1-2022\LS-SDM-P1-2022.X\newpic_8b_general.asm
              LOOP_ANALOG   0x0001a4    program     static C:\Users\gerar\Documents\Uni\3r Telecos\Compus P2_FaseA\LS-SDM-P1-2022\LS-SDM-P1-2022.X\newpic_8b_general.asm
              LOOP_CONVER   0x0001a6    program     static C:\Users\gerar\Documents\Uni\3r Telecos\Compus P2_FaseA\LS-SDM-P1-2022\LS-SDM-P1-2022.X\newpic_8b_general.asm
               LOOP_CWAIT   0x0001ce    program     static C:\Users\gerar\Documents\Uni\3r Telecos\Compus P2_FaseA\LS-SDM-P1-2022\LS-SDM-P1-2022.X\newpic_8b_general.asm
               LOOP_DWAIT   0x0001f0    program     static C:\Users\gerar\Documents\Uni\3r Telecos\Compus P2_FaseA\LS-SDM-P1-2022\LS-SDM-P1-2022.X\newpic_8b_general.asm
           LOOP_ESPERAPWM   0x0000e6    program     static C:\Users\gerar\Documents\Uni\3r Telecos\Compus P2_FaseA\LS-SDM-P1-2022\LS-SDM-P1-2022.X\newpic_8b_general.asm
          LOOP_ESPERAPWM2   0x00010a    program     static C:\Users\gerar\Documents\Uni\3r Telecos\Compus P2_FaseA\LS-SDM-P1-2022\LS-SDM-P1-2022.X\newpic_8b_general.asm
      LOOP_ESPERA_BAIXADA   0x0003c0    program     static C:\Users\gerar\Documents\Uni\3r Telecos\Compus P2_FaseA\LS-SDM-P1-2022\LS-SDM-P1-2022.X\newpic_8b_general.asm
    LOOP_ESPERA_BAIXADA_2   0x0003c4    program     static C:\Users\gerar\Documents\Uni\3r Telecos\Compus P2_FaseA\LS-SDM-P1-2022\LS-SDM-P1-2022.X\newpic_8b_general.asm
    LOOP_ESPERA_BAIXADA_3   0x0003c8    program     static C:\Users\gerar\Documents\Uni\3r Telecos\Compus P2_FaseA\LS-SDM-P1-2022\LS-SDM-P1-2022.X\newpic_8b_general.asm
            LOOP_ESPERA_X   0x000398    program     static C:\Users\gerar\Documents\Uni\3r Telecos\Compus P2_FaseA\LS-SDM-P1-2022\LS-SDM-P1-2022.X\newpic_8b_general.asm
          LOOP_ESPERA_X_2   0x00039c    program     static C:\Users\gerar\Documents\Uni\3r Telecos\Compus P2_FaseA\LS-SDM-P1-2022\LS-SDM-P1-2022.X\newpic_8b_general.asm
          LOOP_ESPERA_X_3   0x0003a0    program     static C:\Users\gerar\Documents\Uni\3r Telecos\Compus P2_FaseA\LS-SDM-P1-2022\LS-SDM-P1-2022.X\newpic_8b_general.asm
               LOOP_GRAUS   0x0000fc    program     static C:\Users\gerar\Documents\Uni\3r Telecos\Compus P2_FaseA\LS-SDM-P1-2022\LS-SDM-P1-2022.X\newpic_8b_general.asm
              LOOP_GRAUS2   0x000120    program     static C:\Users\gerar\Documents\Uni\3r Telecos\Compus P2_FaseA\LS-SDM-P1-2022\LS-SDM-P1-2022.X\newpic_8b_general.asm
                LOOP_MAIN   0x000444    program     static C:\Users\gerar\Documents\Uni\3r Telecos\Compus P2_FaseA\LS-SDM-P1-2022\LS-SDM-P1-2022.X\newpic_8b_general.asm
                LOOP_WAIT   0x0001cc    program     static C:\Users\gerar\Documents\Uni\3r Telecos\Compus P2_FaseA\LS-SDM-P1-2022\LS-SDM-P1-2022.X\newpic_8b_general.asm
               LOOP_WAITD   0x0001ee    program     static C:\Users\gerar\Documents\Uni\3r Telecos\Compus P2_FaseA\LS-SDM-P1-2022\LS-SDM-P1-2022.X\newpic_8b_general.asm
                     MAIN   0x00042c    program     static C:\Users\gerar\Documents\Uni\3r Telecos\Compus P2_FaseA\LS-SDM-P1-2022\LS-SDM-P1-2022.X\newpic_8b_general.asm
        MIRA_MODE_ENTRADA   0x0002f6    program     static C:\Users\gerar\Documents\Uni\3r Telecos\Compus P2_FaseA\LS-SDM-P1-2022\LS-SDM-P1-2022.X\newpic_8b_general.asm
             MOSTRAR_NOTA   0x00026a    program     static C:\Users\gerar\Documents\Uni\3r Telecos\Compus P2_FaseA\LS-SDM-P1-2022\LS-SDM-P1-2022.X\newpic_8b_general.asm
                 MOSTRA_A   0x0002a6    program     static C:\Users\gerar\Documents\Uni\3r Telecos\Compus P2_FaseA\LS-SDM-P1-2022\LS-SDM-P1-2022.X\newpic_8b_general.asm
                 MOSTRA_B   0x0002b0    program     static C:\Users\gerar\Documents\Uni\3r Telecos\Compus P2_FaseA\LS-SDM-P1-2022\LS-SDM-P1-2022.X\newpic_8b_general.asm
                 MOSTRA_C   0x0002ba    program     static C:\Users\gerar\Documents\Uni\3r Telecos\Compus P2_FaseA\LS-SDM-P1-2022\LS-SDM-P1-2022.X\newpic_8b_general.asm
           MOSTRA_C_MENOR   0x0002ec    program     static C:\Users\gerar\Documents\Uni\3r Telecos\Compus P2_FaseA\LS-SDM-P1-2022\LS-SDM-P1-2022.X\newpic_8b_general.asm
                 MOSTRA_D   0x0002c4    program     static C:\Users\gerar\Documents\Uni\3r Telecos\Compus P2_FaseA\LS-SDM-P1-2022\LS-SDM-P1-2022.X\newpic_8b_general.asm
                 MOSTRA_E   0x0002ce    program     static C:\Users\gerar\Documents\Uni\3r Telecos\Compus P2_FaseA\LS-SDM-P1-2022\LS-SDM-P1-2022.X\newpic_8b_general.asm
                 MOSTRA_F   0x0002d8    program     static C:\Users\gerar\Documents\Uni\3r Telecos\Compus P2_FaseA\LS-SDM-P1-2022\LS-SDM-P1-2022.X\newpic_8b_general.asm
                 MOSTRA_G   0x0002e2    program     static C:\Users\gerar\Documents\Uni\3r Telecos\Compus P2_FaseA\LS-SDM-P1-2022\LS-SDM-P1-2022.X\newpic_8b_general.asm
     MOVIMENT_JAVA_MANUAL   0x00032a    program     static C:\Users\gerar\Documents\Uni\3r Telecos\Compus P2_FaseA\LS-SDM-P1-2022\LS-SDM-P1-2022.X\newpic_8b_general.asm
        MOVIMENT_JOYSTICK   0x00019c    program     static C:\Users\gerar\Documents\Uni\3r Telecos\Compus P2_FaseA\LS-SDM-P1-2022\LS-SDM-P1-2022.X\newpic_8b_general.asm
                   NEXT_A   0x00037c    program     static C:\Users\gerar\Documents\Uni\3r Telecos\Compus P2_FaseA\LS-SDM-P1-2022\LS-SDM-P1-2022.X\newpic_8b_general.asm
                   NEXT_B   0x000388    program     static C:\Users\gerar\Documents\Uni\3r Telecos\Compus P2_FaseA\LS-SDM-P1-2022\LS-SDM-P1-2022.X\newpic_8b_general.asm
                   NEXT_C   0x000340    program     static C:\Users\gerar\Documents\Uni\3r Telecos\Compus P2_FaseA\LS-SDM-P1-2022\LS-SDM-P1-2022.X\newpic_8b_general.asm
                   NEXT_D   0x00034c    program     static C:\Users\gerar\Documents\Uni\3r Telecos\Compus P2_FaseA\LS-SDM-P1-2022\LS-SDM-P1-2022.X\newpic_8b_general.asm
                   NEXT_E   0x000358    program     static C:\Users\gerar\Documents\Uni\3r Telecos\Compus P2_FaseA\LS-SDM-P1-2022\LS-SDM-P1-2022.X\newpic_8b_general.asm
                   NEXT_F   0x000364    program     static C:\Users\gerar\Documents\Uni\3r Telecos\Compus P2_FaseA\LS-SDM-P1-2022\LS-SDM-P1-2022.X\newpic_8b_general.asm
                   NEXT_G   0x000370    program     static C:\Users\gerar\Documents\Uni\3r Telecos\Compus P2_FaseA\LS-SDM-P1-2022\LS-SDM-P1-2022.X\newpic_8b_general.asm
                   NEXT_c   0x000394    program     static C:\Users\gerar\Documents\Uni\3r Telecos\Compus P2_FaseA\LS-SDM-P1-2022\LS-SDM-P1-2022.X\newpic_8b_general.asm
               PICAR_NOTA   0x000212    program     static C:\Users\gerar\Documents\Uni\3r Telecos\Compus P2_FaseA\LS-SDM-P1-2022\LS-SDM-P1-2022.X\newpic_8b_general.asm
                POLLANCRE   0x00013c    program     static C:\Users\gerar\Documents\Uni\3r Telecos\Compus P2_FaseA\LS-SDM-P1-2022\LS-SDM-P1-2022.X\newpic_8b_general.asm
POLSADOR_REBOTS_CANVI_A_AUTO   0x000170    program     static C:\Users\gerar\Documents\Uni\3r Telecos\Compus P2_FaseA\LS-SDM-P1-2022\LS-SDM-P1-2022.X\newpic_8b_general.asm
POLSADOR_REBOTS_CANVI_A_MANUAL   0x000186    program     static C:\Users\gerar\Documents\Uni\3r Telecos\Compus P2_FaseA\LS-SDM-P1-2022\LS-SDM-P1-2022.X\newpic_8b_general.asm
            PRE_AUTO_MODE   0x0003f6    program     static C:\Users\gerar\Documents\Uni\3r Telecos\Compus P2_FaseA\LS-SDM-P1-2022\LS-SDM-P1-2022.X\newpic_8b_general.asm
  PRE_AUTO_MODE_CHECK_PIR   0x000404    program     static C:\Users\gerar\Documents\Uni\3r Telecos\Compus P2_FaseA\LS-SDM-P1-2022\LS-SDM-P1-2022.X\newpic_8b_general.asm
                      PWM   0x0000e0    program     static C:\Users\gerar\Documents\Uni\3r Telecos\Compus P2_FaseA\LS-SDM-P1-2022\LS-SDM-P1-2022.X\newpic_8b_general.asm
                     PWM2   0x000104    program     static C:\Users\gerar\Documents\Uni\3r Telecos\Compus P2_FaseA\LS-SDM-P1-2022\LS-SDM-P1-2022.X\newpic_8b_general.asm
                   RECORD   0x00031c    program     static C:\Users\gerar\Documents\Uni\3r Telecos\Compus P2_FaseA\LS-SDM-P1-2022\LS-SDM-P1-2022.X\newpic_8b_general.asm
                RESET_VAR   0x0000dc    program     static C:\Users\gerar\Documents\Uni\3r Telecos\Compus P2_FaseA\LS-SDM-P1-2022\LS-SDM-P1-2022.X\newpic_8b_general.asm
                    RESTA   0x00020c    program     static C:\Users\gerar\Documents\Uni\3r Telecos\Compus P2_FaseA\LS-SDM-P1-2022\LS-SDM-P1-2022.X\newpic_8b_general.asm
                     SUMA   0x000206    program     static C:\Users\gerar\Documents\Uni\3r Telecos\Compus P2_FaseA\LS-SDM-P1-2022\LS-SDM-P1-2022.X\newpic_8b_general.asm
                 T_TROBAT   0x00024c    program     static C:\Users\gerar\Documents\Uni\3r Telecos\Compus P2_FaseA\LS-SDM-P1-2022\LS-SDM-P1-2022.X\newpic_8b_general.asm
                     VERD   0x000132    program     static C:\Users\gerar\Documents\Uni\3r Telecos\Compus P2_FaseA\LS-SDM-P1-2022\LS-SDM-P1-2022.X\newpic_8b_general.asm
                  VERMELL   0x000138    program     static C:\Users\gerar\Documents\Uni\3r Telecos\Compus P2_FaseA\LS-SDM-P1-2022\LS-SDM-P1-2022.X\newpic_8b_general.asm



                              Symbols - Sorted by Address
                     Name    Address   Location    Storage File                     
                ---------  ---------  ---------  --------- ---------                
                 HIGH_RSI   0x00001a    program     static C:\Users\gerar\Documents\Uni\3r Telecos\Compus P2_FaseA\LS-SDM-P1-2022\LS-SDM-P1-2022.X\newpic_8b_general.asm
             CONFIG_PORTS   0x000022    program     static C:\Users\gerar\Documents\Uni\3r Telecos\Compus P2_FaseA\LS-SDM-P1-2022\LS-SDM-P1-2022.X\newpic_8b_general.asm
                INIT_VARS   0x000046    program     static C:\Users\gerar\Documents\Uni\3r Telecos\Compus P2_FaseA\LS-SDM-P1-2022\LS-SDM-P1-2022.X\newpic_8b_general.asm
              INIT_EUSART   0x000072    program     static C:\Users\gerar\Documents\Uni\3r Telecos\Compus P2_FaseA\LS-SDM-P1-2022\LS-SDM-P1-2022.X\newpic_8b_general.asm
               CONFIG_ADC   0x000086    program     static C:\Users\gerar\Documents\Uni\3r Telecos\Compus P2_FaseA\LS-SDM-P1-2022\LS-SDM-P1-2022.X\newpic_8b_general.asm
             CONFIG_TIMER   0x000098    program     static C:\Users\gerar\Documents\Uni\3r Telecos\Compus P2_FaseA\LS-SDM-P1-2022\LS-SDM-P1-2022.X\newpic_8b_general.asm
            CARREGA_TIMER   0x0000a2    program     static C:\Users\gerar\Documents\Uni\3r Telecos\Compus P2_FaseA\LS-SDM-P1-2022\LS-SDM-P1-2022.X\newpic_8b_general.asm
        CONFIG_INTERRUPTS   0x0000ac    program     static C:\Users\gerar\Documents\Uni\3r Telecos\Compus P2_FaseA\LS-SDM-P1-2022\LS-SDM-P1-2022.X\newpic_8b_general.asm
               ACTION_TMR   0x0000b4    program     static C:\Users\gerar\Documents\Uni\3r Telecos\Compus P2_FaseA\LS-SDM-P1-2022\LS-SDM-P1-2022.X\newpic_8b_general.asm
           INCREMENTA_VAR   0x0000d0    program     static C:\Users\gerar\Documents\Uni\3r Telecos\Compus P2_FaseA\LS-SDM-P1-2022\LS-SDM-P1-2022.X\newpic_8b_general.asm
                RESET_VAR   0x0000dc    program     static C:\Users\gerar\Documents\Uni\3r Telecos\Compus P2_FaseA\LS-SDM-P1-2022\LS-SDM-P1-2022.X\newpic_8b_general.asm
                      PWM   0x0000e0    program     static C:\Users\gerar\Documents\Uni\3r Telecos\Compus P2_FaseA\LS-SDM-P1-2022\LS-SDM-P1-2022.X\newpic_8b_general.asm
           LOOP_ESPERAPWM   0x0000e6    program     static C:\Users\gerar\Documents\Uni\3r Telecos\Compus P2_FaseA\LS-SDM-P1-2022\LS-SDM-P1-2022.X\newpic_8b_general.asm
             ESPERA_GRAUS   0x0000f8    program     static C:\Users\gerar\Documents\Uni\3r Telecos\Compus P2_FaseA\LS-SDM-P1-2022\LS-SDM-P1-2022.X\newpic_8b_general.asm
               LOOP_GRAUS   0x0000fc    program     static C:\Users\gerar\Documents\Uni\3r Telecos\Compus P2_FaseA\LS-SDM-P1-2022\LS-SDM-P1-2022.X\newpic_8b_general.asm
                     PWM2   0x000104    program     static C:\Users\gerar\Documents\Uni\3r Telecos\Compus P2_FaseA\LS-SDM-P1-2022\LS-SDM-P1-2022.X\newpic_8b_general.asm
          LOOP_ESPERAPWM2   0x00010a    program     static C:\Users\gerar\Documents\Uni\3r Telecos\Compus P2_FaseA\LS-SDM-P1-2022\LS-SDM-P1-2022.X\newpic_8b_general.asm
            ESPERA_GRAUS2   0x00011c    program     static C:\Users\gerar\Documents\Uni\3r Telecos\Compus P2_FaseA\LS-SDM-P1-2022\LS-SDM-P1-2022.X\newpic_8b_general.asm
              LOOP_GRAUS2   0x000120    program     static C:\Users\gerar\Documents\Uni\3r Telecos\Compus P2_FaseA\LS-SDM-P1-2022\LS-SDM-P1-2022.X\newpic_8b_general.asm
       FUNCIO_MODE_MANUAL   0x000128    program     static C:\Users\gerar\Documents\Uni\3r Telecos\Compus P2_FaseA\LS-SDM-P1-2022\LS-SDM-P1-2022.X\newpic_8b_general.asm
                     VERD   0x000132    program     static C:\Users\gerar\Documents\Uni\3r Telecos\Compus P2_FaseA\LS-SDM-P1-2022\LS-SDM-P1-2022.X\newpic_8b_general.asm
                  VERMELL   0x000138    program     static C:\Users\gerar\Documents\Uni\3r Telecos\Compus P2_FaseA\LS-SDM-P1-2022\LS-SDM-P1-2022.X\newpic_8b_general.asm
                POLLANCRE   0x00013c    program     static C:\Users\gerar\Documents\Uni\3r Telecos\Compus P2_FaseA\LS-SDM-P1-2022\LS-SDM-P1-2022.X\newpic_8b_general.asm
POLSADOR_REBOTS_CANVI_A_AUTO   0x000170    program     static C:\Users\gerar\Documents\Uni\3r Telecos\Compus P2_FaseA\LS-SDM-P1-2022\LS-SDM-P1-2022.X\newpic_8b_general.asm
ESPERA_DESCLICAR_CANVI_A_AUTO   0x00017e    program     static C:\Users\gerar\Documents\Uni\3r Telecos\Compus P2_FaseA\LS-SDM-P1-2022\LS-SDM-P1-2022.X\newpic_8b_general.asm
POLSADOR_REBOTS_CANVI_A_MANUAL   0x000186    program     static C:\Users\gerar\Documents\Uni\3r Telecos\Compus P2_FaseA\LS-SDM-P1-2022\LS-SDM-P1-2022.X\newpic_8b_general.asm
ESPERA_DESCLICAR_CANVI_A_MANUAL   0x000194    program     static C:\Users\gerar\Documents\Uni\3r Telecos\Compus P2_FaseA\LS-SDM-P1-2022\LS-SDM-P1-2022.X\newpic_8b_general.asm
        MOVIMENT_JOYSTICK   0x00019c    program     static C:\Users\gerar\Documents\Uni\3r Telecos\Compus P2_FaseA\LS-SDM-P1-2022\LS-SDM-P1-2022.X\newpic_8b_general.asm
              LOOP_ANALOG   0x0001a4    program     static C:\Users\gerar\Documents\Uni\3r Telecos\Compus P2_FaseA\LS-SDM-P1-2022\LS-SDM-P1-2022.X\newpic_8b_general.asm
              LOOP_CONVER   0x0001a6    program     static C:\Users\gerar\Documents\Uni\3r Telecos\Compus P2_FaseA\LS-SDM-P1-2022\LS-SDM-P1-2022.X\newpic_8b_general.asm
         INCREMENT_ANALOG   0x0001c2    program     static C:\Users\gerar\Documents\Uni\3r Telecos\Compus P2_FaseA\LS-SDM-P1-2022\LS-SDM-P1-2022.X\newpic_8b_general.asm
                LOOP_WAIT   0x0001cc    program     static C:\Users\gerar\Documents\Uni\3r Telecos\Compus P2_FaseA\LS-SDM-P1-2022\LS-SDM-P1-2022.X\newpic_8b_general.asm
               LOOP_CWAIT   0x0001ce    program     static C:\Users\gerar\Documents\Uni\3r Telecos\Compus P2_FaseA\LS-SDM-P1-2022\LS-SDM-P1-2022.X\newpic_8b_general.asm
         DECREMENT_ANALOG   0x0001e4    program     static C:\Users\gerar\Documents\Uni\3r Telecos\Compus P2_FaseA\LS-SDM-P1-2022\LS-SDM-P1-2022.X\newpic_8b_general.asm
               LOOP_WAITD   0x0001ee    program     static C:\Users\gerar\Documents\Uni\3r Telecos\Compus P2_FaseA\LS-SDM-P1-2022\LS-SDM-P1-2022.X\newpic_8b_general.asm
               LOOP_DWAIT   0x0001f0    program     static C:\Users\gerar\Documents\Uni\3r Telecos\Compus P2_FaseA\LS-SDM-P1-2022\LS-SDM-P1-2022.X\newpic_8b_general.asm
                     SUMA   0x000206    program     static C:\Users\gerar\Documents\Uni\3r Telecos\Compus P2_FaseA\LS-SDM-P1-2022\LS-SDM-P1-2022.X\newpic_8b_general.asm
                    RESTA   0x00020c    program     static C:\Users\gerar\Documents\Uni\3r Telecos\Compus P2_FaseA\LS-SDM-P1-2022\LS-SDM-P1-2022.X\newpic_8b_general.asm
               PICAR_NOTA   0x000212    program     static C:\Users\gerar\Documents\Uni\3r Telecos\Compus P2_FaseA\LS-SDM-P1-2022\LS-SDM-P1-2022.X\newpic_8b_general.asm
         ESPERA_CONVERSIO   0x000218    program     static C:\Users\gerar\Documents\Uni\3r Telecos\Compus P2_FaseA\LS-SDM-P1-2022\LS-SDM-P1-2022.X\newpic_8b_general.asm
                  BUCLE_T   0x000222    program     static C:\Users\gerar\Documents\Uni\3r Telecos\Compus P2_FaseA\LS-SDM-P1-2022\LS-SDM-P1-2022.X\newpic_8b_general.asm
                 T_TROBAT   0x00024c    program     static C:\Users\gerar\Documents\Uni\3r Telecos\Compus P2_FaseA\LS-SDM-P1-2022\LS-SDM-P1-2022.X\newpic_8b_general.asm
                  FINAL_T   0x00025c    program     static C:\Users\gerar\Documents\Uni\3r Telecos\Compus P2_FaseA\LS-SDM-P1-2022\LS-SDM-P1-2022.X\newpic_8b_general.asm
                 CORREGIR   0x000264    program     static C:\Users\gerar\Documents\Uni\3r Telecos\Compus P2_FaseA\LS-SDM-P1-2022\LS-SDM-P1-2022.X\newpic_8b_general.asm
             MOSTRAR_NOTA   0x00026a    program     static C:\Users\gerar\Documents\Uni\3r Telecos\Compus P2_FaseA\LS-SDM-P1-2022\LS-SDM-P1-2022.X\newpic_8b_general.asm
                 MOSTRA_A   0x0002a6    program     static C:\Users\gerar\Documents\Uni\3r Telecos\Compus P2_FaseA\LS-SDM-P1-2022\LS-SDM-P1-2022.X\newpic_8b_general.asm
                 MOSTRA_B   0x0002b0    program     static C:\Users\gerar\Documents\Uni\3r Telecos\Compus P2_FaseA\LS-SDM-P1-2022\LS-SDM-P1-2022.X\newpic_8b_general.asm
                 MOSTRA_C   0x0002ba    program     static C:\Users\gerar\Documents\Uni\3r Telecos\Compus P2_FaseA\LS-SDM-P1-2022\LS-SDM-P1-2022.X\newpic_8b_general.asm
                 MOSTRA_D   0x0002c4    program     static C:\Users\gerar\Documents\Uni\3r Telecos\Compus P2_FaseA\LS-SDM-P1-2022\LS-SDM-P1-2022.X\newpic_8b_general.asm
                 MOSTRA_E   0x0002ce    program     static C:\Users\gerar\Documents\Uni\3r Telecos\Compus P2_FaseA\LS-SDM-P1-2022\LS-SDM-P1-2022.X\newpic_8b_general.asm
                 MOSTRA_F   0x0002d8    program     static C:\Users\gerar\Documents\Uni\3r Telecos\Compus P2_FaseA\LS-SDM-P1-2022\LS-SDM-P1-2022.X\newpic_8b_general.asm
                 MOSTRA_G   0x0002e2    program     static C:\Users\gerar\Documents\Uni\3r Telecos\Compus P2_FaseA\LS-SDM-P1-2022\LS-SDM-P1-2022.X\newpic_8b_general.asm
           MOSTRA_C_MENOR   0x0002ec    program     static C:\Users\gerar\Documents\Uni\3r Telecos\Compus P2_FaseA\LS-SDM-P1-2022\LS-SDM-P1-2022.X\newpic_8b_general.asm
        MIRA_MODE_ENTRADA   0x0002f6    program     static C:\Users\gerar\Documents\Uni\3r Telecos\Compus P2_FaseA\LS-SDM-P1-2022\LS-SDM-P1-2022.X\newpic_8b_general.asm
ESPERA_DESCLICAR_MODE_TOCAR   0x00030a    program     static C:\Users\gerar\Documents\Uni\3r Telecos\Compus P2_FaseA\LS-SDM-P1-2022\LS-SDM-P1-2022.X\newpic_8b_general.asm
                   RECORD   0x00031c    program     static C:\Users\gerar\Documents\Uni\3r Telecos\Compus P2_FaseA\LS-SDM-P1-2022\LS-SDM-P1-2022.X\newpic_8b_general.asm
                ESPERA_TX   0x000322    program     static C:\Users\gerar\Documents\Uni\3r Telecos\Compus P2_FaseA\LS-SDM-P1-2022\LS-SDM-P1-2022.X\newpic_8b_general.asm
     MOVIMENT_JAVA_MANUAL   0x00032a    program     static C:\Users\gerar\Documents\Uni\3r Telecos\Compus P2_FaseA\LS-SDM-P1-2022\LS-SDM-P1-2022.X\newpic_8b_general.asm
                   NEXT_C   0x000340    program     static C:\Users\gerar\Documents\Uni\3r Telecos\Compus P2_FaseA\LS-SDM-P1-2022\LS-SDM-P1-2022.X\newpic_8b_general.asm
                   NEXT_D   0x00034c    program     static C:\Users\gerar\Documents\Uni\3r Telecos\Compus P2_FaseA\LS-SDM-P1-2022\LS-SDM-P1-2022.X\newpic_8b_general.asm
                   NEXT_E   0x000358    program     static C:\Users\gerar\Documents\Uni\3r Telecos\Compus P2_FaseA\LS-SDM-P1-2022\LS-SDM-P1-2022.X\newpic_8b_general.asm
                   NEXT_F   0x000364    program     static C:\Users\gerar\Documents\Uni\3r Telecos\Compus P2_FaseA\LS-SDM-P1-2022\LS-SDM-P1-2022.X\newpic_8b_general.asm
                   NEXT_G   0x000370    program     static C:\Users\gerar\Documents\Uni\3r Telecos\Compus P2_FaseA\LS-SDM-P1-2022\LS-SDM-P1-2022.X\newpic_8b_general.asm
                   NEXT_A   0x00037c    program     static C:\Users\gerar\Documents\Uni\3r Telecos\Compus P2_FaseA\LS-SDM-P1-2022\LS-SDM-P1-2022.X\newpic_8b_general.asm
                   NEXT_B   0x000388    program     static C:\Users\gerar\Documents\Uni\3r Telecos\Compus P2_FaseA\LS-SDM-P1-2022\LS-SDM-P1-2022.X\newpic_8b_general.asm
                   NEXT_c   0x000394    program     static C:\Users\gerar\Documents\Uni\3r Telecos\Compus P2_FaseA\LS-SDM-P1-2022\LS-SDM-P1-2022.X\newpic_8b_general.asm
            LOOP_ESPERA_X   0x000398    program     static C:\Users\gerar\Documents\Uni\3r Telecos\Compus P2_FaseA\LS-SDM-P1-2022\LS-SDM-P1-2022.X\newpic_8b_general.asm
          LOOP_ESPERA_X_2   0x00039c    program     static C:\Users\gerar\Documents\Uni\3r Telecos\Compus P2_FaseA\LS-SDM-P1-2022\LS-SDM-P1-2022.X\newpic_8b_general.asm
          LOOP_ESPERA_X_3   0x0003a0    program     static C:\Users\gerar\Documents\Uni\3r Telecos\Compus P2_FaseA\LS-SDM-P1-2022\LS-SDM-P1-2022.X\newpic_8b_general.asm
      LOOP_ESPERA_BAIXADA   0x0003c0    program     static C:\Users\gerar\Documents\Uni\3r Telecos\Compus P2_FaseA\LS-SDM-P1-2022\LS-SDM-P1-2022.X\newpic_8b_general.asm
    LOOP_ESPERA_BAIXADA_2   0x0003c4    program     static C:\Users\gerar\Documents\Uni\3r Telecos\Compus P2_FaseA\LS-SDM-P1-2022\LS-SDM-P1-2022.X\newpic_8b_general.asm
    LOOP_ESPERA_BAIXADA_3   0x0003c8    program     static C:\Users\gerar\Documents\Uni\3r Telecos\Compus P2_FaseA\LS-SDM-P1-2022\LS-SDM-P1-2022.X\newpic_8b_general.asm
    FUNCIO_MODE_AUTOMATIC   0x0003e0    program     static C:\Users\gerar\Documents\Uni\3r Telecos\Compus P2_FaseA\LS-SDM-P1-2022\LS-SDM-P1-2022.X\newpic_8b_general.asm
            PRE_AUTO_MODE   0x0003f6    program     static C:\Users\gerar\Documents\Uni\3r Telecos\Compus P2_FaseA\LS-SDM-P1-2022\LS-SDM-P1-2022.X\newpic_8b_general.asm
  PRE_AUTO_MODE_CHECK_PIR   0x000404    program     static C:\Users\gerar\Documents\Uni\3r Telecos\Compus P2_FaseA\LS-SDM-P1-2022\LS-SDM-P1-2022.X\newpic_8b_general.asm
            ESPERA_meitat   0x00041a    program     static C:\Users\gerar\Documents\Uni\3r Telecos\Compus P2_FaseA\LS-SDM-P1-2022\LS-SDM-P1-2022.X\newpic_8b_general.asm
                BUCLE_D_1   0x00041c    program     static C:\Users\gerar\Documents\Uni\3r Telecos\Compus P2_FaseA\LS-SDM-P1-2022\LS-SDM-P1-2022.X\newpic_8b_general.asm
               BUCLE2_D_1   0x00041e    program     static C:\Users\gerar\Documents\Uni\3r Telecos\Compus P2_FaseA\LS-SDM-P1-2022\LS-SDM-P1-2022.X\newpic_8b_general.asm
                     MAIN   0x00042c    program     static C:\Users\gerar\Documents\Uni\3r Telecos\Compus P2_FaseA\LS-SDM-P1-2022\LS-SDM-P1-2022.X\newpic_8b_general.asm
                LOOP_MAIN   0x000444    program     static C:\Users\gerar\Documents\Uni\3r Telecos\Compus P2_FaseA\LS-SDM-P1-2022\LS-SDM-P1-2022.X\newpic_8b_general.asm
            END_LOOP_MAIN   0x00044e    program     static C:\Users\gerar\Documents\Uni\3r Telecos\Compus P2_FaseA\LS-SDM-P1-2022\LS-SDM-P1-2022.X\newpic_8b_general.asm


