MPLINK 5.09, LINKER
Linker Map File - Created Mon Mar 07 11:17:37 2022

                                 Section Info
                  Section       Type    Address   Location Size(Bytes)
                ---------  ---------  ---------  ---------  ---------
                   .org_0       code   0x000000    program   0x000004
                   .cinit    romdata   0x000004    program   0x000002
                   .org_1       code   0x000008    program   0x000004
                   .org_2       code   0x000018    program   0x000586
.config_300001_BUILD/DEFAULT/PRODUCTION/NEWPIC_    romdata   0x300001    program   0x000001
.config_300003_BUILD/DEFAULT/PRODUCTION/NEWPIC_    romdata   0x300003    program   0x000001
.config_300005_BUILD/DEFAULT/PRODUCTION/NEWPIC_    romdata   0x300005    program   0x000001
.config_300006_BUILD/DEFAULT/PRODUCTION/NEWPIC_    romdata   0x300006    program   0x000001



                              Program Memory Usage 
                               Start         End      
                           ---------   ---------      
                            0x000000    0x000005      
                            0x000008    0x00000b      
                            0x000018    0x00059d      
                            0x300001    0x300001      
                            0x300003    0x300003      
                            0x300005    0x300006      
            1428 out of 8472 program addresses used, program memory utilization is 16%



                              Symbols - Sorted by Name
                     Name    Address   Location    Storage File                     
                ---------  ---------  ---------  --------- ---------                
               ACTION_TMR   0x0000c4    program     static C:\Users\alber\Documents\GITHUB\LS-SDM-P1-2022\LS-SDM-P1-2022.X\newpic_8b_general.asm
               BUCLE2_D_1   0x00050a    program     static C:\Users\alber\Documents\GITHUB\LS-SDM-P1-2022\LS-SDM-P1-2022.X\newpic_8b_general.asm
                BUCLE_D_1   0x000508    program     static C:\Users\alber\Documents\GITHUB\LS-SDM-P1-2022\LS-SDM-P1-2022.X\newpic_8b_general.asm
         BUCLE_NETEJA_RAM   0x00039c    program     static C:\Users\alber\Documents\GITHUB\LS-SDM-P1-2022\LS-SDM-P1-2022.X\newpic_8b_general.asm
                  BUCLE_T   0x000292    program     static C:\Users\alber\Documents\GITHUB\LS-SDM-P1-2022\LS-SDM-P1-2022.X\newpic_8b_general.asm
            CARREGA_TIMER   0x0000b2    program     static C:\Users\alber\Documents\GITHUB\LS-SDM-P1-2022\LS-SDM-P1-2022.X\newpic_8b_general.asm
               CLEAN_VARS   0x00018a    program     static C:\Users\alber\Documents\GITHUB\LS-SDM-P1-2022\LS-SDM-P1-2022.X\newpic_8b_general.asm
       COMPROVA_TEMPS_LOW   0x000182    program     static C:\Users\alber\Documents\GITHUB\LS-SDM-P1-2022\LS-SDM-P1-2022.X\newpic_8b_general.asm
               CONFIG_ADC   0x000096    program     static C:\Users\alber\Documents\GITHUB\LS-SDM-P1-2022\LS-SDM-P1-2022.X\newpic_8b_general.asm
        CONFIG_INTERRUPTS   0x0000bc    program     static C:\Users\alber\Documents\GITHUB\LS-SDM-P1-2022\LS-SDM-P1-2022.X\newpic_8b_general.asm
             CONFIG_PORTS   0x000022    program     static C:\Users\alber\Documents\GITHUB\LS-SDM-P1-2022\LS-SDM-P1-2022.X\newpic_8b_general.asm
             CONFIG_TIMER   0x0000a8    program     static C:\Users\alber\Documents\GITHUB\LS-SDM-P1-2022\LS-SDM-P1-2022.X\newpic_8b_general.asm
CONTROL_REBOTS_PLAY_BUTTON   0x0004e4    program     static C:\Users\alber\Documents\GITHUB\LS-SDM-P1-2022\LS-SDM-P1-2022.X\newpic_8b_general.asm
CONTROL_REBOTS_PLAY_BUTTON_BAIXA   0x0004f6    program     static C:\Users\alber\Documents\GITHUB\LS-SDM-P1-2022\LS-SDM-P1-2022.X\newpic_8b_general.asm
CONTROL_REBOTS_PLAY_BUTTON_DESCL   0x0004f0    program     static C:\Users\alber\Documents\GITHUB\LS-SDM-P1-2022\LS-SDM-P1-2022.X\newpic_8b_general.asm
                 CORREGIR   0x0002da    program     static C:\Users\alber\Documents\GITHUB\LS-SDM-P1-2022\LS-SDM-P1-2022.X\newpic_8b_general.asm
         DECREMENT_ANALOG   0x000254    program     static C:\Users\alber\Documents\GITHUB\LS-SDM-P1-2022\LS-SDM-P1-2022.X\newpic_8b_general.asm
            END_LOOP_MAIN   0x000592    program     static C:\Users\alber\Documents\GITHUB\LS-SDM-P1-2022\LS-SDM-P1-2022.X\newpic_8b_general.asm
              ENREGISTRAR   0x000166    program     static C:\Users\alber\Documents\GITHUB\LS-SDM-P1-2022\LS-SDM-P1-2022.X\newpic_8b_general.asm
                  ENVIA_K   0x00048a    program     static C:\Users\alber\Documents\GITHUB\LS-SDM-P1-2022\LS-SDM-P1-2022.X\newpic_8b_general.asm
         ESPERA_CONVERSIO   0x000288    program     static C:\Users\alber\Documents\GITHUB\LS-SDM-P1-2022\LS-SDM-P1-2022.X\newpic_8b_general.asm
ESPERA_DESCLICAR_CANVI_A_AUTO   0x0001ee    program     static C:\Users\alber\Documents\GITHUB\LS-SDM-P1-2022\LS-SDM-P1-2022.X\newpic_8b_general.asm
ESPERA_DESCLICAR_CANVI_A_MANUAL   0x000204    program     static C:\Users\alber\Documents\GITHUB\LS-SDM-P1-2022\LS-SDM-P1-2022.X\newpic_8b_general.asm
ESPERA_DESCLICAR_MODE_TOCAR   0x000380    program     static C:\Users\alber\Documents\GITHUB\LS-SDM-P1-2022\LS-SDM-P1-2022.X\newpic_8b_general.asm
             ESPERA_GRAUS   0x000136    program     static C:\Users\alber\Documents\GITHUB\LS-SDM-P1-2022\LS-SDM-P1-2022.X\newpic_8b_general.asm
            ESPERA_GRAUS2   0x00015a    program     static C:\Users\alber\Documents\GITHUB\LS-SDM-P1-2022\LS-SDM-P1-2022.X\newpic_8b_general.asm
                ESPERA_MS   0x00055a    program     static C:\Users\alber\Documents\GITHUB\LS-SDM-P1-2022\LS-SDM-P1-2022.X\newpic_8b_general.asm
                ESPERA_TX   0x0003aa    program     static C:\Users\alber\Documents\GITHUB\LS-SDM-P1-2022\LS-SDM-P1-2022.X\newpic_8b_general.asm
            ESPERA_meitat   0x000506    program     static C:\Users\alber\Documents\GITHUB\LS-SDM-P1-2022\LS-SDM-P1-2022.X\newpic_8b_general.asm
               FAIL_INPUT   0x00043c    program     static C:\Users\alber\Documents\GITHUB\LS-SDM-P1-2022\LS-SDM-P1-2022.X\newpic_8b_general.asm
                  FINAL_T   0x0002d2    program     static C:\Users\alber\Documents\GITHUB\LS-SDM-P1-2022\LS-SDM-P1-2022.X\newpic_8b_general.asm
                  FI_SONG   0x0004b4    program     static C:\Users\alber\Documents\GITHUB\LS-SDM-P1-2022\LS-SDM-P1-2022.X\newpic_8b_general.asm
    FUNCIO_MODE_AUTOMATIC   0x000494    program     static C:\Users\alber\Documents\GITHUB\LS-SDM-P1-2022\LS-SDM-P1-2022.X\newpic_8b_general.asm
       FUNCIO_MODE_MANUAL   0x000190    program     static C:\Users\alber\Documents\GITHUB\LS-SDM-P1-2022\LS-SDM-P1-2022.X\newpic_8b_general.asm
                 HIGH_RSI   0x00001a    program     static C:\Users\alber\Documents\GITHUB\LS-SDM-P1-2022\LS-SDM-P1-2022.X\newpic_8b_general.asm
          INCREMENTA_HIGH   0x000102    program     static C:\Users\alber\Documents\GITHUB\LS-SDM-P1-2022\LS-SDM-P1-2022.X\newpic_8b_general.asm
           INCREMENTA_LOW   0x0000dc    program     static C:\Users\alber\Documents\GITHUB\LS-SDM-P1-2022\LS-SDM-P1-2022.X\newpic_8b_general.asm
           INCREMENTA_VAR   0x00010e    program     static C:\Users\alber\Documents\GITHUB\LS-SDM-P1-2022\LS-SDM-P1-2022.X\newpic_8b_general.asm
         INCREMENT_ANALOG   0x000232    program     static C:\Users\alber\Documents\GITHUB\LS-SDM-P1-2022\LS-SDM-P1-2022.X\newpic_8b_general.asm
              INIT_EUSART   0x000082    program     static C:\Users\alber\Documents\GITHUB\LS-SDM-P1-2022\LS-SDM-P1-2022.X\newpic_8b_general.asm
                INIT_VARS   0x000046    program     static C:\Users\alber\Documents\GITHUB\LS-SDM-P1-2022\LS-SDM-P1-2022.X\newpic_8b_general.asm
            LAST_ITERACIO   0x00053c    program     static C:\Users\alber\Documents\GITHUB\LS-SDM-P1-2022\LS-SDM-P1-2022.X\newpic_8b_general.asm
              LOOP_ANALOG   0x000214    program     static C:\Users\alber\Documents\GITHUB\LS-SDM-P1-2022\LS-SDM-P1-2022.X\newpic_8b_general.asm
              LOOP_CONVER   0x000216    program     static C:\Users\alber\Documents\GITHUB\LS-SDM-P1-2022\LS-SDM-P1-2022.X\newpic_8b_general.asm
               LOOP_CWAIT   0x00023e    program     static C:\Users\alber\Documents\GITHUB\LS-SDM-P1-2022\LS-SDM-P1-2022.X\newpic_8b_general.asm
               LOOP_DWAIT   0x000260    program     static C:\Users\alber\Documents\GITHUB\LS-SDM-P1-2022\LS-SDM-P1-2022.X\newpic_8b_general.asm
           LOOP_ESPERAPWM   0x000124    program     static C:\Users\alber\Documents\GITHUB\LS-SDM-P1-2022\LS-SDM-P1-2022.X\newpic_8b_general.asm
          LOOP_ESPERAPWM2   0x000148    program     static C:\Users\alber\Documents\GITHUB\LS-SDM-P1-2022\LS-SDM-P1-2022.X\newpic_8b_general.asm
      LOOP_ESPERA_BAIXADA   0x00046a    program     static C:\Users\alber\Documents\GITHUB\LS-SDM-P1-2022\LS-SDM-P1-2022.X\newpic_8b_general.asm
    LOOP_ESPERA_BAIXADA_2   0x00046e    program     static C:\Users\alber\Documents\GITHUB\LS-SDM-P1-2022\LS-SDM-P1-2022.X\newpic_8b_general.asm
    LOOP_ESPERA_BAIXADA_3   0x000472    program     static C:\Users\alber\Documents\GITHUB\LS-SDM-P1-2022\LS-SDM-P1-2022.X\newpic_8b_general.asm
            LOOP_ESPERA_X   0x000442    program     static C:\Users\alber\Documents\GITHUB\LS-SDM-P1-2022\LS-SDM-P1-2022.X\newpic_8b_general.asm
          LOOP_ESPERA_X_2   0x000446    program     static C:\Users\alber\Documents\GITHUB\LS-SDM-P1-2022\LS-SDM-P1-2022.X\newpic_8b_general.asm
          LOOP_ESPERA_X_3   0x00044a    program     static C:\Users\alber\Documents\GITHUB\LS-SDM-P1-2022\LS-SDM-P1-2022.X\newpic_8b_general.asm
               LOOP_GRAUS   0x00013a    program     static C:\Users\alber\Documents\GITHUB\LS-SDM-P1-2022\LS-SDM-P1-2022.X\newpic_8b_general.asm
              LOOP_GRAUS2   0x00015e    program     static C:\Users\alber\Documents\GITHUB\LS-SDM-P1-2022\LS-SDM-P1-2022.X\newpic_8b_general.asm
             LOOP_LLEGEIX   0x00051a    program     static C:\Users\alber\Documents\GITHUB\LS-SDM-P1-2022\LS-SDM-P1-2022.X\newpic_8b_general.asm
                LOOP_MAIN   0x000588    program     static C:\Users\alber\Documents\GITHUB\LS-SDM-P1-2022\LS-SDM-P1-2022.X\newpic_8b_general.asm
                  LOOP_MS   0x000562    program     static C:\Users\alber\Documents\GITHUB\LS-SDM-P1-2022\LS-SDM-P1-2022.X\newpic_8b_general.asm
               LOOP_TEMPS   0x000526    program     static C:\Users\alber\Documents\GITHUB\LS-SDM-P1-2022\LS-SDM-P1-2022.X\newpic_8b_general.asm
                LOOP_WAIT   0x00023c    program     static C:\Users\alber\Documents\GITHUB\LS-SDM-P1-2022\LS-SDM-P1-2022.X\newpic_8b_general.asm
               LOOP_WAITD   0x00025e    program     static C:\Users\alber\Documents\GITHUB\LS-SDM-P1-2022\LS-SDM-P1-2022.X\newpic_8b_general.asm
                     MAIN   0x000570    program     static C:\Users\alber\Documents\GITHUB\LS-SDM-P1-2022\LS-SDM-P1-2022.X\newpic_8b_general.asm
        MIRA_MODE_ENTRADA   0x00036c    program     static C:\Users\alber\Documents\GITHUB\LS-SDM-P1-2022\LS-SDM-P1-2022.X\newpic_8b_general.asm
             MOSTRAR_NOTA   0x0002e0    program     static C:\Users\alber\Documents\GITHUB\LS-SDM-P1-2022\LS-SDM-P1-2022.X\newpic_8b_general.asm
                 MOSTRA_A   0x00031c    program     static C:\Users\alber\Documents\GITHUB\LS-SDM-P1-2022\LS-SDM-P1-2022.X\newpic_8b_general.asm
                 MOSTRA_B   0x000326    program     static C:\Users\alber\Documents\GITHUB\LS-SDM-P1-2022\LS-SDM-P1-2022.X\newpic_8b_general.asm
                 MOSTRA_C   0x000330    program     static C:\Users\alber\Documents\GITHUB\LS-SDM-P1-2022\LS-SDM-P1-2022.X\newpic_8b_general.asm
           MOSTRA_C_MENOR   0x000362    program     static C:\Users\alber\Documents\GITHUB\LS-SDM-P1-2022\LS-SDM-P1-2022.X\newpic_8b_general.asm
                 MOSTRA_D   0x00033a    program     static C:\Users\alber\Documents\GITHUB\LS-SDM-P1-2022\LS-SDM-P1-2022.X\newpic_8b_general.asm
                 MOSTRA_E   0x000344    program     static C:\Users\alber\Documents\GITHUB\LS-SDM-P1-2022\LS-SDM-P1-2022.X\newpic_8b_general.asm
                 MOSTRA_F   0x00034e    program     static C:\Users\alber\Documents\GITHUB\LS-SDM-P1-2022\LS-SDM-P1-2022.X\newpic_8b_general.asm
                 MOSTRA_G   0x000358    program     static C:\Users\alber\Documents\GITHUB\LS-SDM-P1-2022\LS-SDM-P1-2022.X\newpic_8b_general.asm
     MOVIMENT_JAVA_MANUAL   0x0003b2    program     static C:\Users\alber\Documents\GITHUB\LS-SDM-P1-2022\LS-SDM-P1-2022.X\newpic_8b_general.asm
        MOVIMENT_JOYSTICK   0x00020c    program     static C:\Users\alber\Documents\GITHUB\LS-SDM-P1-2022\LS-SDM-P1-2022.X\newpic_8b_general.asm
                     NEXT   0x000104    program     static C:\Users\alber\Documents\GITHUB\LS-SDM-P1-2022\LS-SDM-P1-2022.X\newpic_8b_general.asm
                   NEXT_A   0x00041c    program     static C:\Users\alber\Documents\GITHUB\LS-SDM-P1-2022\LS-SDM-P1-2022.X\newpic_8b_general.asm
                   NEXT_B   0x00042c    program     static C:\Users\alber\Documents\GITHUB\LS-SDM-P1-2022\LS-SDM-P1-2022.X\newpic_8b_general.asm
                   NEXT_C   0x0003cc    program     static C:\Users\alber\Documents\GITHUB\LS-SDM-P1-2022\LS-SDM-P1-2022.X\newpic_8b_general.asm
                   NEXT_D   0x0003dc    program     static C:\Users\alber\Documents\GITHUB\LS-SDM-P1-2022\LS-SDM-P1-2022.X\newpic_8b_general.asm
                   NEXT_E   0x0003ec    program     static C:\Users\alber\Documents\GITHUB\LS-SDM-P1-2022\LS-SDM-P1-2022.X\newpic_8b_general.asm
                   NEXT_F   0x0003fc    program     static C:\Users\alber\Documents\GITHUB\LS-SDM-P1-2022\LS-SDM-P1-2022.X\newpic_8b_general.asm
                   NEXT_G   0x00040c    program     static C:\Users\alber\Documents\GITHUB\LS-SDM-P1-2022\LS-SDM-P1-2022.X\newpic_8b_general.asm
                OVER_FLOW   0x0000ee    program     static C:\Users\alber\Documents\GITHUB\LS-SDM-P1-2022\LS-SDM-P1-2022.X\newpic_8b_general.asm
               PICAR_NOTA   0x000282    program     static C:\Users\alber\Documents\GITHUB\LS-SDM-P1-2022\LS-SDM-P1-2022.X\newpic_8b_general.asm
            PLAY_RAM_SONG   0x000518    program     static C:\Users\alber\Documents\GITHUB\LS-SDM-P1-2022\LS-SDM-P1-2022.X\newpic_8b_general.asm
                POLLANCRE   0x0001a4    program     static C:\Users\alber\Documents\GITHUB\LS-SDM-P1-2022\LS-SDM-P1-2022.X\newpic_8b_general.asm
POLSADOR_REBOTS_CANVI_A_AUTO   0x0001e0    program     static C:\Users\alber\Documents\GITHUB\LS-SDM-P1-2022\LS-SDM-P1-2022.X\newpic_8b_general.asm
POLSADOR_REBOTS_CANVI_A_MANUAL   0x0001f6    program     static C:\Users\alber\Documents\GITHUB\LS-SDM-P1-2022\LS-SDM-P1-2022.X\newpic_8b_general.asm
            PRE_AUTO_MODE   0x0004b8    program     static C:\Users\alber\Documents\GITHUB\LS-SDM-P1-2022\LS-SDM-P1-2022.X\newpic_8b_general.asm
  PRE_AUTO_MODE_CHECK_PIR   0x0004cc    program     static C:\Users\alber\Documents\GITHUB\LS-SDM-P1-2022\LS-SDM-P1-2022.X\newpic_8b_general.asm
PRE_AUTO_MODE_CHECK_PLAY_BUTTON   0x0004c6    program     static C:\Users\alber\Documents\GITHUB\LS-SDM-P1-2022\LS-SDM-P1-2022.X\newpic_8b_general.asm
                      PWM   0x00011e    program     static C:\Users\alber\Documents\GITHUB\LS-SDM-P1-2022\LS-SDM-P1-2022.X\newpic_8b_general.asm
                     PWM2   0x000142    program     static C:\Users\alber\Documents\GITHUB\LS-SDM-P1-2022\LS-SDM-P1-2022.X\newpic_8b_general.asm
                   RECORD   0x000392    program     static C:\Users\alber\Documents\GITHUB\LS-SDM-P1-2022\LS-SDM-P1-2022.X\newpic_8b_general.asm
    REPRODUINT_AUTO_BUCLE   0x0004a4    program     static C:\Users\alber\Documents\GITHUB\LS-SDM-P1-2022\LS-SDM-P1-2022.X\newpic_8b_general.asm
                RESET_VAR   0x00011a    program     static C:\Users\alber\Documents\GITHUB\LS-SDM-P1-2022\LS-SDM-P1-2022.X\newpic_8b_general.asm
               RESET_VARR   0x00054e    program     static C:\Users\alber\Documents\GITHUB\LS-SDM-P1-2022\LS-SDM-P1-2022.X\newpic_8b_general.asm
                    RESTA   0x00027c    program     static C:\Users\alber\Documents\GITHUB\LS-SDM-P1-2022\LS-SDM-P1-2022.X\newpic_8b_general.asm
                     SUMA   0x000276    program     static C:\Users\alber\Documents\GITHUB\LS-SDM-P1-2022\LS-SDM-P1-2022.X\newpic_8b_general.asm
              TROBAT_NOTA   0x00043e    program     static C:\Users\alber\Documents\GITHUB\LS-SDM-P1-2022\LS-SDM-P1-2022.X\newpic_8b_general.asm
                 T_TROBAT   0x0002bc    program     static C:\Users\alber\Documents\GITHUB\LS-SDM-P1-2022\LS-SDM-P1-2022.X\newpic_8b_general.asm
                     VERD   0x00019a    program     static C:\Users\alber\Documents\GITHUB\LS-SDM-P1-2022\LS-SDM-P1-2022.X\newpic_8b_general.asm
                  VERMELL   0x0001a0    program     static C:\Users\alber\Documents\GITHUB\LS-SDM-P1-2022\LS-SDM-P1-2022.X\newpic_8b_general.asm



                              Symbols - Sorted by Address
                     Name    Address   Location    Storage File                     
                ---------  ---------  ---------  --------- ---------                
                 HIGH_RSI   0x00001a    program     static C:\Users\alber\Documents\GITHUB\LS-SDM-P1-2022\LS-SDM-P1-2022.X\newpic_8b_general.asm
             CONFIG_PORTS   0x000022    program     static C:\Users\alber\Documents\GITHUB\LS-SDM-P1-2022\LS-SDM-P1-2022.X\newpic_8b_general.asm
                INIT_VARS   0x000046    program     static C:\Users\alber\Documents\GITHUB\LS-SDM-P1-2022\LS-SDM-P1-2022.X\newpic_8b_general.asm
              INIT_EUSART   0x000082    program     static C:\Users\alber\Documents\GITHUB\LS-SDM-P1-2022\LS-SDM-P1-2022.X\newpic_8b_general.asm
               CONFIG_ADC   0x000096    program     static C:\Users\alber\Documents\GITHUB\LS-SDM-P1-2022\LS-SDM-P1-2022.X\newpic_8b_general.asm
             CONFIG_TIMER   0x0000a8    program     static C:\Users\alber\Documents\GITHUB\LS-SDM-P1-2022\LS-SDM-P1-2022.X\newpic_8b_general.asm
            CARREGA_TIMER   0x0000b2    program     static C:\Users\alber\Documents\GITHUB\LS-SDM-P1-2022\LS-SDM-P1-2022.X\newpic_8b_general.asm
        CONFIG_INTERRUPTS   0x0000bc    program     static C:\Users\alber\Documents\GITHUB\LS-SDM-P1-2022\LS-SDM-P1-2022.X\newpic_8b_general.asm
               ACTION_TMR   0x0000c4    program     static C:\Users\alber\Documents\GITHUB\LS-SDM-P1-2022\LS-SDM-P1-2022.X\newpic_8b_general.asm
           INCREMENTA_LOW   0x0000dc    program     static C:\Users\alber\Documents\GITHUB\LS-SDM-P1-2022\LS-SDM-P1-2022.X\newpic_8b_general.asm
                OVER_FLOW   0x0000ee    program     static C:\Users\alber\Documents\GITHUB\LS-SDM-P1-2022\LS-SDM-P1-2022.X\newpic_8b_general.asm
          INCREMENTA_HIGH   0x000102    program     static C:\Users\alber\Documents\GITHUB\LS-SDM-P1-2022\LS-SDM-P1-2022.X\newpic_8b_general.asm
                     NEXT   0x000104    program     static C:\Users\alber\Documents\GITHUB\LS-SDM-P1-2022\LS-SDM-P1-2022.X\newpic_8b_general.asm
           INCREMENTA_VAR   0x00010e    program     static C:\Users\alber\Documents\GITHUB\LS-SDM-P1-2022\LS-SDM-P1-2022.X\newpic_8b_general.asm
                RESET_VAR   0x00011a    program     static C:\Users\alber\Documents\GITHUB\LS-SDM-P1-2022\LS-SDM-P1-2022.X\newpic_8b_general.asm
                      PWM   0x00011e    program     static C:\Users\alber\Documents\GITHUB\LS-SDM-P1-2022\LS-SDM-P1-2022.X\newpic_8b_general.asm
           LOOP_ESPERAPWM   0x000124    program     static C:\Users\alber\Documents\GITHUB\LS-SDM-P1-2022\LS-SDM-P1-2022.X\newpic_8b_general.asm
             ESPERA_GRAUS   0x000136    program     static C:\Users\alber\Documents\GITHUB\LS-SDM-P1-2022\LS-SDM-P1-2022.X\newpic_8b_general.asm
               LOOP_GRAUS   0x00013a    program     static C:\Users\alber\Documents\GITHUB\LS-SDM-P1-2022\LS-SDM-P1-2022.X\newpic_8b_general.asm
                     PWM2   0x000142    program     static C:\Users\alber\Documents\GITHUB\LS-SDM-P1-2022\LS-SDM-P1-2022.X\newpic_8b_general.asm
          LOOP_ESPERAPWM2   0x000148    program     static C:\Users\alber\Documents\GITHUB\LS-SDM-P1-2022\LS-SDM-P1-2022.X\newpic_8b_general.asm
            ESPERA_GRAUS2   0x00015a    program     static C:\Users\alber\Documents\GITHUB\LS-SDM-P1-2022\LS-SDM-P1-2022.X\newpic_8b_general.asm
              LOOP_GRAUS2   0x00015e    program     static C:\Users\alber\Documents\GITHUB\LS-SDM-P1-2022\LS-SDM-P1-2022.X\newpic_8b_general.asm
              ENREGISTRAR   0x000166    program     static C:\Users\alber\Documents\GITHUB\LS-SDM-P1-2022\LS-SDM-P1-2022.X\newpic_8b_general.asm
       COMPROVA_TEMPS_LOW   0x000182    program     static C:\Users\alber\Documents\GITHUB\LS-SDM-P1-2022\LS-SDM-P1-2022.X\newpic_8b_general.asm
               CLEAN_VARS   0x00018a    program     static C:\Users\alber\Documents\GITHUB\LS-SDM-P1-2022\LS-SDM-P1-2022.X\newpic_8b_general.asm
       FUNCIO_MODE_MANUAL   0x000190    program     static C:\Users\alber\Documents\GITHUB\LS-SDM-P1-2022\LS-SDM-P1-2022.X\newpic_8b_general.asm
                     VERD   0x00019a    program     static C:\Users\alber\Documents\GITHUB\LS-SDM-P1-2022\LS-SDM-P1-2022.X\newpic_8b_general.asm
                  VERMELL   0x0001a0    program     static C:\Users\alber\Documents\GITHUB\LS-SDM-P1-2022\LS-SDM-P1-2022.X\newpic_8b_general.asm
                POLLANCRE   0x0001a4    program     static C:\Users\alber\Documents\GITHUB\LS-SDM-P1-2022\LS-SDM-P1-2022.X\newpic_8b_general.asm
POLSADOR_REBOTS_CANVI_A_AUTO   0x0001e0    program     static C:\Users\alber\Documents\GITHUB\LS-SDM-P1-2022\LS-SDM-P1-2022.X\newpic_8b_general.asm
ESPERA_DESCLICAR_CANVI_A_AUTO   0x0001ee    program     static C:\Users\alber\Documents\GITHUB\LS-SDM-P1-2022\LS-SDM-P1-2022.X\newpic_8b_general.asm
POLSADOR_REBOTS_CANVI_A_MANUAL   0x0001f6    program     static C:\Users\alber\Documents\GITHUB\LS-SDM-P1-2022\LS-SDM-P1-2022.X\newpic_8b_general.asm
ESPERA_DESCLICAR_CANVI_A_MANUAL   0x000204    program     static C:\Users\alber\Documents\GITHUB\LS-SDM-P1-2022\LS-SDM-P1-2022.X\newpic_8b_general.asm
        MOVIMENT_JOYSTICK   0x00020c    program     static C:\Users\alber\Documents\GITHUB\LS-SDM-P1-2022\LS-SDM-P1-2022.X\newpic_8b_general.asm
              LOOP_ANALOG   0x000214    program     static C:\Users\alber\Documents\GITHUB\LS-SDM-P1-2022\LS-SDM-P1-2022.X\newpic_8b_general.asm
              LOOP_CONVER   0x000216    program     static C:\Users\alber\Documents\GITHUB\LS-SDM-P1-2022\LS-SDM-P1-2022.X\newpic_8b_general.asm
         INCREMENT_ANALOG   0x000232    program     static C:\Users\alber\Documents\GITHUB\LS-SDM-P1-2022\LS-SDM-P1-2022.X\newpic_8b_general.asm
                LOOP_WAIT   0x00023c    program     static C:\Users\alber\Documents\GITHUB\LS-SDM-P1-2022\LS-SDM-P1-2022.X\newpic_8b_general.asm
               LOOP_CWAIT   0x00023e    program     static C:\Users\alber\Documents\GITHUB\LS-SDM-P1-2022\LS-SDM-P1-2022.X\newpic_8b_general.asm
         DECREMENT_ANALOG   0x000254    program     static C:\Users\alber\Documents\GITHUB\LS-SDM-P1-2022\LS-SDM-P1-2022.X\newpic_8b_general.asm
               LOOP_WAITD   0x00025e    program     static C:\Users\alber\Documents\GITHUB\LS-SDM-P1-2022\LS-SDM-P1-2022.X\newpic_8b_general.asm
               LOOP_DWAIT   0x000260    program     static C:\Users\alber\Documents\GITHUB\LS-SDM-P1-2022\LS-SDM-P1-2022.X\newpic_8b_general.asm
                     SUMA   0x000276    program     static C:\Users\alber\Documents\GITHUB\LS-SDM-P1-2022\LS-SDM-P1-2022.X\newpic_8b_general.asm
                    RESTA   0x00027c    program     static C:\Users\alber\Documents\GITHUB\LS-SDM-P1-2022\LS-SDM-P1-2022.X\newpic_8b_general.asm
               PICAR_NOTA   0x000282    program     static C:\Users\alber\Documents\GITHUB\LS-SDM-P1-2022\LS-SDM-P1-2022.X\newpic_8b_general.asm
         ESPERA_CONVERSIO   0x000288    program     static C:\Users\alber\Documents\GITHUB\LS-SDM-P1-2022\LS-SDM-P1-2022.X\newpic_8b_general.asm
                  BUCLE_T   0x000292    program     static C:\Users\alber\Documents\GITHUB\LS-SDM-P1-2022\LS-SDM-P1-2022.X\newpic_8b_general.asm
                 T_TROBAT   0x0002bc    program     static C:\Users\alber\Documents\GITHUB\LS-SDM-P1-2022\LS-SDM-P1-2022.X\newpic_8b_general.asm
                  FINAL_T   0x0002d2    program     static C:\Users\alber\Documents\GITHUB\LS-SDM-P1-2022\LS-SDM-P1-2022.X\newpic_8b_general.asm
                 CORREGIR   0x0002da    program     static C:\Users\alber\Documents\GITHUB\LS-SDM-P1-2022\LS-SDM-P1-2022.X\newpic_8b_general.asm
             MOSTRAR_NOTA   0x0002e0    program     static C:\Users\alber\Documents\GITHUB\LS-SDM-P1-2022\LS-SDM-P1-2022.X\newpic_8b_general.asm
                 MOSTRA_A   0x00031c    program     static C:\Users\alber\Documents\GITHUB\LS-SDM-P1-2022\LS-SDM-P1-2022.X\newpic_8b_general.asm
                 MOSTRA_B   0x000326    program     static C:\Users\alber\Documents\GITHUB\LS-SDM-P1-2022\LS-SDM-P1-2022.X\newpic_8b_general.asm
                 MOSTRA_C   0x000330    program     static C:\Users\alber\Documents\GITHUB\LS-SDM-P1-2022\LS-SDM-P1-2022.X\newpic_8b_general.asm
                 MOSTRA_D   0x00033a    program     static C:\Users\alber\Documents\GITHUB\LS-SDM-P1-2022\LS-SDM-P1-2022.X\newpic_8b_general.asm
                 MOSTRA_E   0x000344    program     static C:\Users\alber\Documents\GITHUB\LS-SDM-P1-2022\LS-SDM-P1-2022.X\newpic_8b_general.asm
                 MOSTRA_F   0x00034e    program     static C:\Users\alber\Documents\GITHUB\LS-SDM-P1-2022\LS-SDM-P1-2022.X\newpic_8b_general.asm
                 MOSTRA_G   0x000358    program     static C:\Users\alber\Documents\GITHUB\LS-SDM-P1-2022\LS-SDM-P1-2022.X\newpic_8b_general.asm
           MOSTRA_C_MENOR   0x000362    program     static C:\Users\alber\Documents\GITHUB\LS-SDM-P1-2022\LS-SDM-P1-2022.X\newpic_8b_general.asm
        MIRA_MODE_ENTRADA   0x00036c    program     static C:\Users\alber\Documents\GITHUB\LS-SDM-P1-2022\LS-SDM-P1-2022.X\newpic_8b_general.asm
ESPERA_DESCLICAR_MODE_TOCAR   0x000380    program     static C:\Users\alber\Documents\GITHUB\LS-SDM-P1-2022\LS-SDM-P1-2022.X\newpic_8b_general.asm
                   RECORD   0x000392    program     static C:\Users\alber\Documents\GITHUB\LS-SDM-P1-2022\LS-SDM-P1-2022.X\newpic_8b_general.asm
         BUCLE_NETEJA_RAM   0x00039c    program     static C:\Users\alber\Documents\GITHUB\LS-SDM-P1-2022\LS-SDM-P1-2022.X\newpic_8b_general.asm
                ESPERA_TX   0x0003aa    program     static C:\Users\alber\Documents\GITHUB\LS-SDM-P1-2022\LS-SDM-P1-2022.X\newpic_8b_general.asm
     MOVIMENT_JAVA_MANUAL   0x0003b2    program     static C:\Users\alber\Documents\GITHUB\LS-SDM-P1-2022\LS-SDM-P1-2022.X\newpic_8b_general.asm
                   NEXT_C   0x0003cc    program     static C:\Users\alber\Documents\GITHUB\LS-SDM-P1-2022\LS-SDM-P1-2022.X\newpic_8b_general.asm
                   NEXT_D   0x0003dc    program     static C:\Users\alber\Documents\GITHUB\LS-SDM-P1-2022\LS-SDM-P1-2022.X\newpic_8b_general.asm
                   NEXT_E   0x0003ec    program     static C:\Users\alber\Documents\GITHUB\LS-SDM-P1-2022\LS-SDM-P1-2022.X\newpic_8b_general.asm
                   NEXT_F   0x0003fc    program     static C:\Users\alber\Documents\GITHUB\LS-SDM-P1-2022\LS-SDM-P1-2022.X\newpic_8b_general.asm
                   NEXT_G   0x00040c    program     static C:\Users\alber\Documents\GITHUB\LS-SDM-P1-2022\LS-SDM-P1-2022.X\newpic_8b_general.asm
                   NEXT_A   0x00041c    program     static C:\Users\alber\Documents\GITHUB\LS-SDM-P1-2022\LS-SDM-P1-2022.X\newpic_8b_general.asm
                   NEXT_B   0x00042c    program     static C:\Users\alber\Documents\GITHUB\LS-SDM-P1-2022\LS-SDM-P1-2022.X\newpic_8b_general.asm
               FAIL_INPUT   0x00043c    program     static C:\Users\alber\Documents\GITHUB\LS-SDM-P1-2022\LS-SDM-P1-2022.X\newpic_8b_general.asm
              TROBAT_NOTA   0x00043e    program     static C:\Users\alber\Documents\GITHUB\LS-SDM-P1-2022\LS-SDM-P1-2022.X\newpic_8b_general.asm
            LOOP_ESPERA_X   0x000442    program     static C:\Users\alber\Documents\GITHUB\LS-SDM-P1-2022\LS-SDM-P1-2022.X\newpic_8b_general.asm
          LOOP_ESPERA_X_2   0x000446    program     static C:\Users\alber\Documents\GITHUB\LS-SDM-P1-2022\LS-SDM-P1-2022.X\newpic_8b_general.asm
          LOOP_ESPERA_X_3   0x00044a    program     static C:\Users\alber\Documents\GITHUB\LS-SDM-P1-2022\LS-SDM-P1-2022.X\newpic_8b_general.asm
      LOOP_ESPERA_BAIXADA   0x00046a    program     static C:\Users\alber\Documents\GITHUB\LS-SDM-P1-2022\LS-SDM-P1-2022.X\newpic_8b_general.asm
    LOOP_ESPERA_BAIXADA_2   0x00046e    program     static C:\Users\alber\Documents\GITHUB\LS-SDM-P1-2022\LS-SDM-P1-2022.X\newpic_8b_general.asm
    LOOP_ESPERA_BAIXADA_3   0x000472    program     static C:\Users\alber\Documents\GITHUB\LS-SDM-P1-2022\LS-SDM-P1-2022.X\newpic_8b_general.asm
                  ENVIA_K   0x00048a    program     static C:\Users\alber\Documents\GITHUB\LS-SDM-P1-2022\LS-SDM-P1-2022.X\newpic_8b_general.asm
    FUNCIO_MODE_AUTOMATIC   0x000494    program     static C:\Users\alber\Documents\GITHUB\LS-SDM-P1-2022\LS-SDM-P1-2022.X\newpic_8b_general.asm
    REPRODUINT_AUTO_BUCLE   0x0004a4    program     static C:\Users\alber\Documents\GITHUB\LS-SDM-P1-2022\LS-SDM-P1-2022.X\newpic_8b_general.asm
                  FI_SONG   0x0004b4    program     static C:\Users\alber\Documents\GITHUB\LS-SDM-P1-2022\LS-SDM-P1-2022.X\newpic_8b_general.asm
            PRE_AUTO_MODE   0x0004b8    program     static C:\Users\alber\Documents\GITHUB\LS-SDM-P1-2022\LS-SDM-P1-2022.X\newpic_8b_general.asm
PRE_AUTO_MODE_CHECK_PLAY_BUTTON   0x0004c6    program     static C:\Users\alber\Documents\GITHUB\LS-SDM-P1-2022\LS-SDM-P1-2022.X\newpic_8b_general.asm
  PRE_AUTO_MODE_CHECK_PIR   0x0004cc    program     static C:\Users\alber\Documents\GITHUB\LS-SDM-P1-2022\LS-SDM-P1-2022.X\newpic_8b_general.asm
CONTROL_REBOTS_PLAY_BUTTON   0x0004e4    program     static C:\Users\alber\Documents\GITHUB\LS-SDM-P1-2022\LS-SDM-P1-2022.X\newpic_8b_general.asm
CONTROL_REBOTS_PLAY_BUTTON_DESCL   0x0004f0    program     static C:\Users\alber\Documents\GITHUB\LS-SDM-P1-2022\LS-SDM-P1-2022.X\newpic_8b_general.asm
CONTROL_REBOTS_PLAY_BUTTON_BAIXA   0x0004f6    program     static C:\Users\alber\Documents\GITHUB\LS-SDM-P1-2022\LS-SDM-P1-2022.X\newpic_8b_general.asm
            ESPERA_meitat   0x000506    program     static C:\Users\alber\Documents\GITHUB\LS-SDM-P1-2022\LS-SDM-P1-2022.X\newpic_8b_general.asm
                BUCLE_D_1   0x000508    program     static C:\Users\alber\Documents\GITHUB\LS-SDM-P1-2022\LS-SDM-P1-2022.X\newpic_8b_general.asm
               BUCLE2_D_1   0x00050a    program     static C:\Users\alber\Documents\GITHUB\LS-SDM-P1-2022\LS-SDM-P1-2022.X\newpic_8b_general.asm
            PLAY_RAM_SONG   0x000518    program     static C:\Users\alber\Documents\GITHUB\LS-SDM-P1-2022\LS-SDM-P1-2022.X\newpic_8b_general.asm
             LOOP_LLEGEIX   0x00051a    program     static C:\Users\alber\Documents\GITHUB\LS-SDM-P1-2022\LS-SDM-P1-2022.X\newpic_8b_general.asm
               LOOP_TEMPS   0x000526    program     static C:\Users\alber\Documents\GITHUB\LS-SDM-P1-2022\LS-SDM-P1-2022.X\newpic_8b_general.asm
            LAST_ITERACIO   0x00053c    program     static C:\Users\alber\Documents\GITHUB\LS-SDM-P1-2022\LS-SDM-P1-2022.X\newpic_8b_general.asm
               RESET_VARR   0x00054e    program     static C:\Users\alber\Documents\GITHUB\LS-SDM-P1-2022\LS-SDM-P1-2022.X\newpic_8b_general.asm
                ESPERA_MS   0x00055a    program     static C:\Users\alber\Documents\GITHUB\LS-SDM-P1-2022\LS-SDM-P1-2022.X\newpic_8b_general.asm
                  LOOP_MS   0x000562    program     static C:\Users\alber\Documents\GITHUB\LS-SDM-P1-2022\LS-SDM-P1-2022.X\newpic_8b_general.asm
                     MAIN   0x000570    program     static C:\Users\alber\Documents\GITHUB\LS-SDM-P1-2022\LS-SDM-P1-2022.X\newpic_8b_general.asm
                LOOP_MAIN   0x000588    program     static C:\Users\alber\Documents\GITHUB\LS-SDM-P1-2022\LS-SDM-P1-2022.X\newpic_8b_general.asm
            END_LOOP_MAIN   0x000592    program     static C:\Users\alber\Documents\GITHUB\LS-SDM-P1-2022\LS-SDM-P1-2022.X\newpic_8b_general.asm


