MPLINK 5.09, LINKER
Linker Map File - Created Thu Feb 17 14:33:52 2022

                                 Section Info
                  Section       Type    Address   Location Size(Bytes)
                ---------  ---------  ---------  ---------  ---------
                   .org_0       code   0x000000    program   0x000004
                   .cinit    romdata   0x000004    program   0x000002
                   .org_1       code   0x000008    program   0x000004
                   .org_2       code   0x000018    program   0x0001fa
.config_300001_BUILD/DEFAULT/PRODUCTION/NEWPIC_    romdata   0x300001    program   0x000001
.config_300003_BUILD/DEFAULT/PRODUCTION/NEWPIC_    romdata   0x300003    program   0x000001
.config_300005_BUILD/DEFAULT/PRODUCTION/NEWPIC_    romdata   0x300005    program   0x000001
.config_300006_BUILD/DEFAULT/PRODUCTION/NEWPIC_    romdata   0x300006    program   0x000001



                              Program Memory Usage 
                               Start         End      
                           ---------   ---------      
                            0x000000    0x000005      
                            0x000008    0x00000b      
                            0x000018    0x000211      
                            0x300001    0x300001      
                            0x300003    0x300003      
                            0x300005    0x300006      
            520 out of 8472 program addresses used, program memory utilization is 6%



                              Symbols - Sorted by Name
                     Name    Address   Location    Storage File                     
                ---------  ---------  ---------  --------- ---------                
               ACTION_TMR   0x0000aa    program     static C:\Users\alber\Documents\GITHUB\LS-SDM-P1-2022\LS-SDM-P1-2022.X\newpic_8b_general.asm
               BUCLE2_D_1   0x0001d8    program     static C:\Users\alber\Documents\GITHUB\LS-SDM-P1-2022\LS-SDM-P1-2022.X\newpic_8b_general.asm
                BUCLE_D_1   0x0001d6    program     static C:\Users\alber\Documents\GITHUB\LS-SDM-P1-2022\LS-SDM-P1-2022.X\newpic_8b_general.asm
            CARREGA_TIMER   0x000098    program     static C:\Users\alber\Documents\GITHUB\LS-SDM-P1-2022\LS-SDM-P1-2022.X\newpic_8b_general.asm
               CONFIG_ADC   0x00007c    program     static C:\Users\alber\Documents\GITHUB\LS-SDM-P1-2022\LS-SDM-P1-2022.X\newpic_8b_general.asm
        CONFIG_INTERRUPTS   0x0000a2    program     static C:\Users\alber\Documents\GITHUB\LS-SDM-P1-2022\LS-SDM-P1-2022.X\newpic_8b_general.asm
             CONFIG_PORTS   0x000022    program     static C:\Users\alber\Documents\GITHUB\LS-SDM-P1-2022\LS-SDM-P1-2022.X\newpic_8b_general.asm
             CONFIG_TIMER   0x00008e    program     static C:\Users\alber\Documents\GITHUB\LS-SDM-P1-2022\LS-SDM-P1-2022.X\newpic_8b_general.asm
         DECREMENT_ANALOG   0x00016e    program     static C:\Users\alber\Documents\GITHUB\LS-SDM-P1-2022\LS-SDM-P1-2022.X\newpic_8b_general.asm
            END_LOOP_MAIN   0x000208    program     static C:\Users\alber\Documents\GITHUB\LS-SDM-P1-2022\LS-SDM-P1-2022.X\newpic_8b_general.asm
ESPERA_DESCLICAR_CANVI_A_AUTO   0x00010c    program     static C:\Users\alber\Documents\GITHUB\LS-SDM-P1-2022\LS-SDM-P1-2022.X\newpic_8b_general.asm
ESPERA_DESCLICAR_CANVI_A_MANUAL   0x000122    program     static C:\Users\alber\Documents\GITHUB\LS-SDM-P1-2022\LS-SDM-P1-2022.X\newpic_8b_general.asm
             ESPERA_GRAUS   0x0000ce    program     static C:\Users\alber\Documents\GITHUB\LS-SDM-P1-2022\LS-SDM-P1-2022.X\newpic_8b_general.asm
            ESPERA_meitat   0x0001d4    program     static C:\Users\alber\Documents\GITHUB\LS-SDM-P1-2022\LS-SDM-P1-2022.X\newpic_8b_general.asm
    FUNCIO_MODE_AUTOMATIC   0x00019c    program     static C:\Users\alber\Documents\GITHUB\LS-SDM-P1-2022\LS-SDM-P1-2022.X\newpic_8b_general.asm
       FUNCIO_MODE_MANUAL   0x0000da    program     static C:\Users\alber\Documents\GITHUB\LS-SDM-P1-2022\LS-SDM-P1-2022.X\newpic_8b_general.asm
                 HIGH_RSI   0x00001a    program     static C:\Users\alber\Documents\GITHUB\LS-SDM-P1-2022\LS-SDM-P1-2022.X\newpic_8b_general.asm
         INCREMENT_ANALOG   0x00014a    program     static C:\Users\alber\Documents\GITHUB\LS-SDM-P1-2022\LS-SDM-P1-2022.X\newpic_8b_general.asm
              INIT_EUSART   0x000068    program     static C:\Users\alber\Documents\GITHUB\LS-SDM-P1-2022\LS-SDM-P1-2022.X\newpic_8b_general.asm
                INIT_VARS   0x000040    program     static C:\Users\alber\Documents\GITHUB\LS-SDM-P1-2022\LS-SDM-P1-2022.X\newpic_8b_general.asm
              LOOP_ANALOG   0x00012c    program     static C:\Users\alber\Documents\GITHUB\LS-SDM-P1-2022\LS-SDM-P1-2022.X\newpic_8b_general.asm
              LOOP_CONVER   0x00012e    program     static C:\Users\alber\Documents\GITHUB\LS-SDM-P1-2022\LS-SDM-P1-2022.X\newpic_8b_general.asm
               LOOP_CWAIT   0x000156    program     static C:\Users\alber\Documents\GITHUB\LS-SDM-P1-2022\LS-SDM-P1-2022.X\newpic_8b_general.asm
               LOOP_DWAIT   0x00017a    program     static C:\Users\alber\Documents\GITHUB\LS-SDM-P1-2022\LS-SDM-P1-2022.X\newpic_8b_general.asm
           LOOP_ESPERAPWM   0x0000bc    program     static C:\Users\alber\Documents\GITHUB\LS-SDM-P1-2022\LS-SDM-P1-2022.X\newpic_8b_general.asm
               LOOP_GRAUS   0x0000d2    program     static C:\Users\alber\Documents\GITHUB\LS-SDM-P1-2022\LS-SDM-P1-2022.X\newpic_8b_general.asm
                LOOP_MAIN   0x0001fe    program     static C:\Users\alber\Documents\GITHUB\LS-SDM-P1-2022\LS-SDM-P1-2022.X\newpic_8b_general.asm
                LOOP_WAIT   0x000154    program     static C:\Users\alber\Documents\GITHUB\LS-SDM-P1-2022\LS-SDM-P1-2022.X\newpic_8b_general.asm
               LOOP_WAITD   0x000178    program     static C:\Users\alber\Documents\GITHUB\LS-SDM-P1-2022\LS-SDM-P1-2022.X\newpic_8b_general.asm
                     MAIN   0x0001e6    program     static C:\Users\alber\Documents\GITHUB\LS-SDM-P1-2022\LS-SDM-P1-2022.X\newpic_8b_general.asm
        MOVIMENT_JOYSTICK   0x00012a    program     static C:\Users\alber\Documents\GITHUB\LS-SDM-P1-2022\LS-SDM-P1-2022.X\newpic_8b_general.asm
POLSADOR_REBOTS_CANVI_A_AUTO   0x0000fe    program     static C:\Users\alber\Documents\GITHUB\LS-SDM-P1-2022\LS-SDM-P1-2022.X\newpic_8b_general.asm
POLSADOR_REBOTS_CANVI_A_MANUAL   0x000114    program     static C:\Users\alber\Documents\GITHUB\LS-SDM-P1-2022\LS-SDM-P1-2022.X\newpic_8b_general.asm
            PRE_AUTO_MODE   0x0001b0    program     static C:\Users\alber\Documents\GITHUB\LS-SDM-P1-2022\LS-SDM-P1-2022.X\newpic_8b_general.asm
  PRE_AUTO_MODE_CHECK_PIR   0x0001be    program     static C:\Users\alber\Documents\GITHUB\LS-SDM-P1-2022\LS-SDM-P1-2022.X\newpic_8b_general.asm
                      PWM   0x0000b6    program     static C:\Users\alber\Documents\GITHUB\LS-SDM-P1-2022\LS-SDM-P1-2022.X\newpic_8b_general.asm
                    RESTA   0x000196    program     static C:\Users\alber\Documents\GITHUB\LS-SDM-P1-2022\LS-SDM-P1-2022.X\newpic_8b_general.asm
                     SUMA   0x000190    program     static C:\Users\alber\Documents\GITHUB\LS-SDM-P1-2022\LS-SDM-P1-2022.X\newpic_8b_general.asm



                              Symbols - Sorted by Address
                     Name    Address   Location    Storage File                     
                ---------  ---------  ---------  --------- ---------                
                 HIGH_RSI   0x00001a    program     static C:\Users\alber\Documents\GITHUB\LS-SDM-P1-2022\LS-SDM-P1-2022.X\newpic_8b_general.asm
             CONFIG_PORTS   0x000022    program     static C:\Users\alber\Documents\GITHUB\LS-SDM-P1-2022\LS-SDM-P1-2022.X\newpic_8b_general.asm
                INIT_VARS   0x000040    program     static C:\Users\alber\Documents\GITHUB\LS-SDM-P1-2022\LS-SDM-P1-2022.X\newpic_8b_general.asm
              INIT_EUSART   0x000068    program     static C:\Users\alber\Documents\GITHUB\LS-SDM-P1-2022\LS-SDM-P1-2022.X\newpic_8b_general.asm
               CONFIG_ADC   0x00007c    program     static C:\Users\alber\Documents\GITHUB\LS-SDM-P1-2022\LS-SDM-P1-2022.X\newpic_8b_general.asm
             CONFIG_TIMER   0x00008e    program     static C:\Users\alber\Documents\GITHUB\LS-SDM-P1-2022\LS-SDM-P1-2022.X\newpic_8b_general.asm
            CARREGA_TIMER   0x000098    program     static C:\Users\alber\Documents\GITHUB\LS-SDM-P1-2022\LS-SDM-P1-2022.X\newpic_8b_general.asm
        CONFIG_INTERRUPTS   0x0000a2    program     static C:\Users\alber\Documents\GITHUB\LS-SDM-P1-2022\LS-SDM-P1-2022.X\newpic_8b_general.asm
               ACTION_TMR   0x0000aa    program     static C:\Users\alber\Documents\GITHUB\LS-SDM-P1-2022\LS-SDM-P1-2022.X\newpic_8b_general.asm
                      PWM   0x0000b6    program     static C:\Users\alber\Documents\GITHUB\LS-SDM-P1-2022\LS-SDM-P1-2022.X\newpic_8b_general.asm
           LOOP_ESPERAPWM   0x0000bc    program     static C:\Users\alber\Documents\GITHUB\LS-SDM-P1-2022\LS-SDM-P1-2022.X\newpic_8b_general.asm
             ESPERA_GRAUS   0x0000ce    program     static C:\Users\alber\Documents\GITHUB\LS-SDM-P1-2022\LS-SDM-P1-2022.X\newpic_8b_general.asm
               LOOP_GRAUS   0x0000d2    program     static C:\Users\alber\Documents\GITHUB\LS-SDM-P1-2022\LS-SDM-P1-2022.X\newpic_8b_general.asm
       FUNCIO_MODE_MANUAL   0x0000da    program     static C:\Users\alber\Documents\GITHUB\LS-SDM-P1-2022\LS-SDM-P1-2022.X\newpic_8b_general.asm
POLSADOR_REBOTS_CANVI_A_AUTO   0x0000fe    program     static C:\Users\alber\Documents\GITHUB\LS-SDM-P1-2022\LS-SDM-P1-2022.X\newpic_8b_general.asm
ESPERA_DESCLICAR_CANVI_A_AUTO   0x00010c    program     static C:\Users\alber\Documents\GITHUB\LS-SDM-P1-2022\LS-SDM-P1-2022.X\newpic_8b_general.asm
POLSADOR_REBOTS_CANVI_A_MANUAL   0x000114    program     static C:\Users\alber\Documents\GITHUB\LS-SDM-P1-2022\LS-SDM-P1-2022.X\newpic_8b_general.asm
ESPERA_DESCLICAR_CANVI_A_MANUAL   0x000122    program     static C:\Users\alber\Documents\GITHUB\LS-SDM-P1-2022\LS-SDM-P1-2022.X\newpic_8b_general.asm
        MOVIMENT_JOYSTICK   0x00012a    program     static C:\Users\alber\Documents\GITHUB\LS-SDM-P1-2022\LS-SDM-P1-2022.X\newpic_8b_general.asm
              LOOP_ANALOG   0x00012c    program     static C:\Users\alber\Documents\GITHUB\LS-SDM-P1-2022\LS-SDM-P1-2022.X\newpic_8b_general.asm
              LOOP_CONVER   0x00012e    program     static C:\Users\alber\Documents\GITHUB\LS-SDM-P1-2022\LS-SDM-P1-2022.X\newpic_8b_general.asm
         INCREMENT_ANALOG   0x00014a    program     static C:\Users\alber\Documents\GITHUB\LS-SDM-P1-2022\LS-SDM-P1-2022.X\newpic_8b_general.asm
                LOOP_WAIT   0x000154    program     static C:\Users\alber\Documents\GITHUB\LS-SDM-P1-2022\LS-SDM-P1-2022.X\newpic_8b_general.asm
               LOOP_CWAIT   0x000156    program     static C:\Users\alber\Documents\GITHUB\LS-SDM-P1-2022\LS-SDM-P1-2022.X\newpic_8b_general.asm
         DECREMENT_ANALOG   0x00016e    program     static C:\Users\alber\Documents\GITHUB\LS-SDM-P1-2022\LS-SDM-P1-2022.X\newpic_8b_general.asm
               LOOP_WAITD   0x000178    program     static C:\Users\alber\Documents\GITHUB\LS-SDM-P1-2022\LS-SDM-P1-2022.X\newpic_8b_general.asm
               LOOP_DWAIT   0x00017a    program     static C:\Users\alber\Documents\GITHUB\LS-SDM-P1-2022\LS-SDM-P1-2022.X\newpic_8b_general.asm
                     SUMA   0x000190    program     static C:\Users\alber\Documents\GITHUB\LS-SDM-P1-2022\LS-SDM-P1-2022.X\newpic_8b_general.asm
                    RESTA   0x000196    program     static C:\Users\alber\Documents\GITHUB\LS-SDM-P1-2022\LS-SDM-P1-2022.X\newpic_8b_general.asm
    FUNCIO_MODE_AUTOMATIC   0x00019c    program     static C:\Users\alber\Documents\GITHUB\LS-SDM-P1-2022\LS-SDM-P1-2022.X\newpic_8b_general.asm
            PRE_AUTO_MODE   0x0001b0    program     static C:\Users\alber\Documents\GITHUB\LS-SDM-P1-2022\LS-SDM-P1-2022.X\newpic_8b_general.asm
  PRE_AUTO_MODE_CHECK_PIR   0x0001be    program     static C:\Users\alber\Documents\GITHUB\LS-SDM-P1-2022\LS-SDM-P1-2022.X\newpic_8b_general.asm
            ESPERA_meitat   0x0001d4    program     static C:\Users\alber\Documents\GITHUB\LS-SDM-P1-2022\LS-SDM-P1-2022.X\newpic_8b_general.asm
                BUCLE_D_1   0x0001d6    program     static C:\Users\alber\Documents\GITHUB\LS-SDM-P1-2022\LS-SDM-P1-2022.X\newpic_8b_general.asm
               BUCLE2_D_1   0x0001d8    program     static C:\Users\alber\Documents\GITHUB\LS-SDM-P1-2022\LS-SDM-P1-2022.X\newpic_8b_general.asm
                     MAIN   0x0001e6    program     static C:\Users\alber\Documents\GITHUB\LS-SDM-P1-2022\LS-SDM-P1-2022.X\newpic_8b_general.asm
                LOOP_MAIN   0x0001fe    program     static C:\Users\alber\Documents\GITHUB\LS-SDM-P1-2022\LS-SDM-P1-2022.X\newpic_8b_general.asm
            END_LOOP_MAIN   0x000208    program     static C:\Users\alber\Documents\GITHUB\LS-SDM-P1-2022\LS-SDM-P1-2022.X\newpic_8b_general.asm


