MPLINK 5.09, LINKER
Linker Map File - Created Thu Feb 24 15:11:43 2022

                                 Section Info
                  Section       Type    Address   Location Size(Bytes)
                ---------  ---------  ---------  ---------  ---------
                   .org_0       code   0x000000    program   0x000004
                   .cinit    romdata   0x000004    program   0x000002
                   .org_1       code   0x000008    program   0x000004
                   .org_2       code   0x000018    program   0x00052e
.config_300001_BUILD/DEFAULT/PRODUCTION/NEWPIC_    romdata   0x300001    program   0x000001
.config_300003_BUILD/DEFAULT/PRODUCTION/NEWPIC_    romdata   0x300003    program   0x000001
.config_300005_BUILD/DEFAULT/PRODUCTION/NEWPIC_    romdata   0x300005    program   0x000001
.config_300006_BUILD/DEFAULT/PRODUCTION/NEWPIC_    romdata   0x300006    program   0x000001



                              Program Memory Usage 
                               Start         End      
                           ---------   ---------      
                            0x000000    0x000005      
                            0x000008    0x00000b      
                            0x000018    0x000545      
                            0x300001    0x300001      
                            0x300003    0x300003      
                            0x300005    0x300006      
            1340 out of 8472 program addresses used, program memory utilization is 15%



                              Symbols - Sorted by Name
                     Name    Address   Location    Storage File                     
                ---------  ---------  ---------  --------- ---------                
               ACTION_TMR   0x0000c2    program     static C:\Users\gerar\Documents\Uni\3r Telecos\Compus P2_FaseA\LS-SDM-P1-2022\LS-SDM-P1-2022.X\newpic_8b_general.asm
               BUCLE2_D_1   0x000508    program     static C:\Users\gerar\Documents\Uni\3r Telecos\Compus P2_FaseA\LS-SDM-P1-2022\LS-SDM-P1-2022.X\newpic_8b_general.asm
                BUCLE_D_1   0x000506    program     static C:\Users\gerar\Documents\Uni\3r Telecos\Compus P2_FaseA\LS-SDM-P1-2022\LS-SDM-P1-2022.X\newpic_8b_general.asm
         BUCLE_NETEJA_RAM   0x00039a    program     static C:\Users\gerar\Documents\Uni\3r Telecos\Compus P2_FaseA\LS-SDM-P1-2022\LS-SDM-P1-2022.X\newpic_8b_general.asm
                  BUCLE_T   0x000290    program     static C:\Users\gerar\Documents\Uni\3r Telecos\Compus P2_FaseA\LS-SDM-P1-2022\LS-SDM-P1-2022.X\newpic_8b_general.asm
            CARREGA_TIMER   0x0000b0    program     static C:\Users\gerar\Documents\Uni\3r Telecos\Compus P2_FaseA\LS-SDM-P1-2022\LS-SDM-P1-2022.X\newpic_8b_general.asm
               CLEAN_VARS   0x000188    program     static C:\Users\gerar\Documents\Uni\3r Telecos\Compus P2_FaseA\LS-SDM-P1-2022\LS-SDM-P1-2022.X\newpic_8b_general.asm
       COMPROVA_TEMPS_LOW   0x000180    program     static C:\Users\gerar\Documents\Uni\3r Telecos\Compus P2_FaseA\LS-SDM-P1-2022\LS-SDM-P1-2022.X\newpic_8b_general.asm
               CONFIG_ADC   0x000094    program     static C:\Users\gerar\Documents\Uni\3r Telecos\Compus P2_FaseA\LS-SDM-P1-2022\LS-SDM-P1-2022.X\newpic_8b_general.asm
        CONFIG_INTERRUPTS   0x0000ba    program     static C:\Users\gerar\Documents\Uni\3r Telecos\Compus P2_FaseA\LS-SDM-P1-2022\LS-SDM-P1-2022.X\newpic_8b_general.asm
             CONFIG_PORTS   0x000022    program     static C:\Users\gerar\Documents\Uni\3r Telecos\Compus P2_FaseA\LS-SDM-P1-2022\LS-SDM-P1-2022.X\newpic_8b_general.asm
             CONFIG_TIMER   0x0000a6    program     static C:\Users\gerar\Documents\Uni\3r Telecos\Compus P2_FaseA\LS-SDM-P1-2022\LS-SDM-P1-2022.X\newpic_8b_general.asm
CONTROL_REBOTS_PLAY_BUTTON   0x0004e2    program     static C:\Users\gerar\Documents\Uni\3r Telecos\Compus P2_FaseA\LS-SDM-P1-2022\LS-SDM-P1-2022.X\newpic_8b_general.asm
CONTROL_REBOTS_PLAY_BUTTON_BAIXA   0x0004f4    program     static C:\Users\gerar\Documents\Uni\3r Telecos\Compus P2_FaseA\LS-SDM-P1-2022\LS-SDM-P1-2022.X\newpic_8b_general.asm
CONTROL_REBOTS_PLAY_BUTTON_DESCL   0x0004ee    program     static C:\Users\gerar\Documents\Uni\3r Telecos\Compus P2_FaseA\LS-SDM-P1-2022\LS-SDM-P1-2022.X\newpic_8b_general.asm
                 CORREGIR   0x0002d8    program     static C:\Users\gerar\Documents\Uni\3r Telecos\Compus P2_FaseA\LS-SDM-P1-2022\LS-SDM-P1-2022.X\newpic_8b_general.asm
         DECREMENT_ANALOG   0x000252    program     static C:\Users\gerar\Documents\Uni\3r Telecos\Compus P2_FaseA\LS-SDM-P1-2022\LS-SDM-P1-2022.X\newpic_8b_general.asm
            END_LOOP_MAIN   0x00053a    program     static C:\Users\gerar\Documents\Uni\3r Telecos\Compus P2_FaseA\LS-SDM-P1-2022\LS-SDM-P1-2022.X\newpic_8b_general.asm
              ENREGISTRAR   0x000164    program     static C:\Users\gerar\Documents\Uni\3r Telecos\Compus P2_FaseA\LS-SDM-P1-2022\LS-SDM-P1-2022.X\newpic_8b_general.asm
                  ENVIA_K   0x000488    program     static C:\Users\gerar\Documents\Uni\3r Telecos\Compus P2_FaseA\LS-SDM-P1-2022\LS-SDM-P1-2022.X\newpic_8b_general.asm
         ESPERA_CONVERSIO   0x000286    program     static C:\Users\gerar\Documents\Uni\3r Telecos\Compus P2_FaseA\LS-SDM-P1-2022\LS-SDM-P1-2022.X\newpic_8b_general.asm
ESPERA_DESCLICAR_CANVI_A_AUTO   0x0001ec    program     static C:\Users\gerar\Documents\Uni\3r Telecos\Compus P2_FaseA\LS-SDM-P1-2022\LS-SDM-P1-2022.X\newpic_8b_general.asm
ESPERA_DESCLICAR_CANVI_A_MANUAL   0x000202    program     static C:\Users\gerar\Documents\Uni\3r Telecos\Compus P2_FaseA\LS-SDM-P1-2022\LS-SDM-P1-2022.X\newpic_8b_general.asm
ESPERA_DESCLICAR_MODE_TOCAR   0x00037e    program     static C:\Users\gerar\Documents\Uni\3r Telecos\Compus P2_FaseA\LS-SDM-P1-2022\LS-SDM-P1-2022.X\newpic_8b_general.asm
             ESPERA_GRAUS   0x000134    program     static C:\Users\gerar\Documents\Uni\3r Telecos\Compus P2_FaseA\LS-SDM-P1-2022\LS-SDM-P1-2022.X\newpic_8b_general.asm
            ESPERA_GRAUS2   0x000158    program     static C:\Users\gerar\Documents\Uni\3r Telecos\Compus P2_FaseA\LS-SDM-P1-2022\LS-SDM-P1-2022.X\newpic_8b_general.asm
                ESPERA_TX   0x0003a8    program     static C:\Users\gerar\Documents\Uni\3r Telecos\Compus P2_FaseA\LS-SDM-P1-2022\LS-SDM-P1-2022.X\newpic_8b_general.asm
            ESPERA_meitat   0x000504    program     static C:\Users\gerar\Documents\Uni\3r Telecos\Compus P2_FaseA\LS-SDM-P1-2022\LS-SDM-P1-2022.X\newpic_8b_general.asm
               FAIL_INPUT   0x00043a    program     static C:\Users\gerar\Documents\Uni\3r Telecos\Compus P2_FaseA\LS-SDM-P1-2022\LS-SDM-P1-2022.X\newpic_8b_general.asm
                  FINAL_T   0x0002d0    program     static C:\Users\gerar\Documents\Uni\3r Telecos\Compus P2_FaseA\LS-SDM-P1-2022\LS-SDM-P1-2022.X\newpic_8b_general.asm
                  FI_SONG   0x0004b2    program     static C:\Users\gerar\Documents\Uni\3r Telecos\Compus P2_FaseA\LS-SDM-P1-2022\LS-SDM-P1-2022.X\newpic_8b_general.asm
    FUNCIO_MODE_AUTOMATIC   0x000492    program     static C:\Users\gerar\Documents\Uni\3r Telecos\Compus P2_FaseA\LS-SDM-P1-2022\LS-SDM-P1-2022.X\newpic_8b_general.asm
       FUNCIO_MODE_MANUAL   0x00018e    program     static C:\Users\gerar\Documents\Uni\3r Telecos\Compus P2_FaseA\LS-SDM-P1-2022\LS-SDM-P1-2022.X\newpic_8b_general.asm
                 HIGH_RSI   0x00001a    program     static C:\Users\gerar\Documents\Uni\3r Telecos\Compus P2_FaseA\LS-SDM-P1-2022\LS-SDM-P1-2022.X\newpic_8b_general.asm
          INCREMENTA_HIGH   0x000100    program     static C:\Users\gerar\Documents\Uni\3r Telecos\Compus P2_FaseA\LS-SDM-P1-2022\LS-SDM-P1-2022.X\newpic_8b_general.asm
           INCREMENTA_LOW   0x0000da    program     static C:\Users\gerar\Documents\Uni\3r Telecos\Compus P2_FaseA\LS-SDM-P1-2022\LS-SDM-P1-2022.X\newpic_8b_general.asm
           INCREMENTA_VAR   0x00010c    program     static C:\Users\gerar\Documents\Uni\3r Telecos\Compus P2_FaseA\LS-SDM-P1-2022\LS-SDM-P1-2022.X\newpic_8b_general.asm
         INCREMENT_ANALOG   0x000230    program     static C:\Users\gerar\Documents\Uni\3r Telecos\Compus P2_FaseA\LS-SDM-P1-2022\LS-SDM-P1-2022.X\newpic_8b_general.asm
              INIT_EUSART   0x000080    program     static C:\Users\gerar\Documents\Uni\3r Telecos\Compus P2_FaseA\LS-SDM-P1-2022\LS-SDM-P1-2022.X\newpic_8b_general.asm
                INIT_VARS   0x000046    program     static C:\Users\gerar\Documents\Uni\3r Telecos\Compus P2_FaseA\LS-SDM-P1-2022\LS-SDM-P1-2022.X\newpic_8b_general.asm
              LOOP_ANALOG   0x000212    program     static C:\Users\gerar\Documents\Uni\3r Telecos\Compus P2_FaseA\LS-SDM-P1-2022\LS-SDM-P1-2022.X\newpic_8b_general.asm
              LOOP_CONVER   0x000214    program     static C:\Users\gerar\Documents\Uni\3r Telecos\Compus P2_FaseA\LS-SDM-P1-2022\LS-SDM-P1-2022.X\newpic_8b_general.asm
               LOOP_CWAIT   0x00023c    program     static C:\Users\gerar\Documents\Uni\3r Telecos\Compus P2_FaseA\LS-SDM-P1-2022\LS-SDM-P1-2022.X\newpic_8b_general.asm
               LOOP_DWAIT   0x00025e    program     static C:\Users\gerar\Documents\Uni\3r Telecos\Compus P2_FaseA\LS-SDM-P1-2022\LS-SDM-P1-2022.X\newpic_8b_general.asm
           LOOP_ESPERAPWM   0x000122    program     static C:\Users\gerar\Documents\Uni\3r Telecos\Compus P2_FaseA\LS-SDM-P1-2022\LS-SDM-P1-2022.X\newpic_8b_general.asm
          LOOP_ESPERAPWM2   0x000146    program     static C:\Users\gerar\Documents\Uni\3r Telecos\Compus P2_FaseA\LS-SDM-P1-2022\LS-SDM-P1-2022.X\newpic_8b_general.asm
      LOOP_ESPERA_BAIXADA   0x000468    program     static C:\Users\gerar\Documents\Uni\3r Telecos\Compus P2_FaseA\LS-SDM-P1-2022\LS-SDM-P1-2022.X\newpic_8b_general.asm
    LOOP_ESPERA_BAIXADA_2   0x00046c    program     static C:\Users\gerar\Documents\Uni\3r Telecos\Compus P2_FaseA\LS-SDM-P1-2022\LS-SDM-P1-2022.X\newpic_8b_general.asm
    LOOP_ESPERA_BAIXADA_3   0x000470    program     static C:\Users\gerar\Documents\Uni\3r Telecos\Compus P2_FaseA\LS-SDM-P1-2022\LS-SDM-P1-2022.X\newpic_8b_general.asm
            LOOP_ESPERA_X   0x000440    program     static C:\Users\gerar\Documents\Uni\3r Telecos\Compus P2_FaseA\LS-SDM-P1-2022\LS-SDM-P1-2022.X\newpic_8b_general.asm
          LOOP_ESPERA_X_2   0x000444    program     static C:\Users\gerar\Documents\Uni\3r Telecos\Compus P2_FaseA\LS-SDM-P1-2022\LS-SDM-P1-2022.X\newpic_8b_general.asm
          LOOP_ESPERA_X_3   0x000448    program     static C:\Users\gerar\Documents\Uni\3r Telecos\Compus P2_FaseA\LS-SDM-P1-2022\LS-SDM-P1-2022.X\newpic_8b_general.asm
               LOOP_GRAUS   0x000138    program     static C:\Users\gerar\Documents\Uni\3r Telecos\Compus P2_FaseA\LS-SDM-P1-2022\LS-SDM-P1-2022.X\newpic_8b_general.asm
              LOOP_GRAUS2   0x00015c    program     static C:\Users\gerar\Documents\Uni\3r Telecos\Compus P2_FaseA\LS-SDM-P1-2022\LS-SDM-P1-2022.X\newpic_8b_general.asm
                LOOP_MAIN   0x000530    program     static C:\Users\gerar\Documents\Uni\3r Telecos\Compus P2_FaseA\LS-SDM-P1-2022\LS-SDM-P1-2022.X\newpic_8b_general.asm
                LOOP_WAIT   0x00023a    program     static C:\Users\gerar\Documents\Uni\3r Telecos\Compus P2_FaseA\LS-SDM-P1-2022\LS-SDM-P1-2022.X\newpic_8b_general.asm
               LOOP_WAITD   0x00025c    program     static C:\Users\gerar\Documents\Uni\3r Telecos\Compus P2_FaseA\LS-SDM-P1-2022\LS-SDM-P1-2022.X\newpic_8b_general.asm
                     MAIN   0x000518    program     static C:\Users\gerar\Documents\Uni\3r Telecos\Compus P2_FaseA\LS-SDM-P1-2022\LS-SDM-P1-2022.X\newpic_8b_general.asm
        MIRA_MODE_ENTRADA   0x00036a    program     static C:\Users\gerar\Documents\Uni\3r Telecos\Compus P2_FaseA\LS-SDM-P1-2022\LS-SDM-P1-2022.X\newpic_8b_general.asm
             MOSTRAR_NOTA   0x0002de    program     static C:\Users\gerar\Documents\Uni\3r Telecos\Compus P2_FaseA\LS-SDM-P1-2022\LS-SDM-P1-2022.X\newpic_8b_general.asm
                 MOSTRA_A   0x00031a    program     static C:\Users\gerar\Documents\Uni\3r Telecos\Compus P2_FaseA\LS-SDM-P1-2022\LS-SDM-P1-2022.X\newpic_8b_general.asm
                 MOSTRA_B   0x000324    program     static C:\Users\gerar\Documents\Uni\3r Telecos\Compus P2_FaseA\LS-SDM-P1-2022\LS-SDM-P1-2022.X\newpic_8b_general.asm
                 MOSTRA_C   0x00032e    program     static C:\Users\gerar\Documents\Uni\3r Telecos\Compus P2_FaseA\LS-SDM-P1-2022\LS-SDM-P1-2022.X\newpic_8b_general.asm
           MOSTRA_C_MENOR   0x000360    program     static C:\Users\gerar\Documents\Uni\3r Telecos\Compus P2_FaseA\LS-SDM-P1-2022\LS-SDM-P1-2022.X\newpic_8b_general.asm
                 MOSTRA_D   0x000338    program     static C:\Users\gerar\Documents\Uni\3r Telecos\Compus P2_FaseA\LS-SDM-P1-2022\LS-SDM-P1-2022.X\newpic_8b_general.asm
                 MOSTRA_E   0x000342    program     static C:\Users\gerar\Documents\Uni\3r Telecos\Compus P2_FaseA\LS-SDM-P1-2022\LS-SDM-P1-2022.X\newpic_8b_general.asm
                 MOSTRA_F   0x00034c    program     static C:\Users\gerar\Documents\Uni\3r Telecos\Compus P2_FaseA\LS-SDM-P1-2022\LS-SDM-P1-2022.X\newpic_8b_general.asm
                 MOSTRA_G   0x000356    program     static C:\Users\gerar\Documents\Uni\3r Telecos\Compus P2_FaseA\LS-SDM-P1-2022\LS-SDM-P1-2022.X\newpic_8b_general.asm
     MOVIMENT_JAVA_MANUAL   0x0003b0    program     static C:\Users\gerar\Documents\Uni\3r Telecos\Compus P2_FaseA\LS-SDM-P1-2022\LS-SDM-P1-2022.X\newpic_8b_general.asm
        MOVIMENT_JOYSTICK   0x00020a    program     static C:\Users\gerar\Documents\Uni\3r Telecos\Compus P2_FaseA\LS-SDM-P1-2022\LS-SDM-P1-2022.X\newpic_8b_general.asm
                     NEXT   0x000102    program     static C:\Users\gerar\Documents\Uni\3r Telecos\Compus P2_FaseA\LS-SDM-P1-2022\LS-SDM-P1-2022.X\newpic_8b_general.asm
                   NEXT_A   0x00041a    program     static C:\Users\gerar\Documents\Uni\3r Telecos\Compus P2_FaseA\LS-SDM-P1-2022\LS-SDM-P1-2022.X\newpic_8b_general.asm
                   NEXT_B   0x00042a    program     static C:\Users\gerar\Documents\Uni\3r Telecos\Compus P2_FaseA\LS-SDM-P1-2022\LS-SDM-P1-2022.X\newpic_8b_general.asm
                   NEXT_C   0x0003ca    program     static C:\Users\gerar\Documents\Uni\3r Telecos\Compus P2_FaseA\LS-SDM-P1-2022\LS-SDM-P1-2022.X\newpic_8b_general.asm
                   NEXT_D   0x0003da    program     static C:\Users\gerar\Documents\Uni\3r Telecos\Compus P2_FaseA\LS-SDM-P1-2022\LS-SDM-P1-2022.X\newpic_8b_general.asm
                   NEXT_E   0x0003ea    program     static C:\Users\gerar\Documents\Uni\3r Telecos\Compus P2_FaseA\LS-SDM-P1-2022\LS-SDM-P1-2022.X\newpic_8b_general.asm
                   NEXT_F   0x0003fa    program     static C:\Users\gerar\Documents\Uni\3r Telecos\Compus P2_FaseA\LS-SDM-P1-2022\LS-SDM-P1-2022.X\newpic_8b_general.asm
                   NEXT_G   0x00040a    program     static C:\Users\gerar\Documents\Uni\3r Telecos\Compus P2_FaseA\LS-SDM-P1-2022\LS-SDM-P1-2022.X\newpic_8b_general.asm
                OVER_FLOW   0x0000ec    program     static C:\Users\gerar\Documents\Uni\3r Telecos\Compus P2_FaseA\LS-SDM-P1-2022\LS-SDM-P1-2022.X\newpic_8b_general.asm
               PICAR_NOTA   0x000280    program     static C:\Users\gerar\Documents\Uni\3r Telecos\Compus P2_FaseA\LS-SDM-P1-2022\LS-SDM-P1-2022.X\newpic_8b_general.asm
            PLAY_RAM_SONG   0x000516    program     static C:\Users\gerar\Documents\Uni\3r Telecos\Compus P2_FaseA\LS-SDM-P1-2022\LS-SDM-P1-2022.X\newpic_8b_general.asm
                POLLANCRE   0x0001a2    program     static C:\Users\gerar\Documents\Uni\3r Telecos\Compus P2_FaseA\LS-SDM-P1-2022\LS-SDM-P1-2022.X\newpic_8b_general.asm
POLSADOR_REBOTS_CANVI_A_AUTO   0x0001de    program     static C:\Users\gerar\Documents\Uni\3r Telecos\Compus P2_FaseA\LS-SDM-P1-2022\LS-SDM-P1-2022.X\newpic_8b_general.asm
POLSADOR_REBOTS_CANVI_A_MANUAL   0x0001f4    program     static C:\Users\gerar\Documents\Uni\3r Telecos\Compus P2_FaseA\LS-SDM-P1-2022\LS-SDM-P1-2022.X\newpic_8b_general.asm
            PRE_AUTO_MODE   0x0004b6    program     static C:\Users\gerar\Documents\Uni\3r Telecos\Compus P2_FaseA\LS-SDM-P1-2022\LS-SDM-P1-2022.X\newpic_8b_general.asm
  PRE_AUTO_MODE_CHECK_PIR   0x0004ca    program     static C:\Users\gerar\Documents\Uni\3r Telecos\Compus P2_FaseA\LS-SDM-P1-2022\LS-SDM-P1-2022.X\newpic_8b_general.asm
PRE_AUTO_MODE_CHECK_PLAY_BUTTON   0x0004c4    program     static C:\Users\gerar\Documents\Uni\3r Telecos\Compus P2_FaseA\LS-SDM-P1-2022\LS-SDM-P1-2022.X\newpic_8b_general.asm
                      PWM   0x00011c    program     static C:\Users\gerar\Documents\Uni\3r Telecos\Compus P2_FaseA\LS-SDM-P1-2022\LS-SDM-P1-2022.X\newpic_8b_general.asm
                     PWM2   0x000140    program     static C:\Users\gerar\Documents\Uni\3r Telecos\Compus P2_FaseA\LS-SDM-P1-2022\LS-SDM-P1-2022.X\newpic_8b_general.asm
                   RECORD   0x000390    program     static C:\Users\gerar\Documents\Uni\3r Telecos\Compus P2_FaseA\LS-SDM-P1-2022\LS-SDM-P1-2022.X\newpic_8b_general.asm
    REPRODUINT_AUTO_BUCLE   0x0004a2    program     static C:\Users\gerar\Documents\Uni\3r Telecos\Compus P2_FaseA\LS-SDM-P1-2022\LS-SDM-P1-2022.X\newpic_8b_general.asm
                RESET_VAR   0x000118    program     static C:\Users\gerar\Documents\Uni\3r Telecos\Compus P2_FaseA\LS-SDM-P1-2022\LS-SDM-P1-2022.X\newpic_8b_general.asm
                    RESTA   0x00027a    program     static C:\Users\gerar\Documents\Uni\3r Telecos\Compus P2_FaseA\LS-SDM-P1-2022\LS-SDM-P1-2022.X\newpic_8b_general.asm
                     SUMA   0x000274    program     static C:\Users\gerar\Documents\Uni\3r Telecos\Compus P2_FaseA\LS-SDM-P1-2022\LS-SDM-P1-2022.X\newpic_8b_general.asm
              TROBAT_NOTA   0x00043c    program     static C:\Users\gerar\Documents\Uni\3r Telecos\Compus P2_FaseA\LS-SDM-P1-2022\LS-SDM-P1-2022.X\newpic_8b_general.asm
                 T_TROBAT   0x0002ba    program     static C:\Users\gerar\Documents\Uni\3r Telecos\Compus P2_FaseA\LS-SDM-P1-2022\LS-SDM-P1-2022.X\newpic_8b_general.asm
                     VERD   0x000198    program     static C:\Users\gerar\Documents\Uni\3r Telecos\Compus P2_FaseA\LS-SDM-P1-2022\LS-SDM-P1-2022.X\newpic_8b_general.asm
                  VERMELL   0x00019e    program     static C:\Users\gerar\Documents\Uni\3r Telecos\Compus P2_FaseA\LS-SDM-P1-2022\LS-SDM-P1-2022.X\newpic_8b_general.asm



                              Symbols - Sorted by Address
                     Name    Address   Location    Storage File                     
                ---------  ---------  ---------  --------- ---------                
                 HIGH_RSI   0x00001a    program     static C:\Users\gerar\Documents\Uni\3r Telecos\Compus P2_FaseA\LS-SDM-P1-2022\LS-SDM-P1-2022.X\newpic_8b_general.asm
             CONFIG_PORTS   0x000022    program     static C:\Users\gerar\Documents\Uni\3r Telecos\Compus P2_FaseA\LS-SDM-P1-2022\LS-SDM-P1-2022.X\newpic_8b_general.asm
                INIT_VARS   0x000046    program     static C:\Users\gerar\Documents\Uni\3r Telecos\Compus P2_FaseA\LS-SDM-P1-2022\LS-SDM-P1-2022.X\newpic_8b_general.asm
              INIT_EUSART   0x000080    program     static C:\Users\gerar\Documents\Uni\3r Telecos\Compus P2_FaseA\LS-SDM-P1-2022\LS-SDM-P1-2022.X\newpic_8b_general.asm
               CONFIG_ADC   0x000094    program     static C:\Users\gerar\Documents\Uni\3r Telecos\Compus P2_FaseA\LS-SDM-P1-2022\LS-SDM-P1-2022.X\newpic_8b_general.asm
             CONFIG_TIMER   0x0000a6    program     static C:\Users\gerar\Documents\Uni\3r Telecos\Compus P2_FaseA\LS-SDM-P1-2022\LS-SDM-P1-2022.X\newpic_8b_general.asm
            CARREGA_TIMER   0x0000b0    program     static C:\Users\gerar\Documents\Uni\3r Telecos\Compus P2_FaseA\LS-SDM-P1-2022\LS-SDM-P1-2022.X\newpic_8b_general.asm
        CONFIG_INTERRUPTS   0x0000ba    program     static C:\Users\gerar\Documents\Uni\3r Telecos\Compus P2_FaseA\LS-SDM-P1-2022\LS-SDM-P1-2022.X\newpic_8b_general.asm
               ACTION_TMR   0x0000c2    program     static C:\Users\gerar\Documents\Uni\3r Telecos\Compus P2_FaseA\LS-SDM-P1-2022\LS-SDM-P1-2022.X\newpic_8b_general.asm
           INCREMENTA_LOW   0x0000da    program     static C:\Users\gerar\Documents\Uni\3r Telecos\Compus P2_FaseA\LS-SDM-P1-2022\LS-SDM-P1-2022.X\newpic_8b_general.asm
                OVER_FLOW   0x0000ec    program     static C:\Users\gerar\Documents\Uni\3r Telecos\Compus P2_FaseA\LS-SDM-P1-2022\LS-SDM-P1-2022.X\newpic_8b_general.asm
          INCREMENTA_HIGH   0x000100    program     static C:\Users\gerar\Documents\Uni\3r Telecos\Compus P2_FaseA\LS-SDM-P1-2022\LS-SDM-P1-2022.X\newpic_8b_general.asm
                     NEXT   0x000102    program     static C:\Users\gerar\Documents\Uni\3r Telecos\Compus P2_FaseA\LS-SDM-P1-2022\LS-SDM-P1-2022.X\newpic_8b_general.asm
           INCREMENTA_VAR   0x00010c    program     static C:\Users\gerar\Documents\Uni\3r Telecos\Compus P2_FaseA\LS-SDM-P1-2022\LS-SDM-P1-2022.X\newpic_8b_general.asm
                RESET_VAR   0x000118    program     static C:\Users\gerar\Documents\Uni\3r Telecos\Compus P2_FaseA\LS-SDM-P1-2022\LS-SDM-P1-2022.X\newpic_8b_general.asm
                      PWM   0x00011c    program     static C:\Users\gerar\Documents\Uni\3r Telecos\Compus P2_FaseA\LS-SDM-P1-2022\LS-SDM-P1-2022.X\newpic_8b_general.asm
           LOOP_ESPERAPWM   0x000122    program     static C:\Users\gerar\Documents\Uni\3r Telecos\Compus P2_FaseA\LS-SDM-P1-2022\LS-SDM-P1-2022.X\newpic_8b_general.asm
             ESPERA_GRAUS   0x000134    program     static C:\Users\gerar\Documents\Uni\3r Telecos\Compus P2_FaseA\LS-SDM-P1-2022\LS-SDM-P1-2022.X\newpic_8b_general.asm
               LOOP_GRAUS   0x000138    program     static C:\Users\gerar\Documents\Uni\3r Telecos\Compus P2_FaseA\LS-SDM-P1-2022\LS-SDM-P1-2022.X\newpic_8b_general.asm
                     PWM2   0x000140    program     static C:\Users\gerar\Documents\Uni\3r Telecos\Compus P2_FaseA\LS-SDM-P1-2022\LS-SDM-P1-2022.X\newpic_8b_general.asm
          LOOP_ESPERAPWM2   0x000146    program     static C:\Users\gerar\Documents\Uni\3r Telecos\Compus P2_FaseA\LS-SDM-P1-2022\LS-SDM-P1-2022.X\newpic_8b_general.asm
            ESPERA_GRAUS2   0x000158    program     static C:\Users\gerar\Documents\Uni\3r Telecos\Compus P2_FaseA\LS-SDM-P1-2022\LS-SDM-P1-2022.X\newpic_8b_general.asm
              LOOP_GRAUS2   0x00015c    program     static C:\Users\gerar\Documents\Uni\3r Telecos\Compus P2_FaseA\LS-SDM-P1-2022\LS-SDM-P1-2022.X\newpic_8b_general.asm
              ENREGISTRAR   0x000164    program     static C:\Users\gerar\Documents\Uni\3r Telecos\Compus P2_FaseA\LS-SDM-P1-2022\LS-SDM-P1-2022.X\newpic_8b_general.asm
       COMPROVA_TEMPS_LOW   0x000180    program     static C:\Users\gerar\Documents\Uni\3r Telecos\Compus P2_FaseA\LS-SDM-P1-2022\LS-SDM-P1-2022.X\newpic_8b_general.asm
               CLEAN_VARS   0x000188    program     static C:\Users\gerar\Documents\Uni\3r Telecos\Compus P2_FaseA\LS-SDM-P1-2022\LS-SDM-P1-2022.X\newpic_8b_general.asm
       FUNCIO_MODE_MANUAL   0x00018e    program     static C:\Users\gerar\Documents\Uni\3r Telecos\Compus P2_FaseA\LS-SDM-P1-2022\LS-SDM-P1-2022.X\newpic_8b_general.asm
                     VERD   0x000198    program     static C:\Users\gerar\Documents\Uni\3r Telecos\Compus P2_FaseA\LS-SDM-P1-2022\LS-SDM-P1-2022.X\newpic_8b_general.asm
                  VERMELL   0x00019e    program     static C:\Users\gerar\Documents\Uni\3r Telecos\Compus P2_FaseA\LS-SDM-P1-2022\LS-SDM-P1-2022.X\newpic_8b_general.asm
                POLLANCRE   0x0001a2    program     static C:\Users\gerar\Documents\Uni\3r Telecos\Compus P2_FaseA\LS-SDM-P1-2022\LS-SDM-P1-2022.X\newpic_8b_general.asm
POLSADOR_REBOTS_CANVI_A_AUTO   0x0001de    program     static C:\Users\gerar\Documents\Uni\3r Telecos\Compus P2_FaseA\LS-SDM-P1-2022\LS-SDM-P1-2022.X\newpic_8b_general.asm
ESPERA_DESCLICAR_CANVI_A_AUTO   0x0001ec    program     static C:\Users\gerar\Documents\Uni\3r Telecos\Compus P2_FaseA\LS-SDM-P1-2022\LS-SDM-P1-2022.X\newpic_8b_general.asm
POLSADOR_REBOTS_CANVI_A_MANUAL   0x0001f4    program     static C:\Users\gerar\Documents\Uni\3r Telecos\Compus P2_FaseA\LS-SDM-P1-2022\LS-SDM-P1-2022.X\newpic_8b_general.asm
ESPERA_DESCLICAR_CANVI_A_MANUAL   0x000202    program     static C:\Users\gerar\Documents\Uni\3r Telecos\Compus P2_FaseA\LS-SDM-P1-2022\LS-SDM-P1-2022.X\newpic_8b_general.asm
        MOVIMENT_JOYSTICK   0x00020a    program     static C:\Users\gerar\Documents\Uni\3r Telecos\Compus P2_FaseA\LS-SDM-P1-2022\LS-SDM-P1-2022.X\newpic_8b_general.asm
              LOOP_ANALOG   0x000212    program     static C:\Users\gerar\Documents\Uni\3r Telecos\Compus P2_FaseA\LS-SDM-P1-2022\LS-SDM-P1-2022.X\newpic_8b_general.asm
              LOOP_CONVER   0x000214    program     static C:\Users\gerar\Documents\Uni\3r Telecos\Compus P2_FaseA\LS-SDM-P1-2022\LS-SDM-P1-2022.X\newpic_8b_general.asm
         INCREMENT_ANALOG   0x000230    program     static C:\Users\gerar\Documents\Uni\3r Telecos\Compus P2_FaseA\LS-SDM-P1-2022\LS-SDM-P1-2022.X\newpic_8b_general.asm
                LOOP_WAIT   0x00023a    program     static C:\Users\gerar\Documents\Uni\3r Telecos\Compus P2_FaseA\LS-SDM-P1-2022\LS-SDM-P1-2022.X\newpic_8b_general.asm
               LOOP_CWAIT   0x00023c    program     static C:\Users\gerar\Documents\Uni\3r Telecos\Compus P2_FaseA\LS-SDM-P1-2022\LS-SDM-P1-2022.X\newpic_8b_general.asm
         DECREMENT_ANALOG   0x000252    program     static C:\Users\gerar\Documents\Uni\3r Telecos\Compus P2_FaseA\LS-SDM-P1-2022\LS-SDM-P1-2022.X\newpic_8b_general.asm
               LOOP_WAITD   0x00025c    program     static C:\Users\gerar\Documents\Uni\3r Telecos\Compus P2_FaseA\LS-SDM-P1-2022\LS-SDM-P1-2022.X\newpic_8b_general.asm
               LOOP_DWAIT   0x00025e    program     static C:\Users\gerar\Documents\Uni\3r Telecos\Compus P2_FaseA\LS-SDM-P1-2022\LS-SDM-P1-2022.X\newpic_8b_general.asm
                     SUMA   0x000274    program     static C:\Users\gerar\Documents\Uni\3r Telecos\Compus P2_FaseA\LS-SDM-P1-2022\LS-SDM-P1-2022.X\newpic_8b_general.asm
                    RESTA   0x00027a    program     static C:\Users\gerar\Documents\Uni\3r Telecos\Compus P2_FaseA\LS-SDM-P1-2022\LS-SDM-P1-2022.X\newpic_8b_general.asm
               PICAR_NOTA   0x000280    program     static C:\Users\gerar\Documents\Uni\3r Telecos\Compus P2_FaseA\LS-SDM-P1-2022\LS-SDM-P1-2022.X\newpic_8b_general.asm
         ESPERA_CONVERSIO   0x000286    program     static C:\Users\gerar\Documents\Uni\3r Telecos\Compus P2_FaseA\LS-SDM-P1-2022\LS-SDM-P1-2022.X\newpic_8b_general.asm
                  BUCLE_T   0x000290    program     static C:\Users\gerar\Documents\Uni\3r Telecos\Compus P2_FaseA\LS-SDM-P1-2022\LS-SDM-P1-2022.X\newpic_8b_general.asm
                 T_TROBAT   0x0002ba    program     static C:\Users\gerar\Documents\Uni\3r Telecos\Compus P2_FaseA\LS-SDM-P1-2022\LS-SDM-P1-2022.X\newpic_8b_general.asm
                  FINAL_T   0x0002d0    program     static C:\Users\gerar\Documents\Uni\3r Telecos\Compus P2_FaseA\LS-SDM-P1-2022\LS-SDM-P1-2022.X\newpic_8b_general.asm
                 CORREGIR   0x0002d8    program     static C:\Users\gerar\Documents\Uni\3r Telecos\Compus P2_FaseA\LS-SDM-P1-2022\LS-SDM-P1-2022.X\newpic_8b_general.asm
             MOSTRAR_NOTA   0x0002de    program     static C:\Users\gerar\Documents\Uni\3r Telecos\Compus P2_FaseA\LS-SDM-P1-2022\LS-SDM-P1-2022.X\newpic_8b_general.asm
                 MOSTRA_A   0x00031a    program     static C:\Users\gerar\Documents\Uni\3r Telecos\Compus P2_FaseA\LS-SDM-P1-2022\LS-SDM-P1-2022.X\newpic_8b_general.asm
                 MOSTRA_B   0x000324    program     static C:\Users\gerar\Documents\Uni\3r Telecos\Compus P2_FaseA\LS-SDM-P1-2022\LS-SDM-P1-2022.X\newpic_8b_general.asm
                 MOSTRA_C   0x00032e    program     static C:\Users\gerar\Documents\Uni\3r Telecos\Compus P2_FaseA\LS-SDM-P1-2022\LS-SDM-P1-2022.X\newpic_8b_general.asm
                 MOSTRA_D   0x000338    program     static C:\Users\gerar\Documents\Uni\3r Telecos\Compus P2_FaseA\LS-SDM-P1-2022\LS-SDM-P1-2022.X\newpic_8b_general.asm
                 MOSTRA_E   0x000342    program     static C:\Users\gerar\Documents\Uni\3r Telecos\Compus P2_FaseA\LS-SDM-P1-2022\LS-SDM-P1-2022.X\newpic_8b_general.asm
                 MOSTRA_F   0x00034c    program     static C:\Users\gerar\Documents\Uni\3r Telecos\Compus P2_FaseA\LS-SDM-P1-2022\LS-SDM-P1-2022.X\newpic_8b_general.asm
                 MOSTRA_G   0x000356    program     static C:\Users\gerar\Documents\Uni\3r Telecos\Compus P2_FaseA\LS-SDM-P1-2022\LS-SDM-P1-2022.X\newpic_8b_general.asm
           MOSTRA_C_MENOR   0x000360    program     static C:\Users\gerar\Documents\Uni\3r Telecos\Compus P2_FaseA\LS-SDM-P1-2022\LS-SDM-P1-2022.X\newpic_8b_general.asm
        MIRA_MODE_ENTRADA   0x00036a    program     static C:\Users\gerar\Documents\Uni\3r Telecos\Compus P2_FaseA\LS-SDM-P1-2022\LS-SDM-P1-2022.X\newpic_8b_general.asm
ESPERA_DESCLICAR_MODE_TOCAR   0x00037e    program     static C:\Users\gerar\Documents\Uni\3r Telecos\Compus P2_FaseA\LS-SDM-P1-2022\LS-SDM-P1-2022.X\newpic_8b_general.asm
                   RECORD   0x000390    program     static C:\Users\gerar\Documents\Uni\3r Telecos\Compus P2_FaseA\LS-SDM-P1-2022\LS-SDM-P1-2022.X\newpic_8b_general.asm
         BUCLE_NETEJA_RAM   0x00039a    program     static C:\Users\gerar\Documents\Uni\3r Telecos\Compus P2_FaseA\LS-SDM-P1-2022\LS-SDM-P1-2022.X\newpic_8b_general.asm
                ESPERA_TX   0x0003a8    program     static C:\Users\gerar\Documents\Uni\3r Telecos\Compus P2_FaseA\LS-SDM-P1-2022\LS-SDM-P1-2022.X\newpic_8b_general.asm
     MOVIMENT_JAVA_MANUAL   0x0003b0    program     static C:\Users\gerar\Documents\Uni\3r Telecos\Compus P2_FaseA\LS-SDM-P1-2022\LS-SDM-P1-2022.X\newpic_8b_general.asm
                   NEXT_C   0x0003ca    program     static C:\Users\gerar\Documents\Uni\3r Telecos\Compus P2_FaseA\LS-SDM-P1-2022\LS-SDM-P1-2022.X\newpic_8b_general.asm
                   NEXT_D   0x0003da    program     static C:\Users\gerar\Documents\Uni\3r Telecos\Compus P2_FaseA\LS-SDM-P1-2022\LS-SDM-P1-2022.X\newpic_8b_general.asm
                   NEXT_E   0x0003ea    program     static C:\Users\gerar\Documents\Uni\3r Telecos\Compus P2_FaseA\LS-SDM-P1-2022\LS-SDM-P1-2022.X\newpic_8b_general.asm
                   NEXT_F   0x0003fa    program     static C:\Users\gerar\Documents\Uni\3r Telecos\Compus P2_FaseA\LS-SDM-P1-2022\LS-SDM-P1-2022.X\newpic_8b_general.asm
                   NEXT_G   0x00040a    program     static C:\Users\gerar\Documents\Uni\3r Telecos\Compus P2_FaseA\LS-SDM-P1-2022\LS-SDM-P1-2022.X\newpic_8b_general.asm
                   NEXT_A   0x00041a    program     static C:\Users\gerar\Documents\Uni\3r Telecos\Compus P2_FaseA\LS-SDM-P1-2022\LS-SDM-P1-2022.X\newpic_8b_general.asm
                   NEXT_B   0x00042a    program     static C:\Users\gerar\Documents\Uni\3r Telecos\Compus P2_FaseA\LS-SDM-P1-2022\LS-SDM-P1-2022.X\newpic_8b_general.asm
               FAIL_INPUT   0x00043a    program     static C:\Users\gerar\Documents\Uni\3r Telecos\Compus P2_FaseA\LS-SDM-P1-2022\LS-SDM-P1-2022.X\newpic_8b_general.asm
              TROBAT_NOTA   0x00043c    program     static C:\Users\gerar\Documents\Uni\3r Telecos\Compus P2_FaseA\LS-SDM-P1-2022\LS-SDM-P1-2022.X\newpic_8b_general.asm
            LOOP_ESPERA_X   0x000440    program     static C:\Users\gerar\Documents\Uni\3r Telecos\Compus P2_FaseA\LS-SDM-P1-2022\LS-SDM-P1-2022.X\newpic_8b_general.asm
          LOOP_ESPERA_X_2   0x000444    program     static C:\Users\gerar\Documents\Uni\3r Telecos\Compus P2_FaseA\LS-SDM-P1-2022\LS-SDM-P1-2022.X\newpic_8b_general.asm
          LOOP_ESPERA_X_3   0x000448    program     static C:\Users\gerar\Documents\Uni\3r Telecos\Compus P2_FaseA\LS-SDM-P1-2022\LS-SDM-P1-2022.X\newpic_8b_general.asm
      LOOP_ESPERA_BAIXADA   0x000468    program     static C:\Users\gerar\Documents\Uni\3r Telecos\Compus P2_FaseA\LS-SDM-P1-2022\LS-SDM-P1-2022.X\newpic_8b_general.asm
    LOOP_ESPERA_BAIXADA_2   0x00046c    program     static C:\Users\gerar\Documents\Uni\3r Telecos\Compus P2_FaseA\LS-SDM-P1-2022\LS-SDM-P1-2022.X\newpic_8b_general.asm
    LOOP_ESPERA_BAIXADA_3   0x000470    program     static C:\Users\gerar\Documents\Uni\3r Telecos\Compus P2_FaseA\LS-SDM-P1-2022\LS-SDM-P1-2022.X\newpic_8b_general.asm
                  ENVIA_K   0x000488    program     static C:\Users\gerar\Documents\Uni\3r Telecos\Compus P2_FaseA\LS-SDM-P1-2022\LS-SDM-P1-2022.X\newpic_8b_general.asm
    FUNCIO_MODE_AUTOMATIC   0x000492    program     static C:\Users\gerar\Documents\Uni\3r Telecos\Compus P2_FaseA\LS-SDM-P1-2022\LS-SDM-P1-2022.X\newpic_8b_general.asm
    REPRODUINT_AUTO_BUCLE   0x0004a2    program     static C:\Users\gerar\Documents\Uni\3r Telecos\Compus P2_FaseA\LS-SDM-P1-2022\LS-SDM-P1-2022.X\newpic_8b_general.asm
                  FI_SONG   0x0004b2    program     static C:\Users\gerar\Documents\Uni\3r Telecos\Compus P2_FaseA\LS-SDM-P1-2022\LS-SDM-P1-2022.X\newpic_8b_general.asm
            PRE_AUTO_MODE   0x0004b6    program     static C:\Users\gerar\Documents\Uni\3r Telecos\Compus P2_FaseA\LS-SDM-P1-2022\LS-SDM-P1-2022.X\newpic_8b_general.asm
PRE_AUTO_MODE_CHECK_PLAY_BUTTON   0x0004c4    program     static C:\Users\gerar\Documents\Uni\3r Telecos\Compus P2_FaseA\LS-SDM-P1-2022\LS-SDM-P1-2022.X\newpic_8b_general.asm
  PRE_AUTO_MODE_CHECK_PIR   0x0004ca    program     static C:\Users\gerar\Documents\Uni\3r Telecos\Compus P2_FaseA\LS-SDM-P1-2022\LS-SDM-P1-2022.X\newpic_8b_general.asm
CONTROL_REBOTS_PLAY_BUTTON   0x0004e2    program     static C:\Users\gerar\Documents\Uni\3r Telecos\Compus P2_FaseA\LS-SDM-P1-2022\LS-SDM-P1-2022.X\newpic_8b_general.asm
CONTROL_REBOTS_PLAY_BUTTON_DESCL   0x0004ee    program     static C:\Users\gerar\Documents\Uni\3r Telecos\Compus P2_FaseA\LS-SDM-P1-2022\LS-SDM-P1-2022.X\newpic_8b_general.asm
CONTROL_REBOTS_PLAY_BUTTON_BAIXA   0x0004f4    program     static C:\Users\gerar\Documents\Uni\3r Telecos\Compus P2_FaseA\LS-SDM-P1-2022\LS-SDM-P1-2022.X\newpic_8b_general.asm
            ESPERA_meitat   0x000504    program     static C:\Users\gerar\Documents\Uni\3r Telecos\Compus P2_FaseA\LS-SDM-P1-2022\LS-SDM-P1-2022.X\newpic_8b_general.asm
                BUCLE_D_1   0x000506    program     static C:\Users\gerar\Documents\Uni\3r Telecos\Compus P2_FaseA\LS-SDM-P1-2022\LS-SDM-P1-2022.X\newpic_8b_general.asm
               BUCLE2_D_1   0x000508    program     static C:\Users\gerar\Documents\Uni\3r Telecos\Compus P2_FaseA\LS-SDM-P1-2022\LS-SDM-P1-2022.X\newpic_8b_general.asm
            PLAY_RAM_SONG   0x000516    program     static C:\Users\gerar\Documents\Uni\3r Telecos\Compus P2_FaseA\LS-SDM-P1-2022\LS-SDM-P1-2022.X\newpic_8b_general.asm
                     MAIN   0x000518    program     static C:\Users\gerar\Documents\Uni\3r Telecos\Compus P2_FaseA\LS-SDM-P1-2022\LS-SDM-P1-2022.X\newpic_8b_general.asm
                LOOP_MAIN   0x000530    program     static C:\Users\gerar\Documents\Uni\3r Telecos\Compus P2_FaseA\LS-SDM-P1-2022\LS-SDM-P1-2022.X\newpic_8b_general.asm
            END_LOOP_MAIN   0x00053a    program     static C:\Users\gerar\Documents\Uni\3r Telecos\Compus P2_FaseA\LS-SDM-P1-2022\LS-SDM-P1-2022.X\newpic_8b_general.asm


