MPLINK 5.09, LINKER
Linker Map File - Created Wed Feb 23 11:28:37 2022

                                 Section Info
                  Section       Type    Address   Location Size(Bytes)
                ---------  ---------  ---------  ---------  ---------
                   .org_0       code   0x000000    program   0x000004
                   .cinit    romdata   0x000004    program   0x000002
                   .org_1       code   0x000008    program   0x000004
                   .org_2       code   0x000018    program   0x00051c
.config_300001_BUILD/DEFAULT/PRODUCTION/NEWPIC_    romdata   0x300001    program   0x000001
.config_300003_BUILD/DEFAULT/PRODUCTION/NEWPIC_    romdata   0x300003    program   0x000001
.config_300005_BUILD/DEFAULT/PRODUCTION/NEWPIC_    romdata   0x300005    program   0x000001
.config_300006_BUILD/DEFAULT/PRODUCTION/NEWPIC_    romdata   0x300006    program   0x000001



                              Program Memory Usage 
                               Start         End      
                           ---------   ---------      
                            0x000000    0x000005      
                            0x000008    0x00000b      
                            0x000018    0x000533      
                            0x300001    0x300001      
                            0x300003    0x300003      
                            0x300005    0x300006      
            1322 out of 8472 program addresses used, program memory utilization is 15%



                              Symbols - Sorted by Name
                     Name    Address   Location    Storage File                     
                ---------  ---------  ---------  --------- ---------                
               ACTION_TMR   0x0000c2    program     static C:\Users\alber\Documents\GITHUB\LS-SDM-P1-2022\LS-SDM-P1-2022.X\newpic_8b_general.asm
               BUCLE2_D_1   0x0004f6    program     static C:\Users\alber\Documents\GITHUB\LS-SDM-P1-2022\LS-SDM-P1-2022.X\newpic_8b_general.asm
                BUCLE_D_1   0x0004f4    program     static C:\Users\alber\Documents\GITHUB\LS-SDM-P1-2022\LS-SDM-P1-2022.X\newpic_8b_general.asm
         BUCLE_NETEJA_RAM   0x000388    program     static C:\Users\alber\Documents\GITHUB\LS-SDM-P1-2022\LS-SDM-P1-2022.X\newpic_8b_general.asm
                  BUCLE_T   0x00027e    program     static C:\Users\alber\Documents\GITHUB\LS-SDM-P1-2022\LS-SDM-P1-2022.X\newpic_8b_general.asm
            CARREGA_TIMER   0x0000b0    program     static C:\Users\alber\Documents\GITHUB\LS-SDM-P1-2022\LS-SDM-P1-2022.X\newpic_8b_general.asm
               CLEAN_VARS   0x000178    program     static C:\Users\alber\Documents\GITHUB\LS-SDM-P1-2022\LS-SDM-P1-2022.X\newpic_8b_general.asm
       COMPROVA_TEMPS_LOW   0x000170    program     static C:\Users\alber\Documents\GITHUB\LS-SDM-P1-2022\LS-SDM-P1-2022.X\newpic_8b_general.asm
               CONFIG_ADC   0x000094    program     static C:\Users\alber\Documents\GITHUB\LS-SDM-P1-2022\LS-SDM-P1-2022.X\newpic_8b_general.asm
        CONFIG_INTERRUPTS   0x0000ba    program     static C:\Users\alber\Documents\GITHUB\LS-SDM-P1-2022\LS-SDM-P1-2022.X\newpic_8b_general.asm
             CONFIG_PORTS   0x000022    program     static C:\Users\alber\Documents\GITHUB\LS-SDM-P1-2022\LS-SDM-P1-2022.X\newpic_8b_general.asm
             CONFIG_TIMER   0x0000a6    program     static C:\Users\alber\Documents\GITHUB\LS-SDM-P1-2022\LS-SDM-P1-2022.X\newpic_8b_general.asm
CONTROL_REBOTS_PLAY_BUTTON   0x0004d0    program     static C:\Users\alber\Documents\GITHUB\LS-SDM-P1-2022\LS-SDM-P1-2022.X\newpic_8b_general.asm
CONTROL_REBOTS_PLAY_BUTTON_BAIXA   0x0004e2    program     static C:\Users\alber\Documents\GITHUB\LS-SDM-P1-2022\LS-SDM-P1-2022.X\newpic_8b_general.asm
CONTROL_REBOTS_PLAY_BUTTON_DESCL   0x0004dc    program     static C:\Users\alber\Documents\GITHUB\LS-SDM-P1-2022\LS-SDM-P1-2022.X\newpic_8b_general.asm
                 CORREGIR   0x0002c6    program     static C:\Users\alber\Documents\GITHUB\LS-SDM-P1-2022\LS-SDM-P1-2022.X\newpic_8b_general.asm
         DECREMENT_ANALOG   0x000240    program     static C:\Users\alber\Documents\GITHUB\LS-SDM-P1-2022\LS-SDM-P1-2022.X\newpic_8b_general.asm
            END_LOOP_MAIN   0x000528    program     static C:\Users\alber\Documents\GITHUB\LS-SDM-P1-2022\LS-SDM-P1-2022.X\newpic_8b_general.asm
              ENREGISTRAR   0x000154    program     static C:\Users\alber\Documents\GITHUB\LS-SDM-P1-2022\LS-SDM-P1-2022.X\newpic_8b_general.asm
                  ENVIA_K   0x000476    program     static C:\Users\alber\Documents\GITHUB\LS-SDM-P1-2022\LS-SDM-P1-2022.X\newpic_8b_general.asm
         ESPERA_CONVERSIO   0x000274    program     static C:\Users\alber\Documents\GITHUB\LS-SDM-P1-2022\LS-SDM-P1-2022.X\newpic_8b_general.asm
ESPERA_DESCLICAR_CANVI_A_AUTO   0x0001da    program     static C:\Users\alber\Documents\GITHUB\LS-SDM-P1-2022\LS-SDM-P1-2022.X\newpic_8b_general.asm
ESPERA_DESCLICAR_CANVI_A_MANUAL   0x0001f0    program     static C:\Users\alber\Documents\GITHUB\LS-SDM-P1-2022\LS-SDM-P1-2022.X\newpic_8b_general.asm
ESPERA_DESCLICAR_MODE_TOCAR   0x00036c    program     static C:\Users\alber\Documents\GITHUB\LS-SDM-P1-2022\LS-SDM-P1-2022.X\newpic_8b_general.asm
             ESPERA_GRAUS   0x000124    program     static C:\Users\alber\Documents\GITHUB\LS-SDM-P1-2022\LS-SDM-P1-2022.X\newpic_8b_general.asm
            ESPERA_GRAUS2   0x000148    program     static C:\Users\alber\Documents\GITHUB\LS-SDM-P1-2022\LS-SDM-P1-2022.X\newpic_8b_general.asm
                ESPERA_TX   0x000396    program     static C:\Users\alber\Documents\GITHUB\LS-SDM-P1-2022\LS-SDM-P1-2022.X\newpic_8b_general.asm
            ESPERA_meitat   0x0004f2    program     static C:\Users\alber\Documents\GITHUB\LS-SDM-P1-2022\LS-SDM-P1-2022.X\newpic_8b_general.asm
               FAIL_INPUT   0x000428    program     static C:\Users\alber\Documents\GITHUB\LS-SDM-P1-2022\LS-SDM-P1-2022.X\newpic_8b_general.asm
                  FINAL_T   0x0002be    program     static C:\Users\alber\Documents\GITHUB\LS-SDM-P1-2022\LS-SDM-P1-2022.X\newpic_8b_general.asm
                  FI_SONG   0x0004a0    program     static C:\Users\alber\Documents\GITHUB\LS-SDM-P1-2022\LS-SDM-P1-2022.X\newpic_8b_general.asm
    FUNCIO_MODE_AUTOMATIC   0x000480    program     static C:\Users\alber\Documents\GITHUB\LS-SDM-P1-2022\LS-SDM-P1-2022.X\newpic_8b_general.asm
       FUNCIO_MODE_MANUAL   0x00017e    program     static C:\Users\alber\Documents\GITHUB\LS-SDM-P1-2022\LS-SDM-P1-2022.X\newpic_8b_general.asm
                 HIGH_RSI   0x00001a    program     static C:\Users\alber\Documents\GITHUB\LS-SDM-P1-2022\LS-SDM-P1-2022.X\newpic_8b_general.asm
          INCREMENTA_HIGH   0x0000e8    program     static C:\Users\alber\Documents\GITHUB\LS-SDM-P1-2022\LS-SDM-P1-2022.X\newpic_8b_general.asm
           INCREMENTA_LOW   0x0000f0    program     static C:\Users\alber\Documents\GITHUB\LS-SDM-P1-2022\LS-SDM-P1-2022.X\newpic_8b_general.asm
           INCREMENTA_VAR   0x0000fc    program     static C:\Users\alber\Documents\GITHUB\LS-SDM-P1-2022\LS-SDM-P1-2022.X\newpic_8b_general.asm
         INCREMENT_ANALOG   0x00021e    program     static C:\Users\alber\Documents\GITHUB\LS-SDM-P1-2022\LS-SDM-P1-2022.X\newpic_8b_general.asm
              INIT_EUSART   0x000080    program     static C:\Users\alber\Documents\GITHUB\LS-SDM-P1-2022\LS-SDM-P1-2022.X\newpic_8b_general.asm
                INIT_VARS   0x000046    program     static C:\Users\alber\Documents\GITHUB\LS-SDM-P1-2022\LS-SDM-P1-2022.X\newpic_8b_general.asm
              LOOP_ANALOG   0x000200    program     static C:\Users\alber\Documents\GITHUB\LS-SDM-P1-2022\LS-SDM-P1-2022.X\newpic_8b_general.asm
              LOOP_CONVER   0x000202    program     static C:\Users\alber\Documents\GITHUB\LS-SDM-P1-2022\LS-SDM-P1-2022.X\newpic_8b_general.asm
               LOOP_CWAIT   0x00022a    program     static C:\Users\alber\Documents\GITHUB\LS-SDM-P1-2022\LS-SDM-P1-2022.X\newpic_8b_general.asm
               LOOP_DWAIT   0x00024c    program     static C:\Users\alber\Documents\GITHUB\LS-SDM-P1-2022\LS-SDM-P1-2022.X\newpic_8b_general.asm
           LOOP_ESPERAPWM   0x000112    program     static C:\Users\alber\Documents\GITHUB\LS-SDM-P1-2022\LS-SDM-P1-2022.X\newpic_8b_general.asm
          LOOP_ESPERAPWM2   0x000136    program     static C:\Users\alber\Documents\GITHUB\LS-SDM-P1-2022\LS-SDM-P1-2022.X\newpic_8b_general.asm
      LOOP_ESPERA_BAIXADA   0x000456    program     static C:\Users\alber\Documents\GITHUB\LS-SDM-P1-2022\LS-SDM-P1-2022.X\newpic_8b_general.asm
    LOOP_ESPERA_BAIXADA_2   0x00045a    program     static C:\Users\alber\Documents\GITHUB\LS-SDM-P1-2022\LS-SDM-P1-2022.X\newpic_8b_general.asm
    LOOP_ESPERA_BAIXADA_3   0x00045e    program     static C:\Users\alber\Documents\GITHUB\LS-SDM-P1-2022\LS-SDM-P1-2022.X\newpic_8b_general.asm
            LOOP_ESPERA_X   0x00042e    program     static C:\Users\alber\Documents\GITHUB\LS-SDM-P1-2022\LS-SDM-P1-2022.X\newpic_8b_general.asm
          LOOP_ESPERA_X_2   0x000432    program     static C:\Users\alber\Documents\GITHUB\LS-SDM-P1-2022\LS-SDM-P1-2022.X\newpic_8b_general.asm
          LOOP_ESPERA_X_3   0x000436    program     static C:\Users\alber\Documents\GITHUB\LS-SDM-P1-2022\LS-SDM-P1-2022.X\newpic_8b_general.asm
               LOOP_GRAUS   0x000128    program     static C:\Users\alber\Documents\GITHUB\LS-SDM-P1-2022\LS-SDM-P1-2022.X\newpic_8b_general.asm
              LOOP_GRAUS2   0x00014c    program     static C:\Users\alber\Documents\GITHUB\LS-SDM-P1-2022\LS-SDM-P1-2022.X\newpic_8b_general.asm
                LOOP_MAIN   0x00051e    program     static C:\Users\alber\Documents\GITHUB\LS-SDM-P1-2022\LS-SDM-P1-2022.X\newpic_8b_general.asm
                LOOP_WAIT   0x000228    program     static C:\Users\alber\Documents\GITHUB\LS-SDM-P1-2022\LS-SDM-P1-2022.X\newpic_8b_general.asm
               LOOP_WAITD   0x00024a    program     static C:\Users\alber\Documents\GITHUB\LS-SDM-P1-2022\LS-SDM-P1-2022.X\newpic_8b_general.asm
                     MAIN   0x000506    program     static C:\Users\alber\Documents\GITHUB\LS-SDM-P1-2022\LS-SDM-P1-2022.X\newpic_8b_general.asm
        MIRA_MODE_ENTRADA   0x000358    program     static C:\Users\alber\Documents\GITHUB\LS-SDM-P1-2022\LS-SDM-P1-2022.X\newpic_8b_general.asm
             MOSTRAR_NOTA   0x0002cc    program     static C:\Users\alber\Documents\GITHUB\LS-SDM-P1-2022\LS-SDM-P1-2022.X\newpic_8b_general.asm
                 MOSTRA_A   0x000308    program     static C:\Users\alber\Documents\GITHUB\LS-SDM-P1-2022\LS-SDM-P1-2022.X\newpic_8b_general.asm
                 MOSTRA_B   0x000312    program     static C:\Users\alber\Documents\GITHUB\LS-SDM-P1-2022\LS-SDM-P1-2022.X\newpic_8b_general.asm
                 MOSTRA_C   0x00031c    program     static C:\Users\alber\Documents\GITHUB\LS-SDM-P1-2022\LS-SDM-P1-2022.X\newpic_8b_general.asm
           MOSTRA_C_MENOR   0x00034e    program     static C:\Users\alber\Documents\GITHUB\LS-SDM-P1-2022\LS-SDM-P1-2022.X\newpic_8b_general.asm
                 MOSTRA_D   0x000326    program     static C:\Users\alber\Documents\GITHUB\LS-SDM-P1-2022\LS-SDM-P1-2022.X\newpic_8b_general.asm
                 MOSTRA_E   0x000330    program     static C:\Users\alber\Documents\GITHUB\LS-SDM-P1-2022\LS-SDM-P1-2022.X\newpic_8b_general.asm
                 MOSTRA_F   0x00033a    program     static C:\Users\alber\Documents\GITHUB\LS-SDM-P1-2022\LS-SDM-P1-2022.X\newpic_8b_general.asm
                 MOSTRA_G   0x000344    program     static C:\Users\alber\Documents\GITHUB\LS-SDM-P1-2022\LS-SDM-P1-2022.X\newpic_8b_general.asm
     MOVIMENT_JAVA_MANUAL   0x00039e    program     static C:\Users\alber\Documents\GITHUB\LS-SDM-P1-2022\LS-SDM-P1-2022.X\newpic_8b_general.asm
        MOVIMENT_JOYSTICK   0x0001f8    program     static C:\Users\alber\Documents\GITHUB\LS-SDM-P1-2022\LS-SDM-P1-2022.X\newpic_8b_general.asm
                     NEXT   0x0000f2    program     static C:\Users\alber\Documents\GITHUB\LS-SDM-P1-2022\LS-SDM-P1-2022.X\newpic_8b_general.asm
                   NEXT_A   0x000408    program     static C:\Users\alber\Documents\GITHUB\LS-SDM-P1-2022\LS-SDM-P1-2022.X\newpic_8b_general.asm
                   NEXT_B   0x000418    program     static C:\Users\alber\Documents\GITHUB\LS-SDM-P1-2022\LS-SDM-P1-2022.X\newpic_8b_general.asm
                   NEXT_C   0x0003b8    program     static C:\Users\alber\Documents\GITHUB\LS-SDM-P1-2022\LS-SDM-P1-2022.X\newpic_8b_general.asm
                   NEXT_D   0x0003c8    program     static C:\Users\alber\Documents\GITHUB\LS-SDM-P1-2022\LS-SDM-P1-2022.X\newpic_8b_general.asm
                   NEXT_E   0x0003d8    program     static C:\Users\alber\Documents\GITHUB\LS-SDM-P1-2022\LS-SDM-P1-2022.X\newpic_8b_general.asm
                   NEXT_F   0x0003e8    program     static C:\Users\alber\Documents\GITHUB\LS-SDM-P1-2022\LS-SDM-P1-2022.X\newpic_8b_general.asm
                   NEXT_G   0x0003f8    program     static C:\Users\alber\Documents\GITHUB\LS-SDM-P1-2022\LS-SDM-P1-2022.X\newpic_8b_general.asm
               PICAR_NOTA   0x00026e    program     static C:\Users\alber\Documents\GITHUB\LS-SDM-P1-2022\LS-SDM-P1-2022.X\newpic_8b_general.asm
            PLAY_RAM_SONG   0x000504    program     static C:\Users\alber\Documents\GITHUB\LS-SDM-P1-2022\LS-SDM-P1-2022.X\newpic_8b_general.asm
                POLLANCRE   0x000192    program     static C:\Users\alber\Documents\GITHUB\LS-SDM-P1-2022\LS-SDM-P1-2022.X\newpic_8b_general.asm
POLSADOR_REBOTS_CANVI_A_AUTO   0x0001cc    program     static C:\Users\alber\Documents\GITHUB\LS-SDM-P1-2022\LS-SDM-P1-2022.X\newpic_8b_general.asm
POLSADOR_REBOTS_CANVI_A_MANUAL   0x0001e2    program     static C:\Users\alber\Documents\GITHUB\LS-SDM-P1-2022\LS-SDM-P1-2022.X\newpic_8b_general.asm
            PRE_AUTO_MODE   0x0004a4    program     static C:\Users\alber\Documents\GITHUB\LS-SDM-P1-2022\LS-SDM-P1-2022.X\newpic_8b_general.asm
  PRE_AUTO_MODE_CHECK_PIR   0x0004b8    program     static C:\Users\alber\Documents\GITHUB\LS-SDM-P1-2022\LS-SDM-P1-2022.X\newpic_8b_general.asm
PRE_AUTO_MODE_CHECK_PLAY_BUTTON   0x0004b2    program     static C:\Users\alber\Documents\GITHUB\LS-SDM-P1-2022\LS-SDM-P1-2022.X\newpic_8b_general.asm
                      PWM   0x00010c    program     static C:\Users\alber\Documents\GITHUB\LS-SDM-P1-2022\LS-SDM-P1-2022.X\newpic_8b_general.asm
                     PWM2   0x000130    program     static C:\Users\alber\Documents\GITHUB\LS-SDM-P1-2022\LS-SDM-P1-2022.X\newpic_8b_general.asm
                   RECORD   0x00037e    program     static C:\Users\alber\Documents\GITHUB\LS-SDM-P1-2022\LS-SDM-P1-2022.X\newpic_8b_general.asm
    REPRODUINT_AUTO_BUCLE   0x000490    program     static C:\Users\alber\Documents\GITHUB\LS-SDM-P1-2022\LS-SDM-P1-2022.X\newpic_8b_general.asm
                RESET_VAR   0x000108    program     static C:\Users\alber\Documents\GITHUB\LS-SDM-P1-2022\LS-SDM-P1-2022.X\newpic_8b_general.asm
                    RESTA   0x000268    program     static C:\Users\alber\Documents\GITHUB\LS-SDM-P1-2022\LS-SDM-P1-2022.X\newpic_8b_general.asm
                     SUMA   0x000262    program     static C:\Users\alber\Documents\GITHUB\LS-SDM-P1-2022\LS-SDM-P1-2022.X\newpic_8b_general.asm
              TROBAT_NOTA   0x00042a    program     static C:\Users\alber\Documents\GITHUB\LS-SDM-P1-2022\LS-SDM-P1-2022.X\newpic_8b_general.asm
                 T_TROBAT   0x0002a8    program     static C:\Users\alber\Documents\GITHUB\LS-SDM-P1-2022\LS-SDM-P1-2022.X\newpic_8b_general.asm
                     VERD   0x000188    program     static C:\Users\alber\Documents\GITHUB\LS-SDM-P1-2022\LS-SDM-P1-2022.X\newpic_8b_general.asm
                  VERMELL   0x00018e    program     static C:\Users\alber\Documents\GITHUB\LS-SDM-P1-2022\LS-SDM-P1-2022.X\newpic_8b_general.asm



                              Symbols - Sorted by Address
                     Name    Address   Location    Storage File                     
                ---------  ---------  ---------  --------- ---------                
                 HIGH_RSI   0x00001a    program     static C:\Users\alber\Documents\GITHUB\LS-SDM-P1-2022\LS-SDM-P1-2022.X\newpic_8b_general.asm
             CONFIG_PORTS   0x000022    program     static C:\Users\alber\Documents\GITHUB\LS-SDM-P1-2022\LS-SDM-P1-2022.X\newpic_8b_general.asm
                INIT_VARS   0x000046    program     static C:\Users\alber\Documents\GITHUB\LS-SDM-P1-2022\LS-SDM-P1-2022.X\newpic_8b_general.asm
              INIT_EUSART   0x000080    program     static C:\Users\alber\Documents\GITHUB\LS-SDM-P1-2022\LS-SDM-P1-2022.X\newpic_8b_general.asm
               CONFIG_ADC   0x000094    program     static C:\Users\alber\Documents\GITHUB\LS-SDM-P1-2022\LS-SDM-P1-2022.X\newpic_8b_general.asm
             CONFIG_TIMER   0x0000a6    program     static C:\Users\alber\Documents\GITHUB\LS-SDM-P1-2022\LS-SDM-P1-2022.X\newpic_8b_general.asm
            CARREGA_TIMER   0x0000b0    program     static C:\Users\alber\Documents\GITHUB\LS-SDM-P1-2022\LS-SDM-P1-2022.X\newpic_8b_general.asm
        CONFIG_INTERRUPTS   0x0000ba    program     static C:\Users\alber\Documents\GITHUB\LS-SDM-P1-2022\LS-SDM-P1-2022.X\newpic_8b_general.asm
               ACTION_TMR   0x0000c2    program     static C:\Users\alber\Documents\GITHUB\LS-SDM-P1-2022\LS-SDM-P1-2022.X\newpic_8b_general.asm
          INCREMENTA_HIGH   0x0000e8    program     static C:\Users\alber\Documents\GITHUB\LS-SDM-P1-2022\LS-SDM-P1-2022.X\newpic_8b_general.asm
           INCREMENTA_LOW   0x0000f0    program     static C:\Users\alber\Documents\GITHUB\LS-SDM-P1-2022\LS-SDM-P1-2022.X\newpic_8b_general.asm
                     NEXT   0x0000f2    program     static C:\Users\alber\Documents\GITHUB\LS-SDM-P1-2022\LS-SDM-P1-2022.X\newpic_8b_general.asm
           INCREMENTA_VAR   0x0000fc    program     static C:\Users\alber\Documents\GITHUB\LS-SDM-P1-2022\LS-SDM-P1-2022.X\newpic_8b_general.asm
                RESET_VAR   0x000108    program     static C:\Users\alber\Documents\GITHUB\LS-SDM-P1-2022\LS-SDM-P1-2022.X\newpic_8b_general.asm
                      PWM   0x00010c    program     static C:\Users\alber\Documents\GITHUB\LS-SDM-P1-2022\LS-SDM-P1-2022.X\newpic_8b_general.asm
           LOOP_ESPERAPWM   0x000112    program     static C:\Users\alber\Documents\GITHUB\LS-SDM-P1-2022\LS-SDM-P1-2022.X\newpic_8b_general.asm
             ESPERA_GRAUS   0x000124    program     static C:\Users\alber\Documents\GITHUB\LS-SDM-P1-2022\LS-SDM-P1-2022.X\newpic_8b_general.asm
               LOOP_GRAUS   0x000128    program     static C:\Users\alber\Documents\GITHUB\LS-SDM-P1-2022\LS-SDM-P1-2022.X\newpic_8b_general.asm
                     PWM2   0x000130    program     static C:\Users\alber\Documents\GITHUB\LS-SDM-P1-2022\LS-SDM-P1-2022.X\newpic_8b_general.asm
          LOOP_ESPERAPWM2   0x000136    program     static C:\Users\alber\Documents\GITHUB\LS-SDM-P1-2022\LS-SDM-P1-2022.X\newpic_8b_general.asm
            ESPERA_GRAUS2   0x000148    program     static C:\Users\alber\Documents\GITHUB\LS-SDM-P1-2022\LS-SDM-P1-2022.X\newpic_8b_general.asm
              LOOP_GRAUS2   0x00014c    program     static C:\Users\alber\Documents\GITHUB\LS-SDM-P1-2022\LS-SDM-P1-2022.X\newpic_8b_general.asm
              ENREGISTRAR   0x000154    program     static C:\Users\alber\Documents\GITHUB\LS-SDM-P1-2022\LS-SDM-P1-2022.X\newpic_8b_general.asm
       COMPROVA_TEMPS_LOW   0x000170    program     static C:\Users\alber\Documents\GITHUB\LS-SDM-P1-2022\LS-SDM-P1-2022.X\newpic_8b_general.asm
               CLEAN_VARS   0x000178    program     static C:\Users\alber\Documents\GITHUB\LS-SDM-P1-2022\LS-SDM-P1-2022.X\newpic_8b_general.asm
       FUNCIO_MODE_MANUAL   0x00017e    program     static C:\Users\alber\Documents\GITHUB\LS-SDM-P1-2022\LS-SDM-P1-2022.X\newpic_8b_general.asm
                     VERD   0x000188    program     static C:\Users\alber\Documents\GITHUB\LS-SDM-P1-2022\LS-SDM-P1-2022.X\newpic_8b_general.asm
                  VERMELL   0x00018e    program     static C:\Users\alber\Documents\GITHUB\LS-SDM-P1-2022\LS-SDM-P1-2022.X\newpic_8b_general.asm
                POLLANCRE   0x000192    program     static C:\Users\alber\Documents\GITHUB\LS-SDM-P1-2022\LS-SDM-P1-2022.X\newpic_8b_general.asm
POLSADOR_REBOTS_CANVI_A_AUTO   0x0001cc    program     static C:\Users\alber\Documents\GITHUB\LS-SDM-P1-2022\LS-SDM-P1-2022.X\newpic_8b_general.asm
ESPERA_DESCLICAR_CANVI_A_AUTO   0x0001da    program     static C:\Users\alber\Documents\GITHUB\LS-SDM-P1-2022\LS-SDM-P1-2022.X\newpic_8b_general.asm
POLSADOR_REBOTS_CANVI_A_MANUAL   0x0001e2    program     static C:\Users\alber\Documents\GITHUB\LS-SDM-P1-2022\LS-SDM-P1-2022.X\newpic_8b_general.asm
ESPERA_DESCLICAR_CANVI_A_MANUAL   0x0001f0    program     static C:\Users\alber\Documents\GITHUB\LS-SDM-P1-2022\LS-SDM-P1-2022.X\newpic_8b_general.asm
        MOVIMENT_JOYSTICK   0x0001f8    program     static C:\Users\alber\Documents\GITHUB\LS-SDM-P1-2022\LS-SDM-P1-2022.X\newpic_8b_general.asm
              LOOP_ANALOG   0x000200    program     static C:\Users\alber\Documents\GITHUB\LS-SDM-P1-2022\LS-SDM-P1-2022.X\newpic_8b_general.asm
              LOOP_CONVER   0x000202    program     static C:\Users\alber\Documents\GITHUB\LS-SDM-P1-2022\LS-SDM-P1-2022.X\newpic_8b_general.asm
         INCREMENT_ANALOG   0x00021e    program     static C:\Users\alber\Documents\GITHUB\LS-SDM-P1-2022\LS-SDM-P1-2022.X\newpic_8b_general.asm
                LOOP_WAIT   0x000228    program     static C:\Users\alber\Documents\GITHUB\LS-SDM-P1-2022\LS-SDM-P1-2022.X\newpic_8b_general.asm
               LOOP_CWAIT   0x00022a    program     static C:\Users\alber\Documents\GITHUB\LS-SDM-P1-2022\LS-SDM-P1-2022.X\newpic_8b_general.asm
         DECREMENT_ANALOG   0x000240    program     static C:\Users\alber\Documents\GITHUB\LS-SDM-P1-2022\LS-SDM-P1-2022.X\newpic_8b_general.asm
               LOOP_WAITD   0x00024a    program     static C:\Users\alber\Documents\GITHUB\LS-SDM-P1-2022\LS-SDM-P1-2022.X\newpic_8b_general.asm
               LOOP_DWAIT   0x00024c    program     static C:\Users\alber\Documents\GITHUB\LS-SDM-P1-2022\LS-SDM-P1-2022.X\newpic_8b_general.asm
                     SUMA   0x000262    program     static C:\Users\alber\Documents\GITHUB\LS-SDM-P1-2022\LS-SDM-P1-2022.X\newpic_8b_general.asm
                    RESTA   0x000268    program     static C:\Users\alber\Documents\GITHUB\LS-SDM-P1-2022\LS-SDM-P1-2022.X\newpic_8b_general.asm
               PICAR_NOTA   0x00026e    program     static C:\Users\alber\Documents\GITHUB\LS-SDM-P1-2022\LS-SDM-P1-2022.X\newpic_8b_general.asm
         ESPERA_CONVERSIO   0x000274    program     static C:\Users\alber\Documents\GITHUB\LS-SDM-P1-2022\LS-SDM-P1-2022.X\newpic_8b_general.asm
                  BUCLE_T   0x00027e    program     static C:\Users\alber\Documents\GITHUB\LS-SDM-P1-2022\LS-SDM-P1-2022.X\newpic_8b_general.asm
                 T_TROBAT   0x0002a8    program     static C:\Users\alber\Documents\GITHUB\LS-SDM-P1-2022\LS-SDM-P1-2022.X\newpic_8b_general.asm
                  FINAL_T   0x0002be    program     static C:\Users\alber\Documents\GITHUB\LS-SDM-P1-2022\LS-SDM-P1-2022.X\newpic_8b_general.asm
                 CORREGIR   0x0002c6    program     static C:\Users\alber\Documents\GITHUB\LS-SDM-P1-2022\LS-SDM-P1-2022.X\newpic_8b_general.asm
             MOSTRAR_NOTA   0x0002cc    program     static C:\Users\alber\Documents\GITHUB\LS-SDM-P1-2022\LS-SDM-P1-2022.X\newpic_8b_general.asm
                 MOSTRA_A   0x000308    program     static C:\Users\alber\Documents\GITHUB\LS-SDM-P1-2022\LS-SDM-P1-2022.X\newpic_8b_general.asm
                 MOSTRA_B   0x000312    program     static C:\Users\alber\Documents\GITHUB\LS-SDM-P1-2022\LS-SDM-P1-2022.X\newpic_8b_general.asm
                 MOSTRA_C   0x00031c    program     static C:\Users\alber\Documents\GITHUB\LS-SDM-P1-2022\LS-SDM-P1-2022.X\newpic_8b_general.asm
                 MOSTRA_D   0x000326    program     static C:\Users\alber\Documents\GITHUB\LS-SDM-P1-2022\LS-SDM-P1-2022.X\newpic_8b_general.asm
                 MOSTRA_E   0x000330    program     static C:\Users\alber\Documents\GITHUB\LS-SDM-P1-2022\LS-SDM-P1-2022.X\newpic_8b_general.asm
                 MOSTRA_F   0x00033a    program     static C:\Users\alber\Documents\GITHUB\LS-SDM-P1-2022\LS-SDM-P1-2022.X\newpic_8b_general.asm
                 MOSTRA_G   0x000344    program     static C:\Users\alber\Documents\GITHUB\LS-SDM-P1-2022\LS-SDM-P1-2022.X\newpic_8b_general.asm
           MOSTRA_C_MENOR   0x00034e    program     static C:\Users\alber\Documents\GITHUB\LS-SDM-P1-2022\LS-SDM-P1-2022.X\newpic_8b_general.asm
        MIRA_MODE_ENTRADA   0x000358    program     static C:\Users\alber\Documents\GITHUB\LS-SDM-P1-2022\LS-SDM-P1-2022.X\newpic_8b_general.asm
ESPERA_DESCLICAR_MODE_TOCAR   0x00036c    program     static C:\Users\alber\Documents\GITHUB\LS-SDM-P1-2022\LS-SDM-P1-2022.X\newpic_8b_general.asm
                   RECORD   0x00037e    program     static C:\Users\alber\Documents\GITHUB\LS-SDM-P1-2022\LS-SDM-P1-2022.X\newpic_8b_general.asm
         BUCLE_NETEJA_RAM   0x000388    program     static C:\Users\alber\Documents\GITHUB\LS-SDM-P1-2022\LS-SDM-P1-2022.X\newpic_8b_general.asm
                ESPERA_TX   0x000396    program     static C:\Users\alber\Documents\GITHUB\LS-SDM-P1-2022\LS-SDM-P1-2022.X\newpic_8b_general.asm
     MOVIMENT_JAVA_MANUAL   0x00039e    program     static C:\Users\alber\Documents\GITHUB\LS-SDM-P1-2022\LS-SDM-P1-2022.X\newpic_8b_general.asm
                   NEXT_C   0x0003b8    program     static C:\Users\alber\Documents\GITHUB\LS-SDM-P1-2022\LS-SDM-P1-2022.X\newpic_8b_general.asm
                   NEXT_D   0x0003c8    program     static C:\Users\alber\Documents\GITHUB\LS-SDM-P1-2022\LS-SDM-P1-2022.X\newpic_8b_general.asm
                   NEXT_E   0x0003d8    program     static C:\Users\alber\Documents\GITHUB\LS-SDM-P1-2022\LS-SDM-P1-2022.X\newpic_8b_general.asm
                   NEXT_F   0x0003e8    program     static C:\Users\alber\Documents\GITHUB\LS-SDM-P1-2022\LS-SDM-P1-2022.X\newpic_8b_general.asm
                   NEXT_G   0x0003f8    program     static C:\Users\alber\Documents\GITHUB\LS-SDM-P1-2022\LS-SDM-P1-2022.X\newpic_8b_general.asm
                   NEXT_A   0x000408    program     static C:\Users\alber\Documents\GITHUB\LS-SDM-P1-2022\LS-SDM-P1-2022.X\newpic_8b_general.asm
                   NEXT_B   0x000418    program     static C:\Users\alber\Documents\GITHUB\LS-SDM-P1-2022\LS-SDM-P1-2022.X\newpic_8b_general.asm
               FAIL_INPUT   0x000428    program     static C:\Users\alber\Documents\GITHUB\LS-SDM-P1-2022\LS-SDM-P1-2022.X\newpic_8b_general.asm
              TROBAT_NOTA   0x00042a    program     static C:\Users\alber\Documents\GITHUB\LS-SDM-P1-2022\LS-SDM-P1-2022.X\newpic_8b_general.asm
            LOOP_ESPERA_X   0x00042e    program     static C:\Users\alber\Documents\GITHUB\LS-SDM-P1-2022\LS-SDM-P1-2022.X\newpic_8b_general.asm
          LOOP_ESPERA_X_2   0x000432    program     static C:\Users\alber\Documents\GITHUB\LS-SDM-P1-2022\LS-SDM-P1-2022.X\newpic_8b_general.asm
          LOOP_ESPERA_X_3   0x000436    program     static C:\Users\alber\Documents\GITHUB\LS-SDM-P1-2022\LS-SDM-P1-2022.X\newpic_8b_general.asm
      LOOP_ESPERA_BAIXADA   0x000456    program     static C:\Users\alber\Documents\GITHUB\LS-SDM-P1-2022\LS-SDM-P1-2022.X\newpic_8b_general.asm
    LOOP_ESPERA_BAIXADA_2   0x00045a    program     static C:\Users\alber\Documents\GITHUB\LS-SDM-P1-2022\LS-SDM-P1-2022.X\newpic_8b_general.asm
    LOOP_ESPERA_BAIXADA_3   0x00045e    program     static C:\Users\alber\Documents\GITHUB\LS-SDM-P1-2022\LS-SDM-P1-2022.X\newpic_8b_general.asm
                  ENVIA_K   0x000476    program     static C:\Users\alber\Documents\GITHUB\LS-SDM-P1-2022\LS-SDM-P1-2022.X\newpic_8b_general.asm
    FUNCIO_MODE_AUTOMATIC   0x000480    program     static C:\Users\alber\Documents\GITHUB\LS-SDM-P1-2022\LS-SDM-P1-2022.X\newpic_8b_general.asm
    REPRODUINT_AUTO_BUCLE   0x000490    program     static C:\Users\alber\Documents\GITHUB\LS-SDM-P1-2022\LS-SDM-P1-2022.X\newpic_8b_general.asm
                  FI_SONG   0x0004a0    program     static C:\Users\alber\Documents\GITHUB\LS-SDM-P1-2022\LS-SDM-P1-2022.X\newpic_8b_general.asm
            PRE_AUTO_MODE   0x0004a4    program     static C:\Users\alber\Documents\GITHUB\LS-SDM-P1-2022\LS-SDM-P1-2022.X\newpic_8b_general.asm
PRE_AUTO_MODE_CHECK_PLAY_BUTTON   0x0004b2    program     static C:\Users\alber\Documents\GITHUB\LS-SDM-P1-2022\LS-SDM-P1-2022.X\newpic_8b_general.asm
  PRE_AUTO_MODE_CHECK_PIR   0x0004b8    program     static C:\Users\alber\Documents\GITHUB\LS-SDM-P1-2022\LS-SDM-P1-2022.X\newpic_8b_general.asm
CONTROL_REBOTS_PLAY_BUTTON   0x0004d0    program     static C:\Users\alber\Documents\GITHUB\LS-SDM-P1-2022\LS-SDM-P1-2022.X\newpic_8b_general.asm
CONTROL_REBOTS_PLAY_BUTTON_DESCL   0x0004dc    program     static C:\Users\alber\Documents\GITHUB\LS-SDM-P1-2022\LS-SDM-P1-2022.X\newpic_8b_general.asm
CONTROL_REBOTS_PLAY_BUTTON_BAIXA   0x0004e2    program     static C:\Users\alber\Documents\GITHUB\LS-SDM-P1-2022\LS-SDM-P1-2022.X\newpic_8b_general.asm
            ESPERA_meitat   0x0004f2    program     static C:\Users\alber\Documents\GITHUB\LS-SDM-P1-2022\LS-SDM-P1-2022.X\newpic_8b_general.asm
                BUCLE_D_1   0x0004f4    program     static C:\Users\alber\Documents\GITHUB\LS-SDM-P1-2022\LS-SDM-P1-2022.X\newpic_8b_general.asm
               BUCLE2_D_1   0x0004f6    program     static C:\Users\alber\Documents\GITHUB\LS-SDM-P1-2022\LS-SDM-P1-2022.X\newpic_8b_general.asm
            PLAY_RAM_SONG   0x000504    program     static C:\Users\alber\Documents\GITHUB\LS-SDM-P1-2022\LS-SDM-P1-2022.X\newpic_8b_general.asm
                     MAIN   0x000506    program     static C:\Users\alber\Documents\GITHUB\LS-SDM-P1-2022\LS-SDM-P1-2022.X\newpic_8b_general.asm
                LOOP_MAIN   0x00051e    program     static C:\Users\alber\Documents\GITHUB\LS-SDM-P1-2022\LS-SDM-P1-2022.X\newpic_8b_general.asm
            END_LOOP_MAIN   0x000528    program     static C:\Users\alber\Documents\GITHUB\LS-SDM-P1-2022\LS-SDM-P1-2022.X\newpic_8b_general.asm


