MPLINK 5.09, LINKER
Linker Map File - Created Wed Feb 23 11:37:29 2022

                                 Section Info
                  Section       Type    Address   Location Size(Bytes)
                ---------  ---------  ---------  ---------  ---------
                   .org_0       code   0x000000    program   0x000004
                   .cinit    romdata   0x000004    program   0x000002
                   .org_1       code   0x000008    program   0x000004
                   .org_2       code   0x000018    program   0x00051e
.config_300001_BUILD/DEFAULT/PRODUCTION/NEWPIC_    romdata   0x300001    program   0x000001
.config_300003_BUILD/DEFAULT/PRODUCTION/NEWPIC_    romdata   0x300003    program   0x000001
.config_300005_BUILD/DEFAULT/PRODUCTION/NEWPIC_    romdata   0x300005    program   0x000001
.config_300006_BUILD/DEFAULT/PRODUCTION/NEWPIC_    romdata   0x300006    program   0x000001



                              Program Memory Usage 
                               Start         End      
                           ---------   ---------      
                            0x000000    0x000005      
                            0x000008    0x00000b      
                            0x000018    0x000535      
                            0x300001    0x300001      
                            0x300003    0x300003      
                            0x300005    0x300006      
            1324 out of 8472 program addresses used, program memory utilization is 15%



                              Symbols - Sorted by Name
                     Name    Address   Location    Storage File                     
                ---------  ---------  ---------  --------- ---------                
               ACTION_TMR   0x0000c2    program     static C:\Users\alber\Documents\GITHUB\LS-SDM-P1-2022\LS-SDM-P1-2022.X\newpic_8b_general.asm
               BUCLE2_D_1   0x0004f8    program     static C:\Users\alber\Documents\GITHUB\LS-SDM-P1-2022\LS-SDM-P1-2022.X\newpic_8b_general.asm
                BUCLE_D_1   0x0004f6    program     static C:\Users\alber\Documents\GITHUB\LS-SDM-P1-2022\LS-SDM-P1-2022.X\newpic_8b_general.asm
         BUCLE_NETEJA_RAM   0x00038a    program     static C:\Users\alber\Documents\GITHUB\LS-SDM-P1-2022\LS-SDM-P1-2022.X\newpic_8b_general.asm
                  BUCLE_T   0x000280    program     static C:\Users\alber\Documents\GITHUB\LS-SDM-P1-2022\LS-SDM-P1-2022.X\newpic_8b_general.asm
            CARREGA_TIMER   0x0000b0    program     static C:\Users\alber\Documents\GITHUB\LS-SDM-P1-2022\LS-SDM-P1-2022.X\newpic_8b_general.asm
               CLEAN_VARS   0x000178    program     static C:\Users\alber\Documents\GITHUB\LS-SDM-P1-2022\LS-SDM-P1-2022.X\newpic_8b_general.asm
       COMPROVA_TEMPS_LOW   0x000170    program     static C:\Users\alber\Documents\GITHUB\LS-SDM-P1-2022\LS-SDM-P1-2022.X\newpic_8b_general.asm
               CONFIG_ADC   0x000094    program     static C:\Users\alber\Documents\GITHUB\LS-SDM-P1-2022\LS-SDM-P1-2022.X\newpic_8b_general.asm
        CONFIG_INTERRUPTS   0x0000ba    program     static C:\Users\alber\Documents\GITHUB\LS-SDM-P1-2022\LS-SDM-P1-2022.X\newpic_8b_general.asm
             CONFIG_PORTS   0x000022    program     static C:\Users\alber\Documents\GITHUB\LS-SDM-P1-2022\LS-SDM-P1-2022.X\newpic_8b_general.asm
             CONFIG_TIMER   0x0000a6    program     static C:\Users\alber\Documents\GITHUB\LS-SDM-P1-2022\LS-SDM-P1-2022.X\newpic_8b_general.asm
CONTROL_REBOTS_PLAY_BUTTON   0x0004d2    program     static C:\Users\alber\Documents\GITHUB\LS-SDM-P1-2022\LS-SDM-P1-2022.X\newpic_8b_general.asm
CONTROL_REBOTS_PLAY_BUTTON_BAIXA   0x0004e4    program     static C:\Users\alber\Documents\GITHUB\LS-SDM-P1-2022\LS-SDM-P1-2022.X\newpic_8b_general.asm
CONTROL_REBOTS_PLAY_BUTTON_DESCL   0x0004de    program     static C:\Users\alber\Documents\GITHUB\LS-SDM-P1-2022\LS-SDM-P1-2022.X\newpic_8b_general.asm
                 CORREGIR   0x0002c8    program     static C:\Users\alber\Documents\GITHUB\LS-SDM-P1-2022\LS-SDM-P1-2022.X\newpic_8b_general.asm
         DECREMENT_ANALOG   0x000242    program     static C:\Users\alber\Documents\GITHUB\LS-SDM-P1-2022\LS-SDM-P1-2022.X\newpic_8b_general.asm
            END_LOOP_MAIN   0x00052a    program     static C:\Users\alber\Documents\GITHUB\LS-SDM-P1-2022\LS-SDM-P1-2022.X\newpic_8b_general.asm
              ENREGISTRAR   0x000154    program     static C:\Users\alber\Documents\GITHUB\LS-SDM-P1-2022\LS-SDM-P1-2022.X\newpic_8b_general.asm
                  ENVIA_K   0x000478    program     static C:\Users\alber\Documents\GITHUB\LS-SDM-P1-2022\LS-SDM-P1-2022.X\newpic_8b_general.asm
         ESPERA_CONVERSIO   0x000276    program     static C:\Users\alber\Documents\GITHUB\LS-SDM-P1-2022\LS-SDM-P1-2022.X\newpic_8b_general.asm
ESPERA_DESCLICAR_CANVI_A_AUTO   0x0001dc    program     static C:\Users\alber\Documents\GITHUB\LS-SDM-P1-2022\LS-SDM-P1-2022.X\newpic_8b_general.asm
ESPERA_DESCLICAR_CANVI_A_MANUAL   0x0001f2    program     static C:\Users\alber\Documents\GITHUB\LS-SDM-P1-2022\LS-SDM-P1-2022.X\newpic_8b_general.asm
ESPERA_DESCLICAR_MODE_TOCAR   0x00036e    program     static C:\Users\alber\Documents\GITHUB\LS-SDM-P1-2022\LS-SDM-P1-2022.X\newpic_8b_general.asm
             ESPERA_GRAUS   0x000124    program     static C:\Users\alber\Documents\GITHUB\LS-SDM-P1-2022\LS-SDM-P1-2022.X\newpic_8b_general.asm
            ESPERA_GRAUS2   0x000148    program     static C:\Users\alber\Documents\GITHUB\LS-SDM-P1-2022\LS-SDM-P1-2022.X\newpic_8b_general.asm
                ESPERA_TX   0x000398    program     static C:\Users\alber\Documents\GITHUB\LS-SDM-P1-2022\LS-SDM-P1-2022.X\newpic_8b_general.asm
            ESPERA_meitat   0x0004f4    program     static C:\Users\alber\Documents\GITHUB\LS-SDM-P1-2022\LS-SDM-P1-2022.X\newpic_8b_general.asm
               FAIL_INPUT   0x00042a    program     static C:\Users\alber\Documents\GITHUB\LS-SDM-P1-2022\LS-SDM-P1-2022.X\newpic_8b_general.asm
                  FINAL_T   0x0002c0    program     static C:\Users\alber\Documents\GITHUB\LS-SDM-P1-2022\LS-SDM-P1-2022.X\newpic_8b_general.asm
                  FI_SONG   0x0004a2    program     static C:\Users\alber\Documents\GITHUB\LS-SDM-P1-2022\LS-SDM-P1-2022.X\newpic_8b_general.asm
    FUNCIO_MODE_AUTOMATIC   0x000482    program     static C:\Users\alber\Documents\GITHUB\LS-SDM-P1-2022\LS-SDM-P1-2022.X\newpic_8b_general.asm
       FUNCIO_MODE_MANUAL   0x00017e    program     static C:\Users\alber\Documents\GITHUB\LS-SDM-P1-2022\LS-SDM-P1-2022.X\newpic_8b_general.asm
                 HIGH_RSI   0x00001a    program     static C:\Users\alber\Documents\GITHUB\LS-SDM-P1-2022\LS-SDM-P1-2022.X\newpic_8b_general.asm
          INCREMENTA_HIGH   0x0000e8    program     static C:\Users\alber\Documents\GITHUB\LS-SDM-P1-2022\LS-SDM-P1-2022.X\newpic_8b_general.asm
           INCREMENTA_LOW   0x0000f0    program     static C:\Users\alber\Documents\GITHUB\LS-SDM-P1-2022\LS-SDM-P1-2022.X\newpic_8b_general.asm
           INCREMENTA_VAR   0x0000fc    program     static C:\Users\alber\Documents\GITHUB\LS-SDM-P1-2022\LS-SDM-P1-2022.X\newpic_8b_general.asm
         INCREMENT_ANALOG   0x000220    program     static C:\Users\alber\Documents\GITHUB\LS-SDM-P1-2022\LS-SDM-P1-2022.X\newpic_8b_general.asm
              INIT_EUSART   0x000080    program     static C:\Users\alber\Documents\GITHUB\LS-SDM-P1-2022\LS-SDM-P1-2022.X\newpic_8b_general.asm
                INIT_VARS   0x000046    program     static C:\Users\alber\Documents\GITHUB\LS-SDM-P1-2022\LS-SDM-P1-2022.X\newpic_8b_general.asm
              LOOP_ANALOG   0x000202    program     static C:\Users\alber\Documents\GITHUB\LS-SDM-P1-2022\LS-SDM-P1-2022.X\newpic_8b_general.asm
              LOOP_CONVER   0x000204    program     static C:\Users\alber\Documents\GITHUB\LS-SDM-P1-2022\LS-SDM-P1-2022.X\newpic_8b_general.asm
               LOOP_CWAIT   0x00022c    program     static C:\Users\alber\Documents\GITHUB\LS-SDM-P1-2022\LS-SDM-P1-2022.X\newpic_8b_general.asm
               LOOP_DWAIT   0x00024e    program     static C:\Users\alber\Documents\GITHUB\LS-SDM-P1-2022\LS-SDM-P1-2022.X\newpic_8b_general.asm
           LOOP_ESPERAPWM   0x000112    program     static C:\Users\alber\Documents\GITHUB\LS-SDM-P1-2022\LS-SDM-P1-2022.X\newpic_8b_general.asm
          LOOP_ESPERAPWM2   0x000136    program     static C:\Users\alber\Documents\GITHUB\LS-SDM-P1-2022\LS-SDM-P1-2022.X\newpic_8b_general.asm
      LOOP_ESPERA_BAIXADA   0x000458    program     static C:\Users\alber\Documents\GITHUB\LS-SDM-P1-2022\LS-SDM-P1-2022.X\newpic_8b_general.asm
    LOOP_ESPERA_BAIXADA_2   0x00045c    program     static C:\Users\alber\Documents\GITHUB\LS-SDM-P1-2022\LS-SDM-P1-2022.X\newpic_8b_general.asm
    LOOP_ESPERA_BAIXADA_3   0x000460    program     static C:\Users\alber\Documents\GITHUB\LS-SDM-P1-2022\LS-SDM-P1-2022.X\newpic_8b_general.asm
            LOOP_ESPERA_X   0x000430    program     static C:\Users\alber\Documents\GITHUB\LS-SDM-P1-2022\LS-SDM-P1-2022.X\newpic_8b_general.asm
          LOOP_ESPERA_X_2   0x000434    program     static C:\Users\alber\Documents\GITHUB\LS-SDM-P1-2022\LS-SDM-P1-2022.X\newpic_8b_general.asm
          LOOP_ESPERA_X_3   0x000438    program     static C:\Users\alber\Documents\GITHUB\LS-SDM-P1-2022\LS-SDM-P1-2022.X\newpic_8b_general.asm
               LOOP_GRAUS   0x000128    program     static C:\Users\alber\Documents\GITHUB\LS-SDM-P1-2022\LS-SDM-P1-2022.X\newpic_8b_general.asm
              LOOP_GRAUS2   0x00014c    program     static C:\Users\alber\Documents\GITHUB\LS-SDM-P1-2022\LS-SDM-P1-2022.X\newpic_8b_general.asm
                LOOP_MAIN   0x000520    program     static C:\Users\alber\Documents\GITHUB\LS-SDM-P1-2022\LS-SDM-P1-2022.X\newpic_8b_general.asm
                LOOP_WAIT   0x00022a    program     static C:\Users\alber\Documents\GITHUB\LS-SDM-P1-2022\LS-SDM-P1-2022.X\newpic_8b_general.asm
               LOOP_WAITD   0x00024c    program     static C:\Users\alber\Documents\GITHUB\LS-SDM-P1-2022\LS-SDM-P1-2022.X\newpic_8b_general.asm
                     MAIN   0x000508    program     static C:\Users\alber\Documents\GITHUB\LS-SDM-P1-2022\LS-SDM-P1-2022.X\newpic_8b_general.asm
        MIRA_MODE_ENTRADA   0x00035a    program     static C:\Users\alber\Documents\GITHUB\LS-SDM-P1-2022\LS-SDM-P1-2022.X\newpic_8b_general.asm
             MOSTRAR_NOTA   0x0002ce    program     static C:\Users\alber\Documents\GITHUB\LS-SDM-P1-2022\LS-SDM-P1-2022.X\newpic_8b_general.asm
                 MOSTRA_A   0x00030a    program     static C:\Users\alber\Documents\GITHUB\LS-SDM-P1-2022\LS-SDM-P1-2022.X\newpic_8b_general.asm
                 MOSTRA_B   0x000314    program     static C:\Users\alber\Documents\GITHUB\LS-SDM-P1-2022\LS-SDM-P1-2022.X\newpic_8b_general.asm
                 MOSTRA_C   0x00031e    program     static C:\Users\alber\Documents\GITHUB\LS-SDM-P1-2022\LS-SDM-P1-2022.X\newpic_8b_general.asm
           MOSTRA_C_MENOR   0x000350    program     static C:\Users\alber\Documents\GITHUB\LS-SDM-P1-2022\LS-SDM-P1-2022.X\newpic_8b_general.asm
                 MOSTRA_D   0x000328    program     static C:\Users\alber\Documents\GITHUB\LS-SDM-P1-2022\LS-SDM-P1-2022.X\newpic_8b_general.asm
                 MOSTRA_E   0x000332    program     static C:\Users\alber\Documents\GITHUB\LS-SDM-P1-2022\LS-SDM-P1-2022.X\newpic_8b_general.asm
                 MOSTRA_F   0x00033c    program     static C:\Users\alber\Documents\GITHUB\LS-SDM-P1-2022\LS-SDM-P1-2022.X\newpic_8b_general.asm
                 MOSTRA_G   0x000346    program     static C:\Users\alber\Documents\GITHUB\LS-SDM-P1-2022\LS-SDM-P1-2022.X\newpic_8b_general.asm
     MOVIMENT_JAVA_MANUAL   0x0003a0    program     static C:\Users\alber\Documents\GITHUB\LS-SDM-P1-2022\LS-SDM-P1-2022.X\newpic_8b_general.asm
        MOVIMENT_JOYSTICK   0x0001fa    program     static C:\Users\alber\Documents\GITHUB\LS-SDM-P1-2022\LS-SDM-P1-2022.X\newpic_8b_general.asm
                     NEXT   0x0000f2    program     static C:\Users\alber\Documents\GITHUB\LS-SDM-P1-2022\LS-SDM-P1-2022.X\newpic_8b_general.asm
                   NEXT_A   0x00040a    program     static C:\Users\alber\Documents\GITHUB\LS-SDM-P1-2022\LS-SDM-P1-2022.X\newpic_8b_general.asm
                   NEXT_B   0x00041a    program     static C:\Users\alber\Documents\GITHUB\LS-SDM-P1-2022\LS-SDM-P1-2022.X\newpic_8b_general.asm
                   NEXT_C   0x0003ba    program     static C:\Users\alber\Documents\GITHUB\LS-SDM-P1-2022\LS-SDM-P1-2022.X\newpic_8b_general.asm
                   NEXT_D   0x0003ca    program     static C:\Users\alber\Documents\GITHUB\LS-SDM-P1-2022\LS-SDM-P1-2022.X\newpic_8b_general.asm
                   NEXT_E   0x0003da    program     static C:\Users\alber\Documents\GITHUB\LS-SDM-P1-2022\LS-SDM-P1-2022.X\newpic_8b_general.asm
                   NEXT_F   0x0003ea    program     static C:\Users\alber\Documents\GITHUB\LS-SDM-P1-2022\LS-SDM-P1-2022.X\newpic_8b_general.asm
                   NEXT_G   0x0003fa    program     static C:\Users\alber\Documents\GITHUB\LS-SDM-P1-2022\LS-SDM-P1-2022.X\newpic_8b_general.asm
               PICAR_NOTA   0x000270    program     static C:\Users\alber\Documents\GITHUB\LS-SDM-P1-2022\LS-SDM-P1-2022.X\newpic_8b_general.asm
            PLAY_RAM_SONG   0x000506    program     static C:\Users\alber\Documents\GITHUB\LS-SDM-P1-2022\LS-SDM-P1-2022.X\newpic_8b_general.asm
                POLLANCRE   0x000192    program     static C:\Users\alber\Documents\GITHUB\LS-SDM-P1-2022\LS-SDM-P1-2022.X\newpic_8b_general.asm
POLSADOR_REBOTS_CANVI_A_AUTO   0x0001ce    program     static C:\Users\alber\Documents\GITHUB\LS-SDM-P1-2022\LS-SDM-P1-2022.X\newpic_8b_general.asm
POLSADOR_REBOTS_CANVI_A_MANUAL   0x0001e4    program     static C:\Users\alber\Documents\GITHUB\LS-SDM-P1-2022\LS-SDM-P1-2022.X\newpic_8b_general.asm
            PRE_AUTO_MODE   0x0004a6    program     static C:\Users\alber\Documents\GITHUB\LS-SDM-P1-2022\LS-SDM-P1-2022.X\newpic_8b_general.asm
  PRE_AUTO_MODE_CHECK_PIR   0x0004ba    program     static C:\Users\alber\Documents\GITHUB\LS-SDM-P1-2022\LS-SDM-P1-2022.X\newpic_8b_general.asm
PRE_AUTO_MODE_CHECK_PLAY_BUTTON   0x0004b4    program     static C:\Users\alber\Documents\GITHUB\LS-SDM-P1-2022\LS-SDM-P1-2022.X\newpic_8b_general.asm
                      PWM   0x00010c    program     static C:\Users\alber\Documents\GITHUB\LS-SDM-P1-2022\LS-SDM-P1-2022.X\newpic_8b_general.asm
                     PWM2   0x000130    program     static C:\Users\alber\Documents\GITHUB\LS-SDM-P1-2022\LS-SDM-P1-2022.X\newpic_8b_general.asm
                   RECORD   0x000380    program     static C:\Users\alber\Documents\GITHUB\LS-SDM-P1-2022\LS-SDM-P1-2022.X\newpic_8b_general.asm
    REPRODUINT_AUTO_BUCLE   0x000492    program     static C:\Users\alber\Documents\GITHUB\LS-SDM-P1-2022\LS-SDM-P1-2022.X\newpic_8b_general.asm
                RESET_VAR   0x000108    program     static C:\Users\alber\Documents\GITHUB\LS-SDM-P1-2022\LS-SDM-P1-2022.X\newpic_8b_general.asm
                    RESTA   0x00026a    program     static C:\Users\alber\Documents\GITHUB\LS-SDM-P1-2022\LS-SDM-P1-2022.X\newpic_8b_general.asm
                     SUMA   0x000264    program     static C:\Users\alber\Documents\GITHUB\LS-SDM-P1-2022\LS-SDM-P1-2022.X\newpic_8b_general.asm
              TROBAT_NOTA   0x00042c    program     static C:\Users\alber\Documents\GITHUB\LS-SDM-P1-2022\LS-SDM-P1-2022.X\newpic_8b_general.asm
                 T_TROBAT   0x0002aa    program     static C:\Users\alber\Documents\GITHUB\LS-SDM-P1-2022\LS-SDM-P1-2022.X\newpic_8b_general.asm
                     VERD   0x000188    program     static C:\Users\alber\Documents\GITHUB\LS-SDM-P1-2022\LS-SDM-P1-2022.X\newpic_8b_general.asm
                  VERMELL   0x00018e    program     static C:\Users\alber\Documents\GITHUB\LS-SDM-P1-2022\LS-SDM-P1-2022.X\newpic_8b_general.asm



                              Symbols - Sorted by Address
                     Name    Address   Location    Storage File                     
                ---------  ---------  ---------  --------- ---------                
                 HIGH_RSI   0x00001a    program     static C:\Users\alber\Documents\GITHUB\LS-SDM-P1-2022\LS-SDM-P1-2022.X\newpic_8b_general.asm
             CONFIG_PORTS   0x000022    program     static C:\Users\alber\Documents\GITHUB\LS-SDM-P1-2022\LS-SDM-P1-2022.X\newpic_8b_general.asm
                INIT_VARS   0x000046    program     static C:\Users\alber\Documents\GITHUB\LS-SDM-P1-2022\LS-SDM-P1-2022.X\newpic_8b_general.asm
              INIT_EUSART   0x000080    program     static C:\Users\alber\Documents\GITHUB\LS-SDM-P1-2022\LS-SDM-P1-2022.X\newpic_8b_general.asm
               CONFIG_ADC   0x000094    program     static C:\Users\alber\Documents\GITHUB\LS-SDM-P1-2022\LS-SDM-P1-2022.X\newpic_8b_general.asm
             CONFIG_TIMER   0x0000a6    program     static C:\Users\alber\Documents\GITHUB\LS-SDM-P1-2022\LS-SDM-P1-2022.X\newpic_8b_general.asm
            CARREGA_TIMER   0x0000b0    program     static C:\Users\alber\Documents\GITHUB\LS-SDM-P1-2022\LS-SDM-P1-2022.X\newpic_8b_general.asm
        CONFIG_INTERRUPTS   0x0000ba    program     static C:\Users\alber\Documents\GITHUB\LS-SDM-P1-2022\LS-SDM-P1-2022.X\newpic_8b_general.asm
               ACTION_TMR   0x0000c2    program     static C:\Users\alber\Documents\GITHUB\LS-SDM-P1-2022\LS-SDM-P1-2022.X\newpic_8b_general.asm
          INCREMENTA_HIGH   0x0000e8    program     static C:\Users\alber\Documents\GITHUB\LS-SDM-P1-2022\LS-SDM-P1-2022.X\newpic_8b_general.asm
           INCREMENTA_LOW   0x0000f0    program     static C:\Users\alber\Documents\GITHUB\LS-SDM-P1-2022\LS-SDM-P1-2022.X\newpic_8b_general.asm
                     NEXT   0x0000f2    program     static C:\Users\alber\Documents\GITHUB\LS-SDM-P1-2022\LS-SDM-P1-2022.X\newpic_8b_general.asm
           INCREMENTA_VAR   0x0000fc    program     static C:\Users\alber\Documents\GITHUB\LS-SDM-P1-2022\LS-SDM-P1-2022.X\newpic_8b_general.asm
                RESET_VAR   0x000108    program     static C:\Users\alber\Documents\GITHUB\LS-SDM-P1-2022\LS-SDM-P1-2022.X\newpic_8b_general.asm
                      PWM   0x00010c    program     static C:\Users\alber\Documents\GITHUB\LS-SDM-P1-2022\LS-SDM-P1-2022.X\newpic_8b_general.asm
           LOOP_ESPERAPWM   0x000112    program     static C:\Users\alber\Documents\GITHUB\LS-SDM-P1-2022\LS-SDM-P1-2022.X\newpic_8b_general.asm
             ESPERA_GRAUS   0x000124    program     static C:\Users\alber\Documents\GITHUB\LS-SDM-P1-2022\LS-SDM-P1-2022.X\newpic_8b_general.asm
               LOOP_GRAUS   0x000128    program     static C:\Users\alber\Documents\GITHUB\LS-SDM-P1-2022\LS-SDM-P1-2022.X\newpic_8b_general.asm
                     PWM2   0x000130    program     static C:\Users\alber\Documents\GITHUB\LS-SDM-P1-2022\LS-SDM-P1-2022.X\newpic_8b_general.asm
          LOOP_ESPERAPWM2   0x000136    program     static C:\Users\alber\Documents\GITHUB\LS-SDM-P1-2022\LS-SDM-P1-2022.X\newpic_8b_general.asm
            ESPERA_GRAUS2   0x000148    program     static C:\Users\alber\Documents\GITHUB\LS-SDM-P1-2022\LS-SDM-P1-2022.X\newpic_8b_general.asm
              LOOP_GRAUS2   0x00014c    program     static C:\Users\alber\Documents\GITHUB\LS-SDM-P1-2022\LS-SDM-P1-2022.X\newpic_8b_general.asm
              ENREGISTRAR   0x000154    program     static C:\Users\alber\Documents\GITHUB\LS-SDM-P1-2022\LS-SDM-P1-2022.X\newpic_8b_general.asm
       COMPROVA_TEMPS_LOW   0x000170    program     static C:\Users\alber\Documents\GITHUB\LS-SDM-P1-2022\LS-SDM-P1-2022.X\newpic_8b_general.asm
               CLEAN_VARS   0x000178    program     static C:\Users\alber\Documents\GITHUB\LS-SDM-P1-2022\LS-SDM-P1-2022.X\newpic_8b_general.asm
       FUNCIO_MODE_MANUAL   0x00017e    program     static C:\Users\alber\Documents\GITHUB\LS-SDM-P1-2022\LS-SDM-P1-2022.X\newpic_8b_general.asm
                     VERD   0x000188    program     static C:\Users\alber\Documents\GITHUB\LS-SDM-P1-2022\LS-SDM-P1-2022.X\newpic_8b_general.asm
                  VERMELL   0x00018e    program     static C:\Users\alber\Documents\GITHUB\LS-SDM-P1-2022\LS-SDM-P1-2022.X\newpic_8b_general.asm
                POLLANCRE   0x000192    program     static C:\Users\alber\Documents\GITHUB\LS-SDM-P1-2022\LS-SDM-P1-2022.X\newpic_8b_general.asm
POLSADOR_REBOTS_CANVI_A_AUTO   0x0001ce    program     static C:\Users\alber\Documents\GITHUB\LS-SDM-P1-2022\LS-SDM-P1-2022.X\newpic_8b_general.asm
ESPERA_DESCLICAR_CANVI_A_AUTO   0x0001dc    program     static C:\Users\alber\Documents\GITHUB\LS-SDM-P1-2022\LS-SDM-P1-2022.X\newpic_8b_general.asm
POLSADOR_REBOTS_CANVI_A_MANUAL   0x0001e4    program     static C:\Users\alber\Documents\GITHUB\LS-SDM-P1-2022\LS-SDM-P1-2022.X\newpic_8b_general.asm
ESPERA_DESCLICAR_CANVI_A_MANUAL   0x0001f2    program     static C:\Users\alber\Documents\GITHUB\LS-SDM-P1-2022\LS-SDM-P1-2022.X\newpic_8b_general.asm
        MOVIMENT_JOYSTICK   0x0001fa    program     static C:\Users\alber\Documents\GITHUB\LS-SDM-P1-2022\LS-SDM-P1-2022.X\newpic_8b_general.asm
              LOOP_ANALOG   0x000202    program     static C:\Users\alber\Documents\GITHUB\LS-SDM-P1-2022\LS-SDM-P1-2022.X\newpic_8b_general.asm
              LOOP_CONVER   0x000204    program     static C:\Users\alber\Documents\GITHUB\LS-SDM-P1-2022\LS-SDM-P1-2022.X\newpic_8b_general.asm
         INCREMENT_ANALOG   0x000220    program     static C:\Users\alber\Documents\GITHUB\LS-SDM-P1-2022\LS-SDM-P1-2022.X\newpic_8b_general.asm
                LOOP_WAIT   0x00022a    program     static C:\Users\alber\Documents\GITHUB\LS-SDM-P1-2022\LS-SDM-P1-2022.X\newpic_8b_general.asm
               LOOP_CWAIT   0x00022c    program     static C:\Users\alber\Documents\GITHUB\LS-SDM-P1-2022\LS-SDM-P1-2022.X\newpic_8b_general.asm
         DECREMENT_ANALOG   0x000242    program     static C:\Users\alber\Documents\GITHUB\LS-SDM-P1-2022\LS-SDM-P1-2022.X\newpic_8b_general.asm
               LOOP_WAITD   0x00024c    program     static C:\Users\alber\Documents\GITHUB\LS-SDM-P1-2022\LS-SDM-P1-2022.X\newpic_8b_general.asm
               LOOP_DWAIT   0x00024e    program     static C:\Users\alber\Documents\GITHUB\LS-SDM-P1-2022\LS-SDM-P1-2022.X\newpic_8b_general.asm
                     SUMA   0x000264    program     static C:\Users\alber\Documents\GITHUB\LS-SDM-P1-2022\LS-SDM-P1-2022.X\newpic_8b_general.asm
                    RESTA   0x00026a    program     static C:\Users\alber\Documents\GITHUB\LS-SDM-P1-2022\LS-SDM-P1-2022.X\newpic_8b_general.asm
               PICAR_NOTA   0x000270    program     static C:\Users\alber\Documents\GITHUB\LS-SDM-P1-2022\LS-SDM-P1-2022.X\newpic_8b_general.asm
         ESPERA_CONVERSIO   0x000276    program     static C:\Users\alber\Documents\GITHUB\LS-SDM-P1-2022\LS-SDM-P1-2022.X\newpic_8b_general.asm
                  BUCLE_T   0x000280    program     static C:\Users\alber\Documents\GITHUB\LS-SDM-P1-2022\LS-SDM-P1-2022.X\newpic_8b_general.asm
                 T_TROBAT   0x0002aa    program     static C:\Users\alber\Documents\GITHUB\LS-SDM-P1-2022\LS-SDM-P1-2022.X\newpic_8b_general.asm
                  FINAL_T   0x0002c0    program     static C:\Users\alber\Documents\GITHUB\LS-SDM-P1-2022\LS-SDM-P1-2022.X\newpic_8b_general.asm
                 CORREGIR   0x0002c8    program     static C:\Users\alber\Documents\GITHUB\LS-SDM-P1-2022\LS-SDM-P1-2022.X\newpic_8b_general.asm
             MOSTRAR_NOTA   0x0002ce    program     static C:\Users\alber\Documents\GITHUB\LS-SDM-P1-2022\LS-SDM-P1-2022.X\newpic_8b_general.asm
                 MOSTRA_A   0x00030a    program     static C:\Users\alber\Documents\GITHUB\LS-SDM-P1-2022\LS-SDM-P1-2022.X\newpic_8b_general.asm
                 MOSTRA_B   0x000314    program     static C:\Users\alber\Documents\GITHUB\LS-SDM-P1-2022\LS-SDM-P1-2022.X\newpic_8b_general.asm
                 MOSTRA_C   0x00031e    program     static C:\Users\alber\Documents\GITHUB\LS-SDM-P1-2022\LS-SDM-P1-2022.X\newpic_8b_general.asm
                 MOSTRA_D   0x000328    program     static C:\Users\alber\Documents\GITHUB\LS-SDM-P1-2022\LS-SDM-P1-2022.X\newpic_8b_general.asm
                 MOSTRA_E   0x000332    program     static C:\Users\alber\Documents\GITHUB\LS-SDM-P1-2022\LS-SDM-P1-2022.X\newpic_8b_general.asm
                 MOSTRA_F   0x00033c    program     static C:\Users\alber\Documents\GITHUB\LS-SDM-P1-2022\LS-SDM-P1-2022.X\newpic_8b_general.asm
                 MOSTRA_G   0x000346    program     static C:\Users\alber\Documents\GITHUB\LS-SDM-P1-2022\LS-SDM-P1-2022.X\newpic_8b_general.asm
           MOSTRA_C_MENOR   0x000350    program     static C:\Users\alber\Documents\GITHUB\LS-SDM-P1-2022\LS-SDM-P1-2022.X\newpic_8b_general.asm
        MIRA_MODE_ENTRADA   0x00035a    program     static C:\Users\alber\Documents\GITHUB\LS-SDM-P1-2022\LS-SDM-P1-2022.X\newpic_8b_general.asm
ESPERA_DESCLICAR_MODE_TOCAR   0x00036e    program     static C:\Users\alber\Documents\GITHUB\LS-SDM-P1-2022\LS-SDM-P1-2022.X\newpic_8b_general.asm
                   RECORD   0x000380    program     static C:\Users\alber\Documents\GITHUB\LS-SDM-P1-2022\LS-SDM-P1-2022.X\newpic_8b_general.asm
         BUCLE_NETEJA_RAM   0x00038a    program     static C:\Users\alber\Documents\GITHUB\LS-SDM-P1-2022\LS-SDM-P1-2022.X\newpic_8b_general.asm
                ESPERA_TX   0x000398    program     static C:\Users\alber\Documents\GITHUB\LS-SDM-P1-2022\LS-SDM-P1-2022.X\newpic_8b_general.asm
     MOVIMENT_JAVA_MANUAL   0x0003a0    program     static C:\Users\alber\Documents\GITHUB\LS-SDM-P1-2022\LS-SDM-P1-2022.X\newpic_8b_general.asm
                   NEXT_C   0x0003ba    program     static C:\Users\alber\Documents\GITHUB\LS-SDM-P1-2022\LS-SDM-P1-2022.X\newpic_8b_general.asm
                   NEXT_D   0x0003ca    program     static C:\Users\alber\Documents\GITHUB\LS-SDM-P1-2022\LS-SDM-P1-2022.X\newpic_8b_general.asm
                   NEXT_E   0x0003da    program     static C:\Users\alber\Documents\GITHUB\LS-SDM-P1-2022\LS-SDM-P1-2022.X\newpic_8b_general.asm
                   NEXT_F   0x0003ea    program     static C:\Users\alber\Documents\GITHUB\LS-SDM-P1-2022\LS-SDM-P1-2022.X\newpic_8b_general.asm
                   NEXT_G   0x0003fa    program     static C:\Users\alber\Documents\GITHUB\LS-SDM-P1-2022\LS-SDM-P1-2022.X\newpic_8b_general.asm
                   NEXT_A   0x00040a    program     static C:\Users\alber\Documents\GITHUB\LS-SDM-P1-2022\LS-SDM-P1-2022.X\newpic_8b_general.asm
                   NEXT_B   0x00041a    program     static C:\Users\alber\Documents\GITHUB\LS-SDM-P1-2022\LS-SDM-P1-2022.X\newpic_8b_general.asm
               FAIL_INPUT   0x00042a    program     static C:\Users\alber\Documents\GITHUB\LS-SDM-P1-2022\LS-SDM-P1-2022.X\newpic_8b_general.asm
              TROBAT_NOTA   0x00042c    program     static C:\Users\alber\Documents\GITHUB\LS-SDM-P1-2022\LS-SDM-P1-2022.X\newpic_8b_general.asm
            LOOP_ESPERA_X   0x000430    program     static C:\Users\alber\Documents\GITHUB\LS-SDM-P1-2022\LS-SDM-P1-2022.X\newpic_8b_general.asm
          LOOP_ESPERA_X_2   0x000434    program     static C:\Users\alber\Documents\GITHUB\LS-SDM-P1-2022\LS-SDM-P1-2022.X\newpic_8b_general.asm
          LOOP_ESPERA_X_3   0x000438    program     static C:\Users\alber\Documents\GITHUB\LS-SDM-P1-2022\LS-SDM-P1-2022.X\newpic_8b_general.asm
      LOOP_ESPERA_BAIXADA   0x000458    program     static C:\Users\alber\Documents\GITHUB\LS-SDM-P1-2022\LS-SDM-P1-2022.X\newpic_8b_general.asm
    LOOP_ESPERA_BAIXADA_2   0x00045c    program     static C:\Users\alber\Documents\GITHUB\LS-SDM-P1-2022\LS-SDM-P1-2022.X\newpic_8b_general.asm
    LOOP_ESPERA_BAIXADA_3   0x000460    program     static C:\Users\alber\Documents\GITHUB\LS-SDM-P1-2022\LS-SDM-P1-2022.X\newpic_8b_general.asm
                  ENVIA_K   0x000478    program     static C:\Users\alber\Documents\GITHUB\LS-SDM-P1-2022\LS-SDM-P1-2022.X\newpic_8b_general.asm
    FUNCIO_MODE_AUTOMATIC   0x000482    program     static C:\Users\alber\Documents\GITHUB\LS-SDM-P1-2022\LS-SDM-P1-2022.X\newpic_8b_general.asm
    REPRODUINT_AUTO_BUCLE   0x000492    program     static C:\Users\alber\Documents\GITHUB\LS-SDM-P1-2022\LS-SDM-P1-2022.X\newpic_8b_general.asm
                  FI_SONG   0x0004a2    program     static C:\Users\alber\Documents\GITHUB\LS-SDM-P1-2022\LS-SDM-P1-2022.X\newpic_8b_general.asm
            PRE_AUTO_MODE   0x0004a6    program     static C:\Users\alber\Documents\GITHUB\LS-SDM-P1-2022\LS-SDM-P1-2022.X\newpic_8b_general.asm
PRE_AUTO_MODE_CHECK_PLAY_BUTTON   0x0004b4    program     static C:\Users\alber\Documents\GITHUB\LS-SDM-P1-2022\LS-SDM-P1-2022.X\newpic_8b_general.asm
  PRE_AUTO_MODE_CHECK_PIR   0x0004ba    program     static C:\Users\alber\Documents\GITHUB\LS-SDM-P1-2022\LS-SDM-P1-2022.X\newpic_8b_general.asm
CONTROL_REBOTS_PLAY_BUTTON   0x0004d2    program     static C:\Users\alber\Documents\GITHUB\LS-SDM-P1-2022\LS-SDM-P1-2022.X\newpic_8b_general.asm
CONTROL_REBOTS_PLAY_BUTTON_DESCL   0x0004de    program     static C:\Users\alber\Documents\GITHUB\LS-SDM-P1-2022\LS-SDM-P1-2022.X\newpic_8b_general.asm
CONTROL_REBOTS_PLAY_BUTTON_BAIXA   0x0004e4    program     static C:\Users\alber\Documents\GITHUB\LS-SDM-P1-2022\LS-SDM-P1-2022.X\newpic_8b_general.asm
            ESPERA_meitat   0x0004f4    program     static C:\Users\alber\Documents\GITHUB\LS-SDM-P1-2022\LS-SDM-P1-2022.X\newpic_8b_general.asm
                BUCLE_D_1   0x0004f6    program     static C:\Users\alber\Documents\GITHUB\LS-SDM-P1-2022\LS-SDM-P1-2022.X\newpic_8b_general.asm
               BUCLE2_D_1   0x0004f8    program     static C:\Users\alber\Documents\GITHUB\LS-SDM-P1-2022\LS-SDM-P1-2022.X\newpic_8b_general.asm
            PLAY_RAM_SONG   0x000506    program     static C:\Users\alber\Documents\GITHUB\LS-SDM-P1-2022\LS-SDM-P1-2022.X\newpic_8b_general.asm
                     MAIN   0x000508    program     static C:\Users\alber\Documents\GITHUB\LS-SDM-P1-2022\LS-SDM-P1-2022.X\newpic_8b_general.asm
                LOOP_MAIN   0x000520    program     static C:\Users\alber\Documents\GITHUB\LS-SDM-P1-2022\LS-SDM-P1-2022.X\newpic_8b_general.asm
            END_LOOP_MAIN   0x00052a    program     static C:\Users\alber\Documents\GITHUB\LS-SDM-P1-2022\LS-SDM-P1-2022.X\newpic_8b_general.asm


