MPLINK 5.09, LINKER
Linker Map File - Created Tue Feb 15 12:22:10 2022

                                 Section Info
                  Section       Type    Address   Location Size(Bytes)
                ---------  ---------  ---------  ---------  ---------
                   .org_0       code   0x000000    program   0x000004
                   .cinit    romdata   0x000004    program   0x000002
                   .org_1       code   0x000008    program   0x000004
                   .org_2       code   0x000018    program   0x000048
.config_300001_BUILD/DEFAULT/PRODUCTION/NEWPIC_    romdata   0x300001    program   0x000001
.config_300003_BUILD/DEFAULT/PRODUCTION/NEWPIC_    romdata   0x300003    program   0x000001
.config_300005_BUILD/DEFAULT/PRODUCTION/NEWPIC_    romdata   0x300005    program   0x000001
.config_300006_BUILD/DEFAULT/PRODUCTION/NEWPIC_    romdata   0x300006    program   0x000001



                              Program Memory Usage 
                               Start         End      
                           ---------   ---------      
                            0x000000    0x000005      
                            0x000008    0x00000b      
                            0x000018    0x00005f      
                            0x300001    0x300001      
                            0x300003    0x300003      
                            0x300005    0x300006      
            86 out of 8472 program addresses used, program memory utilization is 1%



                              Symbols - Sorted by Name
                     Name    Address   Location    Storage File                     
                ---------  ---------  ---------  --------- ---------                
         CANVIA_ESTAT_LED   0x00004a    program     static C:\Users\alber\Documents\GITHUB\LS-SDM-P1-2022\LS-SDM-P1-2022.X\newpic_8b_general.asm
                 HIGH_RSI   0x00001a    program     static C:\Users\alber\Documents\GITHUB\LS-SDM-P1-2022\LS-SDM-P1-2022.X\newpic_8b_general.asm
               INIT_PORTS   0x00001c    program     static C:\Users\alber\Documents\GITHUB\LS-SDM-P1-2022\LS-SDM-P1-2022.X\newpic_8b_general.asm
                INIT_VARS   0x000028    program     static C:\Users\alber\Documents\GITHUB\LS-SDM-P1-2022\LS-SDM-P1-2022.X\newpic_8b_general.asm
                LOOP_MAIN   0x000058    program     static C:\Users\alber\Documents\GITHUB\LS-SDM-P1-2022\LS-SDM-P1-2022.X\newpic_8b_general.asm
                     MAIN   0x000050    program     static C:\Users\alber\Documents\GITHUB\LS-SDM-P1-2022\LS-SDM-P1-2022.X\newpic_8b_general.asm



                              Symbols - Sorted by Address
                     Name    Address   Location    Storage File                     
                ---------  ---------  ---------  --------- ---------                
                 HIGH_RSI   0x00001a    program     static C:\Users\alber\Documents\GITHUB\LS-SDM-P1-2022\LS-SDM-P1-2022.X\newpic_8b_general.asm
               INIT_PORTS   0x00001c    program     static C:\Users\alber\Documents\GITHUB\LS-SDM-P1-2022\LS-SDM-P1-2022.X\newpic_8b_general.asm
                INIT_VARS   0x000028    program     static C:\Users\alber\Documents\GITHUB\LS-SDM-P1-2022\LS-SDM-P1-2022.X\newpic_8b_general.asm
         CANVIA_ESTAT_LED   0x00004a    program     static C:\Users\alber\Documents\GITHUB\LS-SDM-P1-2022\LS-SDM-P1-2022.X\newpic_8b_general.asm
                     MAIN   0x000050    program     static C:\Users\alber\Documents\GITHUB\LS-SDM-P1-2022\LS-SDM-P1-2022.X\newpic_8b_general.asm
                LOOP_MAIN   0x000058    program     static C:\Users\alber\Documents\GITHUB\LS-SDM-P1-2022\LS-SDM-P1-2022.X\newpic_8b_general.asm


